[33mThe CJS build of Vite's Node API is deprecated. See https://vite.dev/guide/troubleshooting.html#vite-cjs-node-api-deprecated for more details.[39m

[7m[1m[36m RUN [39m[22m[27m [36mv1.6.1[39m [90mC:/developer/protobooth[39m

 [32m✓[39m tests/unit/integrations/nextjs-plugin.test.ts [2m ([22m[2m11 tests[22m[2m)[22m[90m 34[2mms[22m[39m
 [32m✓[39m tests/unit/nextjs-router-discovery.test.ts [2m ([22m[2m15 tests[22m[2m)[22m[90m 42[2mms[22m[39m
 [32m✓[39m tests/unit/fixture-manager.test.ts [2m ([22m[2m18 tests[22m[2m)[22m[90m 91[2mms[22m[39m
 [32m✓[39m tests/integration/route-injection.test.ts [2m ([22m[2m16 tests[22m[2m)[22m[90m 71[2mms[22m[39m
[90mstderr[2m | tests/integration/screenshot-capture.test.ts[2m > [22m[2mScreenshot Capture Integration[2m > [22m[2mError Handling[2m > [22m[2mshould handle route discovery failures gracefully[22m[39m
[Protobooth] Route discovery error: Error: File read error
    at [90mC:\developer\protobooth\[39mtests\integration\screenshot-capture.test.ts:349:57
    at [90mfile:///C:/developer/protobooth/[39mnode_modules/[4m@vitest[24m/runner/dist/index.js:135:14
    at [90mfile:///C:/developer/protobooth/[39mnode_modules/[4m@vitest[24m/runner/dist/index.js:60:26
    at runTest [90m(file:///C:/developer/protobooth/[39mnode_modules/[4m@vitest[24m/runner/dist/index.js:781:17[90m)[39m
    at runSuite [90m(file:///C:/developer/protobooth/[39mnode_modules/[4m@vitest[24m/runner/dist/index.js:909:15[90m)[39m
    at runSuite [90m(file:///C:/developer/protobooth/[39mnode_modules/[4m@vitest[24m/runner/dist/index.js:909:15[90m)[39m
    at runSuite [90m(file:///C:/developer/protobooth/[39mnode_modules/[4m@vitest[24m/runner/dist/index.js:909:15[90m)[39m
    at runFiles [90m(file:///C:/developer/protobooth/[39mnode_modules/[4m@vitest[24m/runner/dist/index.js:958:5[90m)[39m
    at startTests [90m(file:///C:/developer/protobooth/[39mnode_modules/[4m@vitest[24m/runner/dist/index.js:967:3[90m)[39m
    at [90mfile:///C:/developer/protobooth/[39mnode_modules/[4mvitest[24m/dist/chunks/runtime-runBaseTests.oAvMKtQC.js:116:7

 [32m✓[39m tests/integration/screenshot-capture.test.ts [2m ([22m[2m12 tests[22m[2m)[22m[90m 117[2mms[22m[39m
 [32m✓[39m tests/integration/vite-route-injection.test.ts [2m ([22m[2m8 tests[22m[2m)[22m[90m 49[2mms[22m[39m
 [32m✓[39m tests/integration/nextjs-route-injection.test.ts [2m ([22m[2m12 tests[22m[2m)[22m[90m 76[2mms[22m[39m
 [32m✓[39m tests/integration/vite-functionality-validation.test.ts [2m ([22m[2m12 tests[22m[2m)[22m[90m 222[2mms[22m[39m
Deprecation [legacy-js-api]: The legacy JS API is deprecated and will be removed in Dart Sass 2.0.0.

More info: https://sass-lang.com/d/legacy-js-api
Deprecation [legacy-js-api]: The legacy JS API is deprecated and will be removed in Dart Sass 2.0.0.

More info: https://sass-lang.com/d/legacy-js-api
 [32m✓[39m tests/unit/vite-router-discovery.test.ts [2m ([22m[2m11 tests[22m[2m)[22m[90m 42[2mms[22m[39m
 [32m✓[39m tests/unit/integrations/vite-plugin.test.ts [2m ([22m[2m7 tests[22m[2m)[22m[90m 38[2mms[22m[39m
 [32m✓[39m tests/integration/file-storage-workflow.test.ts [2m ([22m[2m11 tests[22m[2m)[22m[33m 438[2mms[22m[39m
[90mstderr[2m | tests/integration/development-ui-workflow.test.tsx[2m > [22m[2mDevelopment UI Workflow Integration[2m > [22m[2m4-State Workflow Progression[2m > [22m[2mshould transition to "Reviews Requested" when Request Review is clicked[22m[39m
[Protobooth] Route discovery error: TypeError: The "path" argument must be of type string. Received undefined
[90m    at Object.join (node:path:460:7)[39m
    at DefaultRouteDiscovery.discoverRoutes [90m(C:\developer\protobooth\[39msrc\screenshot\screenshot-capture-service.ts:45:31[90m)[39m
    at ScreenshotCaptureService.captureRoutes [90m(C:\developer\protobooth\[39msrc\screenshot\screenshot-capture-service.ts:222:46[90m)[39m
[90m    at runNextTicks (node:internal/process/task_queues:65:5)[39m
[90m    at processTimers (node:internal/timers:526:9)[39m
    at [90mC:\developer\protobooth\[39msrc\ui\Resolve\hooks\useScreenshotCapture.ts:71:22
    at [90mC:\developer\protobooth\[39msrc\ui\Resolve\hooks\useResolveHandlers.ts:48:9 {
  code: [32m'ERR_INVALID_ARG_TYPE'[39m
}
Screenshot capture failed: Error: Failed to discover routes
    at DefaultRouteDiscovery.discoverRoutes [90m(C:\developer\protobooth\[39msrc\screenshot\screenshot-capture-service.ts:72:13[90m)[39m
    at ScreenshotCaptureService.captureRoutes [90m(C:\developer\protobooth\[39msrc\screenshot\screenshot-capture-service.ts:222:46[90m)[39m
[90m    at runNextTicks (node:internal/process/task_queues:65:5)[39m
[90m    at processTimers (node:internal/timers:526:9)[39m
    at [90mC:\developer\protobooth\[39msrc\ui\Resolve\hooks\useScreenshotCapture.ts:71:22
    at [90mC:\developer\protobooth\[39msrc\ui\Resolve\hooks\useResolveHandlers.ts:48:9
Failed to capture screenshots: Error: Failed to discover routes
    at DefaultRouteDiscovery.discoverRoutes [90m(C:\developer\protobooth\[39msrc\screenshot\screenshot-capture-service.ts:72:13[90m)[39m
    at ScreenshotCaptureService.captureRoutes [90m(C:\developer\protobooth\[39msrc\screenshot\screenshot-capture-service.ts:222:46[90m)[39m
[90m    at runNextTicks (node:internal/process/task_queues:65:5)[39m
[90m    at processTimers (node:internal/timers:526:9)[39m
    at [90mC:\developer\protobooth\[39msrc\ui\Resolve\hooks\useScreenshotCapture.ts:71:22
    at [90mC:\developer\protobooth\[39msrc\ui\Resolve\hooks\useResolveHandlers.ts:48:9

 [32m✓[39m tests/integration/request-review-workflow.test.ts [2m ([22m[2m4 tests[22m[2m)[22m[90m 134[2mms[22m[39m
 [32m✓[39m tests/integration/route-discovery-fixtures.test.ts [2m ([22m[2m6 tests[22m[2m)[22m[90m 262[2mms[22m[39m
[90mstderr[2m | tests/integration/development-ui-workflow.test.tsx[2m > [22m[2mDevelopment UI Workflow Integration[2m > [22m[2mRequest Review Workflow[2m > [22m[2mshould validate project configuration before requesting review[22m[39m
Screenshot capture failed: Error: Project path does not exist
    at DefaultRequestValidator.validate [90m(C:\developer\protobooth\[39msrc\screenshot\screenshot-capture-service.ts:169:15[90m)[39m
    at ScreenshotCaptureService.captureRoutes [90m(C:\developer\protobooth\[39msrc\screenshot\screenshot-capture-service.ts:219:5[90m)[39m
    at [90mC:\developer\protobooth\[39msrc\ui\Resolve\hooks\useScreenshotCapture.ts:71:22
    at [90mC:\developer\protobooth\[39msrc\ui\Resolve\hooks\useResolveHandlers.ts:48:9
Failed to capture screenshots: Error: Project path does not exist
    at DefaultRequestValidator.validate [90m(C:\developer\protobooth\[39msrc\screenshot\screenshot-capture-service.ts:169:15[90m)[39m
    at ScreenshotCaptureService.captureRoutes [90m(C:\developer\protobooth\[39msrc\screenshot\screenshot-capture-service.ts:219:5[90m)[39m
    at [90mC:\developer\protobooth\[39msrc\ui\Resolve\hooks\useScreenshotCapture.ts:71:22
    at [90mC:\developer\protobooth\[39msrc\ui\Resolve\hooks\useResolveHandlers.ts:48:9

[90mstderr[2m | tests/integration/resolve-app-annotations.test.tsx[2m > [22m[2mResolveApp - Annotation Download Workflow[2m > [22m[2mshould transition to "Submitted For Development" after download[22m[39m
Failed to parse annotation data: SyntaxError: "undefined" is not valid JSON
    at JSON.parse (<anonymous>)
    at [90mC:\developer\protobooth\[39msrc\ui\Resolve\hooks\useAnnotations.ts:34:27
    at [90mC:\developer\protobooth\[39msrc\ui\Resolve\hooks\useAnnotations.ts:138:9
    at [90mC:\developer\protobooth\[39msrc\ui\Resolve\hooks\useResolveHandlers.ts:68:7

[90mstderr[2m | tests/integration/development-ui-workflow.test.tsx[2m > [22m[2mDevelopment UI Workflow Integration[2m > [22m[2mRequest Review Workflow[2m > [22m[2mshould show progress during screenshot capture[22m[39m
[Protobooth] Route discovery error: TypeError: The "path" argument must be of type string. Received undefined
[90m    at Object.join (node:path:460:7)[39m
    at DefaultRouteDiscovery.discoverRoutes [90m(C:\developer\protobooth\[39msrc\screenshot\screenshot-capture-service.ts:45:31[90m)[39m
    at ScreenshotCaptureService.captureRoutes [90m(C:\developer\protobooth\[39msrc\screenshot\screenshot-capture-service.ts:222:46[90m)[39m
    at [90mC:\developer\protobooth\[39msrc\ui\Resolve\hooks\useScreenshotCapture.ts:71:22
    at [90mC:\developer\protobooth\[39msrc\ui\Resolve\hooks\useResolveHandlers.ts:48:9 {
  code: [32m'ERR_INVALID_ARG_TYPE'[39m
}
Screenshot capture failed: Error: Failed to discover routes
    at DefaultRouteDiscovery.discoverRoutes [90m(C:\developer\protobooth\[39msrc\screenshot\screenshot-capture-service.ts:72:13[90m)[39m
    at ScreenshotCaptureService.captureRoutes [90m(C:\developer\protobooth\[39msrc\screenshot\screenshot-capture-service.ts:222:46[90m)[39m
    at [90mC:\developer\protobooth\[39msrc\ui\Resolve\hooks\useScreenshotCapture.ts:71:22
    at [90mC:\developer\protobooth\[39msrc\ui\Resolve\hooks\useResolveHandlers.ts:48:9
Failed to capture screenshots: Error: Failed to discover routes
    at DefaultRouteDiscovery.discoverRoutes [90m(C:\developer\protobooth\[39msrc\screenshot\screenshot-capture-service.ts:72:13[90m)[39m
    at ScreenshotCaptureService.captureRoutes [90m(C:\developer\protobooth\[39msrc\screenshot\screenshot-capture-service.ts:222:46[90m)[39m
    at [90mC:\developer\protobooth\[39msrc\ui\Resolve\hooks\useScreenshotCapture.ts:71:22
    at [90mC:\developer\protobooth\[39msrc\ui\Resolve\hooks\useResolveHandlers.ts:48:9

 [32m✓[39m tests/integration/annotate-app-tools.test.tsx [2m ([22m[2m10 tests[22m[2m)[22m[33m 2687[2mms[22m[39m
 [33m❯[39m tests/integration/resolve-app-annotations.test.tsx [2m ([22m[2m4 tests[22m [2m|[22m [31m1 failed[39m[2m)[22m[33m 2605[2mms[22m[39m
[31m   [33m❯[31m tests/integration/resolve-app-annotations.test.tsx[2m > [22mResolveApp - Annotation Download Workflow[2m > [22mshould allow marking annotations as resolved[39m
[31m     → expected "spy" to be called with arguments: [ StringContaining{…}, …(1) ][90m

Received: 

[1m  1st spy call:

[22m[2m  Array [[22m
[32m-   StringContaining "protobooth-annotations.json",[90m
[32m-   StringContaining "resolved",[90m
[31m+   "annotations.json",[90m
[31m+   "[[90m
[31m+   {[90m
[31m+     \"id\": \"ann-1\",[90m
[31m+     \"timestamp\": \"2025-10-03T17:01:58.300Z\",[90m
[31m+     \"route\": \"/home\",[90m
[31m+     \"viewport\": \"desktop\",[90m
[31m+     \"position\": {[90m
[31m+       \"x\": 100,[90m
[31m+       \"y\": 200[90m
[31m+     },[90m
[31m+     \"content\": \"Fix this button\",[90m
[31m+     \"priority\": \"high\",[90m
[31m+     \"status\": \"resolved\"[90m
[31m+   }[90m
[31m+ ]",[90m
[2m  ][22m
[31m[90m

Number of calls: [1m1[22m
[31m

Ignored nodes: comments, script, style
[36m<html>[31m
  [36m<head />[31m
  [36m<body>[31m
    [36m<div>[31m
      [36m<div[31m
        [33mclass[31m=[32m"layout resolve-app"[31m
        [33mdata-testid[31m=[32m"resolve-app"[31m
        [33mid[31m=[32m"protobooth-resolve"[31m
      [36m>[31m
        [36m<aside[31m
          [33mclass[31m=[32m"sidebar"[31m
          [33mid[31m=[32m"sidebar"[31m
        [36m>[31m
          [36m<section[31m
            [33mclass[31m=[32m"sidebar-section title"[31m
            [33mid[31m=[32m"title"[31m
          [36m>[31m
            [36m<h1>[31m
              [0mScreenshots[0m
            [36m</h1>[31m
          [36m</section>[31m
          [36m<section[31m
            [33mclass[31m=[32m"sidebar-section nav"[31m
            [33mid[31m=[32m"nav"[31m
          [36m>[31m
            [36m<div[31m
              [33mclass[31m=[32m"active sidebar-link screenshot-link"[31m
            [36m>[31m
              [0mScreenshot 1[0m
            [36m</div>[31m
            [36m<div[31m
              [33mclass[31m=[32m"sidebar-link screenshot-link"[31m
            [36m>[31m
              [0mScreenshot 2[0m
            [36m</div>[31m
            [36m<div[31m
              [33mclass[31m=[32m"sidebar-link screenshot-link"[31m
            [36m>[31m
              [0mScreenshot 3[0m
            [36m</div>[31m
          [36m</section>[31m
        [36m</aside>[31m
        [36m<footer[31m
          [33mclass[31m=[32m"toolbar-stack"[31m
          [33mid[31m=[32m"toolbarStack"[31m
        [36m>[31m
          [36m<div[31m
            [33mclass[31m=[32m"toolbar toolMenu flex justify-between"[31m
            [33mid[31m=[32m"toolMenu"[31m
          [36m>[31m
            [36m<section>[31m
              [36m<button[31m
                [33mclass[31m=[32m"btn btn-toolbar btn-primary btn-medium"[31m
              [36m>[31m
                [0m&[0m
              [36m</button>[31m
              [36m<button[31m
                [33mclass[31m=[32m"btn btn-toolbar btn-primary btn-medium"[31m
              [36m>[31m
                [0m&[0m
              [36m</button>[31m
              [36m<button[31m
                [33mclass[31m=[32m"btn btn-toolbar btn-primary btn-medium"[31m
              [36m>[31m
                [0m&[0m
              [36m</button>[31m
              [36m<button[31m
                [33mclass[31m=[32m"btn btn-toolbar btn-primary btn-medium"[31m
              [36m>[31m
                [0m&[0m
              [36m</button>[31m
            [36m</section>[31m
          [36m</div>[31m
          [36m<div[31m
            [33mclass[31m=[32m"toolbar navMenu flex justify-between"[31m
            [33mid[31m=[32m"navMenu"[31m
          [36m>[31m
            [36m<button[31m
              [33mclass[31m=[32m"btn btn-toolbar btn-primary btn-medium"[31m
            [36m>[31m
              [0mPrev[0m
            [36m</button>[31m
            [36m<span>[31m
              [0m1/100[0m
            [36m</span>[31m
            [36m<button[31m
              [33mclass[31m=[32m"btn btn-toolbar btn-primary btn-medium"[31m
            [36m>[31m
              [0mNext[0m
            [36m</button>[31m
          [36m</div>[31m
        [36m</footer>[31m
        [36m<div[31m
          [33mclass[31m=[32m"header"[31m
        [36m>[31m
          [36m<h1>[31m
            [0mprotobooth Development Interface[0m
          [36m</h1>[31m
          [36m<span[31m
            [33mclass[31m=[32m"badge status-submitted"[31m
          [36m>[31m
            [0mSubmitted For Development[0m
          [36m</span>[31m
        [36m</div>[31m
        [36m<div[31m
          [33mclass[31m=[32m"content"[31m
        [36m>[31m
          [36m<div[31m
            [33mclass[31m=[32m"workflow-state"[31m
            [33mdata-testid[31m=[32m"workflow-submitted-for-development"[31m
          [36m>[31m
            [36m<h2[31m
              [33mdata-testid[31m=[32m"workflow-state-title"[31m
            [36m>[31m
              [0mSubmitted For Development[0m
            [36m</h2>[31m
            [36m<p[31m
              [33mdata-testid[31m=[32m"annotations-count"[31m
            [36m>[31m
              [0m1[0m
              [0m annotations ready for resolution.[0m
            [36m</p>[31m
            [36m<div[31m
              [33mclass[31m=[32m"progress-bar progress-bar"[31m
            [36m>[31m
              [36m<div[31m
                [33mclass[31m=[32m"progress-label"[31m
              [36m>[31m
                [0m1 of 1 annotations resolved[0m
                [36m<span[31m
                  [33mclass[31m=[32m"progress-percentage"[31m
                [36m>[31m
                  [0m100[0m
                  [0m%[0m
                [36m</span>[31m
              [36m</div>[31m
              [36m<div[31m
                [33mclass[31m=[32m"progress-track"[31m
              [36m>[31m
                [36m<div[31m
                  [33mclass[31m=[32m"progress-fill"[31m
                  [33mstyle[31m=[32m"width: 100%;"[31m
                [36m/>[31m
              [36m</div>[31m
            [36m</div>[31m
            [36m<div[31m
              [33mclass[31m=[32m"annotation-list"[31m
              [33mdata-testid[31m=[32m"annotation-list"[31m
            [36m>[31m
              [36m<div[31m
                [33mclass[31m=[32m"annotation-group"[31m
              [36m>[31m
                [36m<h3>[31m
                  [0mResolved ([0m
                  [0m1[0m
                  [0m)[0m
                [36m</h3>[31m
                [36m<div[31m
                  [33mclass[31m=[32m"annotation-item priority-high"[31m
                [36m>[31m
                  [36m<div[31m
                    [33mclass[31m=[32m"item-header"[31m
                  [36m>[31m
                    [36m<div[31m
                      [33mclass[31m=[32m"meta-info"[31m
                    [36m>[31m
                      [36m<span[31m
                        [33mclass[31m=[32m"route-label"[31m
                      [36m>[31m
                        [0m/home[0m
                      [36m</span>[31m
                      [36m<span[31m
                        [33mclass[31m=[32m"viewport-label"[31m
                      [36m>[31m
                        [0mdesktop[0m
                      [36m</span>[31m
                      [36m<span[31m
                        [33mclass[31m=[32m"priority-badge priority-high"[31m
                      [36m>[31m
                        [0mhigh[0m
                        [0m priority[0m
                      [36m</span>[31m
                    [36m</div>[31m
                    [36m<span[31m
                      [33mclass[31m=[32m"badge status-resolved"[31m
                    [36m>[31m
                      [0mResolved[0m
                    [36m</span>[31m
                  [36m</div>[31m
                  [36m<div[31m
                    [33mclass[31m=[32m"item-content"[31m
                  [36m>[31m
                    [36m<p>[31m
                      [0mFix this button[0m
                    [36m</p>[31m
                  [36m</div>[31m
                  [36m<div[31m
                    [33mclass[31m=[32m"position-info"[31m
                  [36m>[31m
                    [0mPosition: x=[0m
                    [0m100[0m
                    [0m, y=[0m
                    [0m200[0m
                  [36m</div>[31m
                  [36m<div[31m
                    [33mclass[31m=[32m"actions"[31m
                  [36m/>[31m
                  [36m<div[31m
                    [33mclass[31m=[32m"timestamp"[31m
                  [36m>[31m
                    [0m2025-10-03T17:01:58.300Z[0m
                  [36m</div>[31m
                [36m</div>[31m
              [36m</div>[31m
            [36m</div>[31m
            [36m<div[31m
              [33mclass[31m=[32m"actions"[31m
            [36m>[31m
              [36m<button[31m
                [33mclass[31m=[32m"btn btn-primary btn-medium"[31m
                [33mdata-testid[31m=[32m"start-new-review-cycle-button"[31m
              [36m>[31m
                [0mStart New Review Cycle[0m
              [36m</button>[31m
            [36m</div>[31m
          [36m</div>[31m
        [36m</div>[31m
      [36m</div>[31m
    [36m</div>[31m
  [36m</body>[31m
[36m</html>[31m[39m
[90mstdout[2m | tests/integration/demo-vite-plugin.test.ts[2m > [22m[2mVite Plugin Integration with Demo App[2m > [22m[2mshould discover all routes from TanStack Router demo app[22m[39m
Discovered routes: [
  { path: [32m'/about'[39m, isDynamic: [33mfalse[39m, parameters: [90mundefined[39m },
  { path: [32m'/dashboard'[39m, isDynamic: [33mfalse[39m, parameters: [90mundefined[39m },
  { path: [32m'/'[39m, isDynamic: [33mfalse[39m, parameters: [90mundefined[39m },
  { path: [32m'/product/$slug'[39m, isDynamic: [33mtrue[39m, parameters: [ [32m'slug'[39m ] },
  { path: [32m'/products'[39m, isDynamic: [33mfalse[39m, parameters: [90mundefined[39m },
  { path: [32m'/user/$userId'[39m, isDynamic: [33mtrue[39m, parameters: [ [32m'userId'[39m ] }
]

 [32m✓[39m tests/integration/demo-vite-plugin.test.ts [2m ([22m[2m2 tests[22m[2m)[22m[90m 112[2mms[22m[39m
 [32m✓[39m tests/integration/annotate-app-annotations.test.tsx [2m ([22m[2m8 tests[22m[2m)[22m[33m 6914[2mms[22m[39m
 [32m✓[39m tests/integration/annotate-app-errors.test.tsx [2m ([22m[2m6 tests[22m[2m)[22m[33m 5400[2mms[22m[39m
 [32m✓[39m tests/unit/file-storage.test.ts [2m ([22m[2m11 tests[22m[2m)[22m[90m 50[2mms[22m[39m
[90mstderr[2m | tests/unit/file-storage.test.ts[2m > [22m[2mFileStorage[2m > [22m[2mensureDir[2m > [22m[2mshould handle directory creation errors[22m[39m
Failed to create directory: Error: Permission denied
    at [90mC:\developer\protobooth\[39mtests\unit\file-storage.test.ts:31:49
    at [90mfile:///C:/developer/protobooth/[39mnode_modules/[4m@vitest[24m/runner/dist/index.js:135:14
    at [90mfile:///C:/developer/protobooth/[39mnode_modules/[4m@vitest[24m/runner/dist/index.js:60:26
    at runTest [90m(file:///C:/developer/protobooth/[39mnode_modules/[4m@vitest[24m/runner/dist/index.js:781:17[90m)[39m
    at runSuite [90m(file:///C:/developer/protobooth/[39mnode_modules/[4m@vitest[24m/runner/dist/index.js:909:15[90m)[39m
    at runSuite [90m(file:///C:/developer/protobooth/[39mnode_modules/[4m@vitest[24m/runner/dist/index.js:909:15[90m)[39m
    at runSuite [90m(file:///C:/developer/protobooth/[39mnode_modules/[4m@vitest[24m/runner/dist/index.js:909:15[90m)[39m
    at runFiles [90m(file:///C:/developer/protobooth/[39mnode_modules/[4m@vitest[24m/runner/dist/index.js:958:5[90m)[39m
    at startTests [90m(file:///C:/developer/protobooth/[39mnode_modules/[4m@vitest[24m/runner/dist/index.js:967:3[90m)[39m
    at [90mfile:///C:/developer/protobooth/[39mnode_modules/[4mvitest[24m/dist/chunks/runtime-runBaseTests.oAvMKtQC.js:116:7

[90mstderr[2m | tests/integration/resolve-app-screenshot.test.tsx[2m > [22m[2mResolveApp - Screenshot Capture Workflow[2m > [22m[2mshould show progress during screenshot capture[22m[39m
Failed to load workflow state: SyntaxError: "undefined" is not valid JSON
    at JSON.parse (<anonymous>)
    at [90mC:\developer\protobooth\[39msrc\ui\Resolve\hooks\useWorkflowState.ts:44:49
Failed to parse annotation data: SyntaxError: "undefined" is not valid JSON
    at JSON.parse (<anonymous>)
    at [90mC:\developer\protobooth\[39msrc\ui\Resolve\hooks\useAnnotations.ts:34:27

[90mstderr[2m | tests/integration/resolve-app-workflow.test.tsx[2m > [22m[2mResolveApp - Workflow State Transitions[2m > [22m[2mshould transition from "In Development" to "Reviews Requested" when clicked[22m[39m
Failed to load workflow state: SyntaxError: "undefined" is not valid JSON
    at JSON.parse (<anonymous>)
    at [90mC:\developer\protobooth\[39msrc\ui\Resolve\hooks\useWorkflowState.ts:44:49
Failed to parse annotation data: SyntaxError: "undefined" is not valid JSON
    at JSON.parse (<anonymous>)
    at [90mC:\developer\protobooth\[39msrc\ui\Resolve\hooks\useAnnotations.ts:34:27

[90mstderr[2m | tests/integration/resolve-app-errors.test.tsx[2m > [22m[2mResolveApp - Error Handling[2m > [22m[2mshould display error when workflow state file read fails[22m[39m
Failed to load workflow state: Error: File read error
    at [90mC:\developer\protobooth\[39mtests\integration\resolve-app-errors.test.tsx:36:54
    at [90mfile:///C:/developer/protobooth/[39mnode_modules/[4m@vitest[24m/runner/dist/index.js:135:14
    at [90mfile:///C:/developer/protobooth/[39mnode_modules/[4m@vitest[24m/runner/dist/index.js:60:26
    at runTest [90m(file:///C:/developer/protobooth/[39mnode_modules/[4m@vitest[24m/runner/dist/index.js:781:17[90m)[39m
    at runSuite [90m(file:///C:/developer/protobooth/[39mnode_modules/[4m@vitest[24m/runner/dist/index.js:909:15[90m)[39m
    at runSuite [90m(file:///C:/developer/protobooth/[39mnode_modules/[4m@vitest[24m/runner/dist/index.js:909:15[90m)[39m
    at runFiles [90m(file:///C:/developer/protobooth/[39mnode_modules/[4m@vitest[24m/runner/dist/index.js:958:5[90m)[39m
    at startTests [90m(file:///C:/developer/protobooth/[39mnode_modules/[4m@vitest[24m/runner/dist/index.js:967:3[90m)[39m
    at [90mfile:///C:/developer/protobooth/[39mnode_modules/[4mvitest[24m/dist/chunks/runtime-runBaseTests.oAvMKtQC.js:116:7
    at withEnv [90m(file:///C:/developer/protobooth/[39mnode_modules/[4mvitest[24m/dist/chunks/runtime-runBaseTests.oAvMKtQC.js:83:5[90m)[39m
Failed to load annotations: Error: File read error
    at [90mC:\developer\protobooth\[39mtests\integration\resolve-app-errors.test.tsx:36:54
    at [90mfile:///C:/developer/protobooth/[39mnode_modules/[4m@vitest[24m/runner/dist/index.js:135:14
    at [90mfile:///C:/developer/protobooth/[39mnode_modules/[4m@vitest[24m/runner/dist/index.js:60:26
    at runTest [90m(file:///C:/developer/protobooth/[39mnode_modules/[4m@vitest[24m/runner/dist/index.js:781:17[90m)[39m
    at runSuite [90m(file:///C:/developer/protobooth/[39mnode_modules/[4m@vitest[24m/runner/dist/index.js:909:15[90m)[39m
    at runSuite [90m(file:///C:/developer/protobooth/[39mnode_modules/[4m@vitest[24m/runner/dist/index.js:909:15[90m)[39m
    at runFiles [90m(file:///C:/developer/protobooth/[39mnode_modules/[4m@vitest[24m/runner/dist/index.js:958:5[90m)[39m
    at startTests [90m(file:///C:/developer/protobooth/[39mnode_modules/[4m@vitest[24m/runner/dist/index.js:967:3[90m)[39m
    at [90mfile:///C:/developer/protobooth/[39mnode_modules/[4mvitest[24m/dist/chunks/runtime-runBaseTests.oAvMKtQC.js:116:7
    at withEnv [90m(file:///C:/developer/protobooth/[39mnode_modules/[4mvitest[24m/dist/chunks/runtime-runBaseTests.oAvMKtQC.js:83:5[90m)[39m

[90mstderr[2m | tests/integration/resolve-app-errors.test.tsx[2m > [22m[2mResolveApp - Error Handling[2m > [22m[2mshould display error when annotations file read fails[22m[39m
Failed to load annotations: Error: Annotations read error
    at [90mC:\developer\protobooth\[39mtests\integration\resolve-app-errors.test.tsx:61:30
    at [90mfile:///C:/developer/protobooth/[39mnode_modules/[4m@vitest[24m/runner/dist/index.js:135:14
    at [90mfile:///C:/developer/protobooth/[39mnode_modules/[4m@vitest[24m/runner/dist/index.js:60:26
    at runTest [90m(file:///C:/developer/protobooth/[39mnode_modules/[4m@vitest[24m/runner/dist/index.js:781:17[90m)[39m
    at runSuite [90m(file:///C:/developer/protobooth/[39mnode_modules/[4m@vitest[24m/runner/dist/index.js:909:15[90m)[39m
    at runSuite [90m(file:///C:/developer/protobooth/[39mnode_modules/[4m@vitest[24m/runner/dist/index.js:909:15[90m)[39m
    at runFiles [90m(file:///C:/developer/protobooth/[39mnode_modules/[4m@vitest[24m/runner/dist/index.js:958:5[90m)[39m
    at startTests [90m(file:///C:/developer/protobooth/[39mnode_modules/[4m@vitest[24m/runner/dist/index.js:967:3[90m)[39m
    at [90mfile:///C:/developer/protobooth/[39mnode_modules/[4mvitest[24m/dist/chunks/runtime-runBaseTests.oAvMKtQC.js:116:7
    at withEnv [90m(file:///C:/developer/protobooth/[39mnode_modules/[4mvitest[24m/dist/chunks/runtime-runBaseTests.oAvMKtQC.js:83:5[90m)[39m

[90mstderr[2m | tests/integration/resolve-app-errors.test.tsx[2m > [22m[2mResolveApp - Error Handling[2m > [22m[2mshould handle corrupted workflow state gracefully[22m[39m
Failed to load workflow state: SyntaxError: Expected property name or '}' in JSON at position 2 (line 1 column 3)
    at JSON.parse (<anonymous>)
    at [90mC:\developer\protobooth\[39msrc\ui\Resolve\hooks\useWorkflowState.ts:44:49
Failed to parse annotation data: SyntaxError: Expected property name or '}' in JSON at position 2 (line 1 column 3)
    at JSON.parse (<anonymous>)
    at [90mC:\developer\protobooth\[39msrc\ui\Resolve\hooks\useAnnotations.ts:34:27

[90mstderr[2m | tests/integration/development-ui-workflow.test.tsx[2m > [22m[2mDevelopment UI Workflow Integration[2m > [22m[2mState Persistence[2m > [22m[2mshould persist workflow state across dev server restarts[22m[39m
[Protobooth] Route discovery error: TypeError: The "path" argument must be of type string. Received undefined
[90m    at Object.join (node:path:460:7)[39m
    at DefaultRouteDiscovery.discoverRoutes [90m(C:\developer\protobooth\[39msrc\screenshot\screenshot-capture-service.ts:45:31[90m)[39m
    at ScreenshotCaptureService.captureRoutes [90m(C:\developer\protobooth\[39msrc\screenshot\screenshot-capture-service.ts:222:46[90m)[39m
    at [90mC:\developer\protobooth\[39msrc\ui\Resolve\hooks\useScreenshotCapture.ts:71:22
    at [90mC:\developer\protobooth\[39msrc\ui\Resolve\hooks\useResolveHandlers.ts:48:9 {
  code: [32m'ERR_INVALID_ARG_TYPE'[39m
}
Screenshot capture failed: Error: Failed to discover routes
    at DefaultRouteDiscovery.discoverRoutes [90m(C:\developer\protobooth\[39msrc\screenshot\screenshot-capture-service.ts:72:13[90m)[39m
    at ScreenshotCaptureService.captureRoutes [90m(C:\developer\protobooth\[39msrc\screenshot\screenshot-capture-service.ts:222:46[90m)[39m
    at [90mC:\developer\protobooth\[39msrc\ui\Resolve\hooks\useScreenshotCapture.ts:71:22
    at [90mC:\developer\protobooth\[39msrc\ui\Resolve\hooks\useResolveHandlers.ts:48:9
Failed to capture screenshots: Error: Failed to discover routes
    at DefaultRouteDiscovery.discoverRoutes [90m(C:\developer\protobooth\[39msrc\screenshot\screenshot-capture-service.ts:72:13[90m)[39m
    at ScreenshotCaptureService.captureRoutes [90m(C:\developer\protobooth\[39msrc\screenshot\screenshot-capture-service.ts:222:46[90m)[39m
    at [90mC:\developer\protobooth\[39msrc\ui\Resolve\hooks\useScreenshotCapture.ts:71:22
    at [90mC:\developer\protobooth\[39msrc\ui\Resolve\hooks\useResolveHandlers.ts:48:9

 [32m✓[39m tests/integration/annotate-app-publish.test.tsx [2m ([22m[2m9 tests[22m[2m)[22m[33m 9204[2mms[22m[39m
[90mstderr[2m | tests/integration/resolve-app-screenshot.test.tsx[2m > [22m[2mResolveApp - Screenshot Capture Workflow[2m > [22m[2mshould display capture results after successful capture[22m[39m
Failed to load workflow state: SyntaxError: "undefined" is not valid JSON
    at JSON.parse (<anonymous>)
    at [90mC:\developer\protobooth\[39msrc\ui\Resolve\hooks\useWorkflowState.ts:44:49
Failed to parse annotation data: SyntaxError: "undefined" is not valid JSON
    at JSON.parse (<anonymous>)
    at [90mC:\developer\protobooth\[39msrc\ui\Resolve\hooks\useAnnotations.ts:34:27

[90mstderr[2m | tests/integration/resolve-app-workflow.test.tsx[2m > [22m[2mResolveApp - Workflow State Transitions[2m > [22m[2mshould persist workflow state to file when transitioning states[22m[39m
Failed to load workflow state: SyntaxError: "undefined" is not valid JSON
    at JSON.parse (<anonymous>)
    at [90mC:\developer\protobooth\[39msrc\ui\Resolve\hooks\useWorkflowState.ts:44:49
Failed to parse annotation data: SyntaxError: "undefined" is not valid JSON
    at JSON.parse (<anonymous>)
    at [90mC:\developer\protobooth\[39msrc\ui\Resolve\hooks\useAnnotations.ts:34:27

[90mstderr[2m | tests/integration/development-ui-workflow.test.tsx[2m > [22m[2mDevelopment UI Workflow Integration[2m > [22m[2mError Handling[2m > [22m[2mshould handle file system errors during state persistence[22m[39m
Failed to save workflow state: Error: Permission denied
    at [90mC:\developer\protobooth\[39mtests\integration\development-ui-workflow.test.tsx:516:47
    at [90mfile:///C:/developer/protobooth/[39mnode_modules/[4m@vitest[24m/runner/dist/index.js:135:14
    at [90mfile:///C:/developer/protobooth/[39mnode_modules/[4m@vitest[24m/runner/dist/index.js:60:26
    at runTest [90m(file:///C:/developer/protobooth/[39mnode_modules/[4m@vitest[24m/runner/dist/index.js:781:17[90m)[39m
    at runSuite [90m(file:///C:/developer/protobooth/[39mnode_modules/[4m@vitest[24m/runner/dist/index.js:909:15[90m)[39m
    at runSuite [90m(file:///C:/developer/protobooth/[39mnode_modules/[4m@vitest[24m/runner/dist/index.js:909:15[90m)[39m
    at runSuite [90m(file:///C:/developer/protobooth/[39mnode_modules/[4m@vitest[24m/runner/dist/index.js:909:15[90m)[39m
    at runFiles [90m(file:///C:/developer/protobooth/[39mnode_modules/[4m@vitest[24m/runner/dist/index.js:958:5[90m)[39m
    at startTests [90m(file:///C:/developer/protobooth/[39mnode_modules/[4m@vitest[24m/runner/dist/index.js:967:3[90m)[39m
    at [90mfile:///C:/developer/protobooth/[39mnode_modules/[4mvitest[24m/dist/chunks/runtime-runBaseTests.oAvMKtQC.js:116:7
Failed to request review: Error: Permission denied
    at [90mC:\developer\protobooth\[39mtests\integration\development-ui-workflow.test.tsx:516:47
    at [90mfile:///C:/developer/protobooth/[39mnode_modules/[4m@vitest[24m/runner/dist/index.js:135:14
    at [90mfile:///C:/developer/protobooth/[39mnode_modules/[4m@vitest[24m/runner/dist/index.js:60:26
    at runTest [90m(file:///C:/developer/protobooth/[39mnode_modules/[4m@vitest[24m/runner/dist/index.js:781:17[90m)[39m
    at runSuite [90m(file:///C:/developer/protobooth/[39mnode_modules/[4m@vitest[24m/runner/dist/index.js:909:15[90m)[39m
    at runSuite [90m(file:///C:/developer/protobooth/[39mnode_modules/[4m@vitest[24m/runner/dist/index.js:909:15[90m)[39m
    at runSuite [90m(file:///C:/developer/protobooth/[39mnode_modules/[4m@vitest[24m/runner/dist/index.js:909:15[90m)[39m
    at runFiles [90m(file:///C:/developer/protobooth/[39mnode_modules/[4m@vitest[24m/runner/dist/index.js:958:5[90m)[39m
    at startTests [90m(file:///C:/developer/protobooth/[39mnode_modules/[4m@vitest[24m/runner/dist/index.js:967:3[90m)[39m
    at [90mfile:///C:/developer/protobooth/[39mnode_modules/[4mvitest[24m/dist/chunks/runtime-runBaseTests.oAvMKtQC.js:116:7

[90mstderr[2m | tests/integration/development-ui-workflow.test.tsx[2m > [22m[2mDevelopment UI Workflow Integration[2m > [22m[2mError Handling[2m > [22m[2mshould handle corrupted annotation data[22m[39m
Failed to parse annotation data: SyntaxError: Unexpected token 'i', "invalid json data" is not valid JSON
    at JSON.parse (<anonymous>)
    at [90mC:\developer\protobooth\[39msrc\ui\Resolve\hooks\useAnnotations.ts:34:27

[90mstdout[2m | tests/integration/demo-nextjs-plugin.test.ts[2m > [22m[2mNext.js Plugin Integration with Demo App[2m > [22m[2mshould discover app router routes from Next.js demo app[22m[39m
App Router discovered routes: [
  { path: [32m'/blog/[slug]'[39m, isDynamic: [33mtrue[39m, parameters: [ [32m'slug'[39m ] },
  { path: [32m'/'[39m, isDynamic: [33mfalse[39m, parameters: [90mundefined[39m },
  { path: [32m'/user/[id]'[39m, isDynamic: [33mtrue[39m, parameters: [ [32m'id'[39m ] }
]

 [32m✓[39m tests/integration/demo-nextjs-plugin.test.ts [2m ([22m[2m2 tests[22m[2m)[22m[90m 20[2mms[22m[39m
 [33m❯[39m tests/integration/resolve-app-errors.test.tsx [2m ([22m[2m4 tests[22m [2m|[22m [31m1 failed[39m[2m)[22m[33m 1720[2mms[22m[39m
[31m   [33m❯[31m tests/integration/resolve-app-errors.test.tsx[2m > [22mResolveApp - Error Handling[2m > [22mshould allow resetting workflow when errors occur[39m
[31m     → expected "spy" to be called with arguments: [ StringContaining{…}, …(1) ][90m

Received: 

[1m  1st spy call:

[22m[2m  Array [[22m
[32m-   StringContaining "protobooth-workflow-state.json",[90m
[32m-   StringContaining "in-development",[90m
[31m+   "workflow-state.json",[90m
[31m+   "{[90m
[31m+   \"state\": \"in-development\",[90m
[31m+   \"timestamp\": \"2025-10-03T17:02:03.700Z\"[90m
[31m+ }",[90m
[2m  ][22m
[31m[90m

Number of calls: [1m1[22m
[31m

Ignored nodes: comments, script, style
[36m<html>[31m
  [36m<head />[31m
  [36m<body>[31m
    [36m<div>[31m
      [36m<div[31m
        [33mclass[31m=[32m"layout resolve-app"[31m
        [33mdata-testid[31m=[32m"resolve-app"[31m
        [33mid[31m=[32m"protobooth-resolve"[31m
      [36m>[31m
        [36m<aside[31m
          [33mclass[31m=[32m"sidebar"[31m
          [33mid[31m=[32m"sidebar"[31m
        [36m>[31m
          [36m<section[31m
            [33mclass[31m=[32m"sidebar-section title"[31m
            [33mid[31m=[32m"title"[31m
          [36m>[31m
            [36m<h1>[31m
              [0mScreenshots[0m
            [36m</h1>[31m
          [36m</section>[31m
          [36m<section[31m
            [33mclass[31m=[32m"sidebar-section nav"[31m
            [33mid[31m=[32m"nav"[31m
          [36m>[31m
            [36m<div[31m
              [33mclass[31m=[32m"active sidebar-link screenshot-link"[31m
            [36m>[31m
              [0mScreenshot 1[0m
            [36m</div>[31m
            [36m<div[31m
              [33mclass[31m=[32m"sidebar-link screenshot-link"[31m
            [36m>[31m
              [0mScreenshot 2[0m
            [36m</div>[31m
            [36m<div[31m
              [33mclass[31m=[32m"sidebar-link screenshot-link"[31m
            [36m>[31m
              [0mScreenshot 3[0m
            [36m</div>[31m
          [36m</section>[31m
        [36m</aside>[31m
        [36m<footer[31m
          [33mclass[31m=[32m"toolbar-stack"[31m
          [33mid[31m=[32m"toolbarStack"[31m
        [36m>[31m
          [36m<div[31m
            [33mclass[31m=[32m"toolbar toolMenu flex justify-between"[31m
            [33mid[31m=[32m"toolMenu"[31m
          [36m>[31m
            [36m<section>[31m
              [36m<button[31m
                [33mclass[31m=[32m"btn btn-toolbar btn-primary btn-medium"[31m
              [36m>[31m
                [0m&[0m
              [36m</button>[31m
              [36m<button[31m
                [33mclass[31m=[32m"btn btn-toolbar btn-primary btn-medium"[31m
              [36m>[31m
                [0m&[0m
              [36m</button>[31m
              [36m<button[31m
                [33mclass[31m=[32m"btn btn-toolbar btn-primary btn-medium"[31m
              [36m>[31m
                [0m&[0m
              [36m</button>[31m
              [36m<button[31m
                [33mclass[31m=[32m"btn btn-toolbar btn-primary btn-medium"[31m
              [36m>[31m
                [0m&[0m
              [36m</button>[31m
            [36m</section>[31m
          [36m</div>[31m
          [36m<div[31m
            [33mclass[31m=[32m"toolbar navMenu flex justify-between"[31m
            [33mid[31m=[32m"navMenu"[31m
          [36m>[31m
            [36m<button[31m
              [33mclass[31m=[32m"btn btn-toolbar btn-primary btn-medium"[31m
            [36m>[31m
              [0mPrev[0m
            [36m</button>[31m
            [36m<span>[31m
              [0m1/100[0m
            [36m</span>[31m
            [36m<button[31m
              [33mclass[31m=[32m"btn btn-toolbar btn-primary btn-medium"[31m
            [36m>[31m
              [0mNext[0m
            [36m</button>[31m
          [36m</div>[31m
        [36m</footer>[31m
        [36m<div[31m
          [33mclass[31m=[32m"header"[31m
        [36m>[31m
          [36m<h1>[31m
            [0mprotobooth Development Interface[0m
          [36m</h1>[31m
          [36m<span[31m
            [33mclass[31m=[32m"badge status-development"[31m
          [36m>[31m
            [0mIn Development[0m
          [36m</span>[31m
        [36m</div>[31m
        [36m<div[31m
          [33mclass[31m=[32m"content"[31m
        [36m>[31m
          [36m<div[31m
            [33mclass[31m=[32m"workflow-state"[31m
            [33mdata-testid[31m=[32m"workflow-in-development"[31m
          [36m>[31m
            [36m<h2[31m
              [33mdata-testid[31m=[32m"workflow-state-title"[31m
            [36m>[31m
              [0mIn Development[0m
            [36m</h2>[31m
            [36m<p>[31m
              [0mReady to request client review of your prototype.[0m
            [36m</p>[31m
            [36m<div[31m
              [33mclass[31m=[32m"error-card"[31m
              [33mdata-testid[31m=[32m"configuration-error"[31m
            [36m>[31m
              [36m<div[31m
                [33mclass[31m=[32m"error-header"[31m
              [36m>[31m
                [36m<h4[31m
                  [33mclass[31m=[32m"error-title"[31m
                [36m>[31m
                  [0mConfiguration Required[0m
                [36m</h4>[31m
              [36m</div>[31m
              [36m<div[31m
                [33mclass[31m=[32m"error-body"[31m
              [36m>[31m
                [36m<p[31m
                  [33mclass[31m=[32m"error-text"[31m
                  [33mdata-testid[31m=[32m"configuration-error-message"[31m
                [36m>[31m
                  [0mPlease configure fixtures before requesting review[0m
                [36m</p>[31m
                [36m<div[31m
                  [33mclass[31m=[32m"error-details"[31m
                [36m>[31m
                  [36m<ul[31m
                    [33mclass[31m=[32m"list-unstyled"[31m
                  [36m>[31m
                    [36m<li[31m
                      [33mclass[31m=[32m"list-item"[31m
                    [36m>[31m
                      [0mConfiguration not found - please configure protobooth plugin[0m
                    [36m</li>[31m
                  [36m</ul>[31m
                [36m</div>[31m
              [36m</div>[31m
            [36m</div>[31m
            [36m<div[31m
              [33mclass[31m=[32m"actions"[31m
            [36m>[31m
              [36m<button[31m
                [33mclass[31m=[32m"btn btn-primary btn-medium btn-primary"[31m
                [33mdata-testid[31m=[32m"request-review-button"[31m
                [33mdisabled[31m=[32m""[31m
              [36m>[31m
                [0mRequest Review[0m
              [36m</button>[31m
            [36m</div>[31m
          [36m</div>[31m
        [36m</div>[31m
      [36m</div>[31m
    [36m</div>[31m
  [36m</body>[31m
[36m</html>[31m[39m
[90mstderr[2m | tests/integration/resolve-app-screenshot.test.tsx[2m > [22m[2mResolveApp - Screenshot Capture Workflow[2m > [22m[2mshould handle screenshot capture errors gracefully[22m[39m
Failed to load workflow state: SyntaxError: "undefined" is not valid JSON
    at JSON.parse (<anonymous>)
    at [90mC:\developer\protobooth\[39msrc\ui\Resolve\hooks\useWorkflowState.ts:44:49
Failed to parse annotation data: SyntaxError: "undefined" is not valid JSON
    at JSON.parse (<anonymous>)
    at [90mC:\developer\protobooth\[39msrc\ui\Resolve\hooks\useAnnotations.ts:34:27

 [33m❯[39m tests/integration/resolve-app-screenshot.test.tsx [2m ([22m[2m4 tests[22m [2m|[22m [31m2 failed[39m[2m)[22m[33m 3063[2mms[22m[39m
[31m   [33m❯[31m tests/integration/resolve-app-screenshot.test.tsx[2m > [22mResolveApp - Screenshot Capture Workflow[2m > [22mshould show progress during screenshot capture[39m
[31m     → Unable to find an element by: [data-testid="capture-progress"]

Ignored nodes: comments, script, style
[36m<body>[31m
  [36m<div>[31m
    [36m<div[31m
      [33mclass[31m=[32m"layout resolve-app"[31m
      [33mdata-testid[31m=[32m"resolve-app"[31m
      [33mid[31m=[32m"protobooth-resolve"[31m
    [36m>[31m
      [36m<aside[31m
        [33mclass[31m=[32m"sidebar"[31m
        [33mid[31m=[32m"sidebar"[31m
      [36m>[31m
        [36m<section[31m
          [33mclass[31m=[32m"sidebar-section title"[31m
          [33mid[31m=[32m"title"[31m
        [36m>[31m
          [36m<h1>[31m
            [0mScreenshots[0m
          [36m</h1>[31m
        [36m</section>[31m
        [36m<section[31m
          [33mclass[31m=[32m"sidebar-section nav"[31m
          [33mid[31m=[32m"nav"[31m
        [36m>[31m
          [36m<div[31m
            [33mclass[31m=[32m"active sidebar-link screenshot-link"[31m
          [36m>[31m
            [0mScreenshot 1[0m
          [36m</div>[31m
          [36m<div[31m
            [33mclass[31m=[32m"sidebar-link screenshot-link"[31m
          [36m>[31m
            [0mScreenshot 2[0m
          [36m</div>[31m
          [36m<div[31m
            [33mclass[31m=[32m"sidebar-link screenshot-link"[31m
          [36m>[31m
            [0mScreenshot 3[0m
          [36m</div>[31m
        [36m</section>[31m
      [36m</aside>[31m
      [36m<footer[31m
        [33mclass[31m=[32m"toolbar-stack"[31m
        [33mid[31m=[32m"toolbarStack"[31m
      [36m>[31m
        [36m<div[31m
          [33mclass[31m=[32m"toolbar toolMenu flex justify-between"[31m
          [33mid[31m=[32m"toolMenu"[31m
        [36m>[31m
          [36m<section>[31m
            [36m<button[31m
              [33mclass[31m=[32m"btn btn-toolbar btn-primary btn-medium"[31m
            [36m>[31m
              [0m&[0m
            [36m</button>[31m
            [36m<button[31m
              [33mclass[31m=[32m"btn btn-toolbar btn-primary btn-medium"[31m
            [36m>[31m
              [0m&[0m
            [36m</button>[31m
            [36m<button[31m
              [33mclass[31m=[32m"btn btn-toolbar btn-primary btn-medium"[31m
            [36m>[31m
              [0m&[0m
            [36m</button>[31m
            [36m<button[31m
              [33mclass[31m=[32m"btn btn-toolbar btn-primary btn-medium"[31m
            [36m>[31m
              [0m&[0m
            [36m</button>[31m
          [36m</section>[31m
        [36m</div>[31m
        [36m<div[31m
          [33mclass[31m=[32m"toolbar navMenu flex justify-between"[31m
          [33mid[31m=[32m"navMenu"[31m
        [36m>[31m
          [36m<button[31m
            [33mclass[31m=[32m"btn btn-toolbar btn-primary btn-medium"[31m
          [36m>[31m
            [0mPrev[0m
          [36m</button>[31m
          [36m<span>[31m
            [0m1/100[0m
          [36m</span>[31m
          [36m<button[31m
            [33mclass[31m=[32m"btn btn-toolbar btn-primary btn-medium"[31m
          [36m>[31m
            [0mNext[0m
          [36m</button>[31m
        [36m</div>[31m
      [36m</footer>[31m
      [36m<div[31m
        [33mclass[31m=[32m"header"[31m
      [36m>[31m
        [36m<h1>[31m
          [0mprotobooth Development Interface[0m
        [36m</h1>[31m
        [36m<span[31m
          [33mclass[31m=[32m"badge status-development"[31m
        [36m>[31m
          [0mIn Development[0m
        [36m</span>[31m
      [36m</div>[31m
      [36m<div[31m
        [33mclass[31m=[32m"content"[31m
      [36m>[31m
        [36m<div[31m
          [33mclass[31m=[32m"error-card error-message"[31m
          [33mdata-testid[31m=[32m"general-error"[31m
        [36m>[31m
          [36m<div[31m
            [33mclass[31m=[32m"error-header"[31m
          [36m>[31m
            [36m<h4[31m
              [33mclass[31m=[32m"error-title"[31m
            [36m>[31m
              [0mError[0m
            [36m</h4>[31m
          [36m</div>[31m
          [36m<div[31m
            [33mclass[31m=[32m"error-body"[31m
          [36m>[31m
            [36m<p[31m
              [33mclass[31m=[32m"error-text"[31m
              [33mdata-testid[31m=[32m"general-error-message"[31m
            [36m>[31m
              [0mFailed to load workflow state[0m
            [36m</p>[31m
          [36m</div>[31m
        [36m</div>[31m
        [36m<div[31m
          [33mclass[31m=[32m"workflow-state"[31m
          [33mdata-testid[31m=[32m"workflow-in-development"[31m
        [36m>[31m
          [36m<h2[31m
            [33mdata-testid[31m=[32m"workflow-state-title"[31m
          [36m>[31m
            [0mIn Development[0m
          [36m</h2>[31m
          [36m<p>[31m
            [0mReady to request client review of your prototype.[0m
          [36m</p>[31m
          [36m<div[31m
            [33mclass[31m=[32m"error-card"[31m
            [33mdata-testid[31m=[32m"configuration-error"[31m
          [36m>[31m
            [36m<div[31m
              [33mclass[31m=[32m"error-header"[31m
            [36m>[31m
              [36m<h4[31m
                [33mclass[31m=[32m"error-title"[31m
              [36m>[31m
                [0mConfiguration Required[0m
              [36m</h4>[31m
            [36m</div>[31m
            [36m<div[31m
              [33mclass[31m=[32m"error-body"[31m
            [36m>[31m
              [36m<p[31m
                [33mclass[31m=[32m"error-text"[31m
                [33mdata-testid[31m=[32m"configuration-error-message"[31m
              [36m>[31m
                [0mPlease configure fixtures before requesting review[0m
              [36m</p>[31m
              [36m<div[31m
                [33mclass[31m=[32m"error-details"[31m
              [36m>[31m
                [36m<ul[31m
                  [33mclass[31m=[32m"list-unstyled"[31m
                [36m>[31m
                  [36m<li[31m
                    [33mclass[31m=[32m"list-item"[31m
                  [36m>[31m
                    [0mConfiguration not found - please configure protobooth plugin[0m
                  [36m</li>[31m
                [36m</ul>[31m
              [36m</div>[31m
            [36m</div>[31m
          [36m</div>[31m
          [36m<div[31m
            [33mclass[31m=[32m"actions"[31m
          [36m>[31m
            [36m<button[31m
              [33mclass[31m=[32m"btn btn-primary btn-medium btn-primary"[31m
              [33mdata-testid[31m=[32m"request-review-button"[31m
              [33mdisabled[31m=[32m""[31m
            [36m>[31m
              [0mRequest Review[0m
            [36m</button>[31m
          [36m</div>[31m
        [36m</div>[31m
      [36m</div>[31m
    [36m</div>[31m
  [36m</div>[31m
[36m</body>[31m

Ignored nodes: comments, script, style
[36m<html>[31m
  [36m<head />[31m
  [36m<body>[31m
    [36m<div>[31m
      [36m<div[31m
        [33mclass[31m=[32m"layout resolve-app"[31m
        [33mdata-testid[31m=[32m"resolve-app"[31m
        [33mid[31m=[32m"protobooth-resolve"[31m
      [36m>[31m
        [36m<aside[31m
          [33mclass[31m=[32m"sidebar"[31m
          [33mid[31m=[32m"sidebar"[31m
        [36m>[31m
          [36m<section[31m
            [33mclass[31m=[32m"sidebar-section title"[31m
            [33mid[31m=[32m"title"[31m
          [36m>[31m
            [36m<h1>[31m
              [0mScreenshots[0m
            [36m</h1>[31m
          [36m</section>[31m
          [36m<section[31m
            [33mclass[31m=[32m"sidebar-section nav"[31m
            [33mid[31m=[32m"nav"[31m
          [36m>[31m
            [36m<div[31m
              [33mclass[31m=[32m"active sidebar-link screenshot-link"[31m
            [36m>[31m
              [0mScreenshot 1[0m
            [36m</div>[31m
            [36m<div[31m
              [33mclass[31m=[32m"sidebar-link screenshot-link"[31m
            [36m>[31m
              [0mScreenshot 2[0m
            [36m</div>[31m
            [36m<div[31m
              [33mclass[31m=[32m"sidebar-link screenshot-link"[31m
            [36m>[31m
              [0mScreenshot 3[0m
            [36m</div>[31m
          [36m</section>[31m
        [36m</aside>[31m
        [36m<footer[31m
          [33mclass[31m=[32m"toolbar-stack"[31m
          [33mid[31m=[32m"toolbarStack"[31m
        [36m>[31m
          [36m<div[31m
            [33mclass[31m=[32m"toolbar toolMenu flex justify-between"[31m
            [33mid[31m=[32m"toolMenu"[31m
          [36m>[31m
            [36m<section>[31m
              [36m<button[31m
                [33mclass[31m=[32m"btn btn-toolbar btn-primary btn-medium"[31m
              [36m>[31m
                [0m&[0m
              [36m</button>[31m
              [36m<button[31m
                [33mclass[31m=[32m"btn btn-toolbar btn-primary btn-medium"[31m
              [36m>[31m
                [0m&[0m
              [36m</button>[31m
              [36m<button[31m
                [33mclass[31m=[32m"btn btn-toolbar btn-primary btn-medium"[31m
              [36m>[31m
                [0m&[0m
              [36m</button>[31m
              [36m<button[31m
                [33mclass[31m=[32m"btn btn-toolbar btn-primary btn-medium"[31m
              [36m>[31m
                [0m&[0m
              [36m</button>[31m
            [36m</section>[31m
          [36m</div>[31m
          [36m<div[31m
            [33mclass[31m=[32m"toolbar navMenu flex justify-between"[31m
            [33mid[31m=[32m"navMenu"[31m
          [36m>[31m
            [36m<button[31m
              [33mclass[31m=[32m"btn btn-toolbar btn-primary btn-medium"[31m
            [36m>[31m
              [0mPrev[0m
            [36m</button>[31m
            [36m<span>[31m
              [0m1/100[0m
            [36m</span>[31m
            [36m<button[31m
              [33mclass[31m=[32m"btn btn-toolbar btn-primary btn-medium"[31m
            [36m>[31m
              [0mNext[0m
            [36m</button>[31m
          [36m</div>[31m
        [36m</footer>[31m
        [36m<div[31m
          [33mclass[31m=[32m"header"[31m
        [36m>[31m
          [36m<h1>[31m
            [0mprotobooth Development Interface[0m
          [36m</h1>[31m
          [36m<span[31m
            [33mclass[31m=[32m"badge status-development"[31m
          [36m>[31m
            [0mIn Development[0m
          [36m</span>[31m
        [36m</div>[31m
        [36m<div[31m
          [33mclass[31m=[32m"content"[31m
        [36m>[31m
          [36m<div[31m
            [33mclass[31m=[32m"error-card error-message"[31m
            [33mdata-testid[31m=[32m"general-error"[31m
          [36m>[31m
            [36m<div[31m
              [33mclass[31m=[32m"error-header"[31m
            [36m>[31m
              [36m<h4[31m
                [33mclass[31m=[32m"error-title"[31m
              [36m>[31m
                [0mError[0m
              [36m</h4>[31m
            [36m</div>[31m
            [36m<div[31m
              [33mclass[31m=[32m"error-body"[31m
            [36m>[31m
              [36m<p[31m
                [33mclass[31m=[32m"error-text"[31m
                [33mdata-testid[31m=[32m"general-error-message"[31m
              [36m>[31m
                [0mFailed to load workflow state[0m
              [36m</p>[31m
            [36m</div>[31m
          [36m</div>[31m
          [36m<div[31m
            [33mclass[31m=[32m"workflow-state"[31m
            [33mdata-testid[31m=[32m"workflow-in-development"[31m
          [36m>[31m
            [36m<h2[31m
              [33mdata-testid[31m=[32m"workflow-state-title"[31m
            [36m>[31m
              [0mIn Development[0m
            [36m</h2>[31m
            [36m<p>[31m
              [0mReady to request client review of your prototype.[0m
            [36m</p>[31m
            [36m<div[31m
              [33mclass[31m=[32m"error-card"[31m
              [33mdata-testid[31m=[32m"configuration-error"[31m
            [36m>[31m
              [36m<div[31m
                [33mclass[31m=[32m"error-header"[31m
              [36m>[31m
                [36m<h4[31m
                  [33mclass[31m=[32m"error-title"[31m
                [36m>[31m
                  [0mConfiguration Required[0m
                [36m</h4>[31m
              [36m</div>[31m
              [36m<div[31m
                [33mclass[31m=[32m"error-body"[31m
              [36m>[31m
                [36m<p[31m
                  [33mclass[31m=[32m"error-text"[31m
                  [33mdata-testid[31m=[32m"configuration-error-message"[31m
                [36m>[31m
                  [0mPlease configure fixtures before requesting review[0m
                [36m</p>[31m
                [36m<div[31m
                  [33mclass[31m=[32m"error-details"[31m
                [36m>[31m
                  [36m<ul[31m
                    [33mclass[31m=[32m"list-unstyled"[31m
                  [36m>[31m
                    [36m<li[31m
                      [33mclass[31m=[32m"list-item"[31m
                    [36m>[31m
                      [0mConfiguration not found - please configure protobooth plugin[0m
                    [36m</li>[31m
                  [36m</ul>[31m
                [36m</div>[31m
              [36m</div>[31m
            [36m</div>[31m
            [36m<div[31m
              [33mclass[31m=[32m"actions"[31m
            [36m>[31m
              [36m<button[31m
                [33mclass[31m=[32m"btn btn-primary btn-medium btn-primary"[31m
                [33mdata-testid[31m=[32m"request-review-button"[31m
                [33mdisabled[31m=[32m""[31m
              [36m>[31m
                [0mRequest Review[0m
              [36m</button>[31m
            [36m</div>[31m
          [36m</div>[31m
        [36m</div>[31m
      [36m</div>[31m
    [36m</div>[31m
  [36m</body>[31m
[36m</html>[31m[39m
[31m   [33m❯[31m tests/integration/resolve-app-screenshot.test.tsx[2m > [22mResolveApp - Screenshot Capture Workflow[2m > [22mshould display capture results after successful capture[39m
[31m     → Unable to find an element by: [data-testid="workflow-reviews-requested"]

Ignored nodes: comments, script, style
[36m<body>[31m
  [36m<div>[31m
    [36m<div[31m
      [33mclass[31m=[32m"layout resolve-app"[31m
      [33mdata-testid[31m=[32m"resolve-app"[31m
      [33mid[31m=[32m"protobooth-resolve"[31m
    [36m>[31m
      [36m<aside[31m
        [33mclass[31m=[32m"sidebar"[31m
        [33mid[31m=[32m"sidebar"[31m
      [36m>[31m
        [36m<section[31m
          [33mclass[31m=[32m"sidebar-section title"[31m
          [33mid[31m=[32m"title"[31m
        [36m>[31m
          [36m<h1>[31m
            [0mScreenshots[0m
          [36m</h1>[31m
        [36m</section>[31m
        [36m<section[31m
          [33mclass[31m=[32m"sidebar-section nav"[31m
          [33mid[31m=[32m"nav"[31m
        [36m>[31m
          [36m<div[31m
            [33mclass[31m=[32m"active sidebar-link screenshot-link"[31m
          [36m>[31m
            [0mScreenshot 1[0m
          [36m</div>[31m
          [36m<div[31m
            [33mclass[31m=[32m"sidebar-link screenshot-link"[31m
          [36m>[31m
            [0mScreenshot 2[0m
          [36m</div>[31m
          [36m<div[31m
            [33mclass[31m=[32m"sidebar-link screenshot-link"[31m
          [36m>[31m
            [0mScreenshot 3[0m
          [36m</div>[31m
        [36m</section>[31m
      [36m</aside>[31m
      [36m<footer[31m
        [33mclass[31m=[32m"toolbar-stack"[31m
        [33mid[31m=[32m"toolbarStack"[31m
      [36m>[31m
        [36m<div[31m
          [33mclass[31m=[32m"toolbar toolMenu flex justify-between"[31m
          [33mid[31m=[32m"toolMenu"[31m
        [36m>[31m
          [36m<section>[31m
            [36m<button[31m
              [33mclass[31m=[32m"btn btn-toolbar btn-primary btn-medium"[31m
            [36m>[31m
              [0m&[0m
            [36m</button>[31m
            [36m<button[31m
              [33mclass[31m=[32m"btn btn-toolbar btn-primary btn-medium"[31m
            [36m>[31m
              [0m&[0m
            [36m</button>[31m
            [36m<button[31m
              [33mclass[31m=[32m"btn btn-toolbar btn-primary btn-medium"[31m
            [36m>[31m
              [0m&[0m
            [36m</button>[31m
            [36m<button[31m
              [33mclass[31m=[32m"btn btn-toolbar btn-primary btn-medium"[31m
            [36m>[31m
              [0m&[0m
            [36m</button>[31m
          [36m</section>[31m
        [36m</div>[31m
        [36m<div[31m
          [33mclass[31m=[32m"toolbar navMenu flex justify-between"[31m
          [33mid[31m=[32m"navMenu"[31m
        [36m>[31m
          [36m<button[31m
            [33mclass[31m=[32m"btn btn-toolbar btn-primary btn-medium"[31m
          [36m>[31m
            [0mPrev[0m
          [36m</button>[31m
          [36m<span>[31m
            [0m1/100[0m
          [36m</span>[31m
          [36m<button[31m
            [33mclass[31m=[32m"btn btn-toolbar btn-primary btn-medium"[31m
          [36m>[31m
            [0mNext[0m
          [36m</button>[31m
        [36m</div>[31m
      [36m</footer>[31m
      [36m<div[31m
        [33mclass[31m=[32m"header"[31m
      [36m>[31m
        [36m<h1>[31m
          [0mprotobooth Development Interface[0m
        [36m</h1>[31m
        [36m<span[31m
          [33mclass[31m=[32m"badge status-development"[31m
        [36m>[31m
          [0mIn Development[0m
        [36m</span>[31m
      [36m</div>[31m
      [36m<div[31m
        [33mclass[31m=[32m"content"[31m
      [36m>[31m
        [36m<div[31m
          [33mclass[31m=[32m"error-card error-message"[31m
          [33mdata-testid[31m=[32m"general-error"[31m
        [36m>[31m
          [36m<div[31m
            [33mclass[31m=[32m"error-header"[31m
          [36m>[31m
            [36m<h4[31m
              [33mclass[31m=[32m"error-title"[31m
            [36m>[31m
              [0mError[0m
            [36m</h4>[31m
          [36m</div>[31m
          [36m<div[31m
            [33mclass[31m=[32m"error-body"[31m
          [36m>[31m
            [36m<p[31m
              [33mclass[31m=[32m"error-text"[31m
              [33mdata-testid[31m=[32m"general-error-message"[31m
            [36m>[31m
              [0mFailed to load workflow state[0m
            [36m</p>[31m
          [36m</div>[31m
        [36m</div>[31m
        [36m<div[31m
          [33mclass[31m=[32m"workflow-state"[31m
          [33mdata-testid[31m=[32m"workflow-in-development"[31m
        [36m>[31m
          [36m<h2[31m
            [33mdata-testid[31m=[32m"workflow-state-title"[31m
          [36m>[31m
            [0mIn Development[0m
          [36m</h2>[31m
          [36m<p>[31m
            [0mReady to request client review of your prototype.[0m
          [36m</p>[31m
          [36m<div[31m
            [33mclass[31m=[32m"error-card"[31m
            [33mdata-testid[31m=[32m"configuration-error"[31m
          [36m>[31m
            [36m<div[31m
              [33mclass[31m=[32m"error-header"[31m
            [36m>[31m
              [36m<h4[31m
                [33mclass[31m=[32m"error-title"[31m
              [36m>[31m
                [0mConfiguration Required[0m
              [36m</h4>[31m
            [36m</div>[31m
            [36m<div[31m
              [33mclass[31m=[32m"error-body"[31m
            [36m>[31m
              [36m<p[31m
                [33mclass[31m=[32m"error-text"[31m
                [33mdata-testid[31m=[32m"configuration-error-message"[31m
              [36m>[31m
                [0mPlease configure fixtures before requesting review[0m
              [36m</p>[31m
              [36m<div[31m
                [33mclass[31m=[32m"error-details"[31m
              [36m>[31m
                [36m<ul[31m
                  [33mclass[31m=[32m"list-unstyled"[31m
                [36m>[31m
                  [36m<li[31m
                    [33mclass[31m=[32m"list-item"[31m
                  [36m>[31m
                    [0mConfiguration not found - please configure protobooth plugin[0m
                  [36m</li>[31m
                [36m</ul>[31m
              [36m</div>[31m
            [36m</div>[31m
          [36m</div>[31m
          [36m<div[31m
            [33mclass[31m=[32m"actions"[31m
          [36m>[31m
            [36m<button[31m
              [33mclass[31m=[32m"btn btn-primary btn-medium btn-primary"[31m
              [33mdata-testid[31m=[32m"request-review-button"[31m
              [33mdisabled[31m=[32m""[31m
            [36m>[31m
              [0mRequest Review[0m
            [36m</button>[31m
          [36m</div>[31m
        [36m</div>[31m
      [36m</div>[31m
    [36m</div>[31m
  [36m</div>[31m
[36m</body>[31m

Ignored nodes: comments, script, style
[36m<html>[31m
  [36m<head />[31m
  [36m<body>[31m
    [36m<div>[31m
      [36m<div[31m
        [33mclass[31m=[32m"layout resolve-app"[31m
        [33mdata-testid[31m=[32m"resolve-app"[31m
        [33mid[31m=[32m"protobooth-resolve"[31m
      [36m>[31m
        [36m<aside[31m
          [33mclass[31m=[32m"sidebar"[31m
          [33mid[31m=[32m"sidebar"[31m
        [36m>[31m
          [36m<section[31m
            [33mclass[31m=[32m"sidebar-section title"[31m
            [33mid[31m=[32m"title"[31m
          [36m>[31m
            [36m<h1>[31m
              [0mScreenshots[0m
            [36m</h1>[31m
          [36m</section>[31m
          [36m<section[31m
            [33mclass[31m=[32m"sidebar-section nav"[31m
            [33mid[31m=[32m"nav"[31m
          [36m>[31m
            [36m<div[31m
              [33mclass[31m=[32m"active sidebar-link screenshot-link"[31m
            [36m>[31m
              [0mScreenshot 1[0m
            [36m</div>[31m
            [36m<div[31m
              [33mclass[31m=[32m"sidebar-link screenshot-link"[31m
            [36m>[31m
              [0mScreenshot 2[0m
            [36m</div>[31m
            [36m<div[31m
              [33mclass[31m=[32m"sidebar-link screenshot-link"[31m
            [36m>[31m
              [0mScreenshot 3[0m
            [36m</div>[31m
          [36m</section>[31m
        [36m</aside>[31m
        [36m<footer[31m
          [33mclass[31m=[32m"toolbar-stack"[31m
          [33mid[31m=[32m"toolbarStack"[31m
        [36m>[31m
          [36m<div[31m
            [33mclass[31m=[32m"toolbar toolMenu flex justify-between"[31m
            [33mid[31m=[32m"toolMenu"[31m
          [36m>[31m
            [36m<section>[31m
              [36m<button[31m
                [33mclass[31m=[32m"btn btn-toolbar btn-primary btn-medium"[31m
              [36m>[31m
                [0m&[0m
              [36m</button>[31m
              [36m<button[31m
                [33mclass[31m=[32m"btn btn-toolbar btn-primary btn-medium"[31m
              [36m>[31m
                [0m&[0m
              [36m</button>[31m
              [36m<button[31m
                [33mclass[31m=[32m"btn btn-toolbar btn-primary btn-medium"[31m
              [36m>[31m
                [0m&[0m
              [36m</button>[31m
              [36m<button[31m
                [33mclass[31m=[32m"btn btn-toolbar btn-primary btn-medium"[31m
              [36m>[31m
                [0m&[0m
              [36m</button>[31m
            [36m</section>[31m
          [36m</div>[31m
          [36m<div[31m
            [33mclass[31m=[32m"toolbar navMenu flex justify-between"[31m
            [33mid[31m=[32m"navMenu"[31m
          [36m>[31m
            [36m<button[31m
              [33mclass[31m=[32m"btn btn-toolbar btn-primary btn-medium"[31m
            [36m>[31m
              [0mPrev[0m
            [36m</button>[31m
            [36m<span>[31m
              [0m1/100[0m
            [36m</span>[31m
            [36m<button[31m
              [33mclass[31m=[32m"btn btn-toolbar btn-primary btn-medium"[31m
            [36m>[31m
              [0mNext[0m
            [36m</button>[31m
          [36m</div>[31m
        [36m</footer>[31m
        [36m<div[31m
          [33mclass[31m=[32m"header"[31m
        [36m>[31m
          [36m<h1>[31m
            [0mprotobooth Development Interface[0m
          [36m</h1>[31m
          [36m<span[31m
            [33mclass[31m=[32m"badge status-development"[31m
          [36m>[31m
            [0mIn Development[0m
          [36m</span>[31m
        [36m</div>[31m
        [36m<div[31m
          [33mclass[31m=[32m"content"[31m
        [36m>[31m
          [36m<div[31m
            [33mclass[31m=[32m"error-card error-message"[31m
            [33mdata-testid[31m=[32m"general-error"[31m
          [36m>[31m
            [36m<div[31m
              [33mclass[31m=[32m"error-header"[31m
            [36m>[31m
              [36m<h4[31m
                [33mclass[31m=[32m"error-title"[31m
              [36m>[31m
                [0mError[0m
              [36m</h4>[31m
            [36m</div>[31m
            [36m<div[31m
              [33mclass[31m=[32m"error-body"[31m
            [36m>[31m
              [36m<p[31m
                [33mclass[31m=[32m"error-text"[31m
                [33mdata-testid[31m=[32m"general-error-message"[31m
              [36m>[31m
                [0mFailed to load workflow state[0m
              [36m</p>[31m
            [36m</div>[31m
          [36m</div>[31m
          [36m<div[31m
            [33mclass[31m=[32m"workflow-state"[31m
            [33mdata-testid[31m=[32m"workflow-in-development"[31m
          [36m>[31m
            [36m<h2[31m
              [33mdata-testid[31m=[32m"workflow-state-title"[31m
            [36m>[31m
              [0mIn Development[0m
            [36m</h2>[31m
            [36m<p>[31m
              [0mReady to request client review of your prototype.[0m
            [36m</p>[31m
            [36m<div[31m
              [33mclass[31m=[32m"error-card"[31m
              [33mdata-testid[31m=[32m"configuration-error"[31m
            [36m>[31m
              [36m<div[31m
                [33mclass[31m=[32m"error-header"[31m
              [36m>[31m
                [36m<h4[31m
                  [33mclass[31m=[32m"error-title"[31m
                [36m>[31m
                  [0mConfiguration Required[0m
                [36m</h4>[31m
              [36m</div>[31m
              [36m<div[31m
                [33mclass[31m=[32m"error-body"[31m
              [36m>[31m
                [36m<p[31m
                  [33mclass[31m=[32m"error-text"[31m
                  [33mdata-testid[31m=[32m"configuration-error-message"[31m
                [36m>[31m
                  [0mPlease configure fixtures before requesting review[0m
                [36m</p>[31m
                [36m<div[31m
                  [33mclass[31m=[32m"error-details"[31m
                [36m>[31m
                  [36m<ul[31m
                    [33mclass[31m=[32m"list-unstyled"[31m
                  [36m>[31m
                    [36m<li[31m
                      [33mclass[31m=[32m"list-item"[31m
                    [36m>[31m
                      [0mConfiguration not found - please configure protobooth plugin[0m
                    [36m</li>[31m
                  [36m</ul>[31m
                [36m</div>[31m
              [36m</div>[31m
            [36m</div>[31m
            [36m<div[31m
              [33mclass[31m=[32m"actions"[31m
            [36m>[31m
              [36m<button[31m
                [33mclass[31m=[32m"btn btn-primary btn-medium btn-primary"[31m
                [33mdata-testid[31m=[32m"request-review-button"[31m
                [33mdisabled[31m=[32m""[31m
              [36m>[31m
                [0mRequest Review[0m
              [36m</button>[31m
            [36m</div>[31m
          [36m</div>[31m
        [36m</div>[31m
      [36m</div>[31m
    [36m</div>[31m
  [36m</body>[31m
[36m</html>[31m[39m
 [33m❯[39m tests/integration/development-ui-workflow.test.tsx [2m ([22m[2m19 tests[22m [2m|[22m [31m8 failed[39m[2m)[22m[33m 10175[2mms[22m[39m
[31m   [33m❯[31m tests/integration/development-ui-workflow.test.tsx[2m > [22mDevelopment UI Workflow Integration[2m > [22m4-State Workflow Progression[2m > [22mshould transition to "Reviews Requested" when Request Review is clicked[39m
[31m     → expected "spy" to be called with arguments: [ …(2) ][90m

Received: 

[1m  1st spy call:

[22m[2m  Array [[22m
[32m-   "protobooth-workflow-state.json",[90m
[32m-   StringContaining "\"state\": \"reviews-requested\"",[90m
[31m+   "workflow-state.json",[90m
[31m+   "{[90m
[31m+   \"state\": \"reviews-requested\",[90m
[31m+   \"timestamp\": \"2025-10-03T17:01:55.315Z\"[90m
[31m+ }",[90m
[2m  ][22m
[31m[90m

Number of calls: [1m1[22m
[31m

Ignored nodes: comments, script, style
[36m<html>[31m
  [36m<head />[31m
  [36m<body>[31m
    [36m<div>[31m
      [36m<div[31m
        [33mclass[31m=[32m"layout resolve-app"[31m
        [33mdata-testid[31m=[32m"resolve-app"[31m
        [33mid[31m=[32m"protobooth-resolve"[31m
      [36m>[31m
        [36m<aside[31m
          [33mclass[31m=[32m"sidebar"[31m
          [33mid[31m=[32m"sidebar"[31m
        [36m>[31m
          [36m<section[31m
            [33mclass[31m=[32m"sidebar-section title"[31m
            [33mid[31m=[32m"title"[31m
          [36m>[31m
            [36m<h1>[31m
              [0mScreenshots[0m
            [36m</h1>[31m
          [36m</section>[31m
          [36m<section[31m
            [33mclass[31m=[32m"sidebar-section nav"[31m
            [33mid[31m=[32m"nav"[31m
          [36m>[31m
            [36m<div[31m
              [33mclass[31m=[32m"active sidebar-link screenshot-link"[31m
            [36m>[31m
              [0mScreenshot 1[0m
            [36m</div>[31m
            [36m<div[31m
              [33mclass[31m=[32m"sidebar-link screenshot-link"[31m
            [36m>[31m
              [0mScreenshot 2[0m
            [36m</div>[31m
            [36m<div[31m
              [33mclass[31m=[32m"sidebar-link screenshot-link"[31m
            [36m>[31m
              [0mScreenshot 3[0m
            [36m</div>[31m
          [36m</section>[31m
        [36m</aside>[31m
        [36m<footer[31m
          [33mclass[31m=[32m"toolbar-stack"[31m
          [33mid[31m=[32m"toolbarStack"[31m
        [36m>[31m
          [36m<div[31m
            [33mclass[31m=[32m"toolbar toolMenu flex justify-between"[31m
            [33mid[31m=[32m"toolMenu"[31m
          [36m>[31m
            [36m<section>[31m
              [36m<button[31m
                [33mclass[31m=[32m"btn btn-toolbar btn-primary btn-medium"[31m
              [36m>[31m
                [0m&[0m
              [36m</button>[31m
              [36m<button[31m
                [33mclass[31m=[32m"btn btn-toolbar btn-primary btn-medium"[31m
              [36m>[31m
                [0m&[0m
              [36m</button>[31m
              [36m<button[31m
                [33mclass[31m=[32m"btn btn-toolbar btn-primary btn-medium"[31m
              [36m>[31m
                [0m&[0m
              [36m</button>[31m
              [36m<button[31m
                [33mclass[31m=[32m"btn btn-toolbar btn-primary btn-medium"[31m
              [36m>[31m
                [0m&[0m
              [36m</button>[31m
            [36m</section>[31m
          [36m</div>[31m
          [36m<div[31m
            [33mclass[31m=[32m"toolbar navMenu flex justify-between"[31m
            [33mid[31m=[32m"navMenu"[31m
          [36m>[31m
            [36m<button[31m
              [33mclass[31m=[32m"btn btn-toolbar btn-primary btn-medium"[31m
            [36m>[31m
              [0mPrev[0m
            [36m</button>[31m
            [36m<span>[31m
              [0m1/100[0m
            [36m</span>[31m
            [36m<button[31m
              [33mclass[31m=[32m"btn btn-toolbar btn-primary btn-medium"[31m
            [36m>[31m
              [0mNext[0m
            [36m</button>[31m
          [36m</div>[31m
        [36m</footer>[31m
        [36m<div[31m
          [33mclass[31m=[32m"header"[31m
        [36m>[31m
          [36m<h1>[31m
            [0mprotobooth Development Interface[0m
          [36m</h1>[31m
          [36m<span[31m
            [33mclass[31m=[32m"badge status-requested"[31m
          [36m>[31m
            [0mReviews Requested[0m
          [36m</span>[31m
        [36m</div>[31m
        [36m<div[31m
          [33mclass[31m=[32m"content"[31m
        [36m>[31m
          [36m<div[31m
            [33mclass[31m=[32m"error-card error-message"[31m
            [33mdata-testid[31m=[32m"general-error"[31m
          [36m>[31m
            [36m<div[31m
              [33mclass[31m=[32m"error-header"[31m
            [36m>[31m
              [36m<h4[31m
                [33mclass[31m=[32m"error-title"[31m
              [36m>[31m
                [0mError[0m
              [36m</h4>[31m
            [36m</div>[31m
            [36m<div[31m
              [33mclass[31m=[32m"error-body"[31m
            [36m>[31m
              [36m<p[31m
                [33mclass[31m=[32m"error-text"[31m
                [33mdata-testid[31m=[32m"general-error-message"[31m
              [36m>[31m
                [0mScreenshot capture failed: Failed to discover routes[0m
              [36m</p>[31m
            [36m</div>[31m
          [36m</div>[31m
          [36m<div[31m
            [33mclass[31m=[32m"workflow-state"[31m
            [33mdata-testid[31m=[32m"workflow-reviews-requested"[31m
          [36m>[31m
            [36m<h2[31m
              [33mdata-testid[31m=[32m"workflow-state-title"[31m
            [36m>[31m
              [0mReviews Requested[0m
            [36m</h2>[31m
            [36m<p>[31m
              [0mScreenshots are being captured...[0m
            [36m</p>[31m
            [36m<div[31m
              [33mclass[31m=[32m"progress-info"[31m
              [33mdata-testid[31m=[32m"capture-progress"[31m
            [36m>[31m
              [36m<p>[31m
                [0mScreenshot capture failed![0m
              [36m</p>[31m
            [36m</div>[31m
          [36m</div>[31m
        [36m</div>[31m
      [36m</div>[31m
    [36m</div>[31m
  [36m</body>[31m
[36m</html>[31m[39m
[31m   [33m❯[31m tests/integration/development-ui-workflow.test.tsx[2m > [22mDevelopment UI Workflow Integration[2m > [22mRequest Review Workflow[2m > [22mshould validate project configuration before requesting review[39m
[31m     → Unable to find an element by: [data-testid="configuration-error"]

Ignored nodes: comments, script, style
[36m<body>[31m
  [36m<div>[31m
    [36m<div[31m
      [33mclass[31m=[32m"layout resolve-app"[31m
      [33mdata-testid[31m=[32m"resolve-app"[31m
      [33mid[31m=[32m"protobooth-resolve"[31m
    [36m>[31m
      [36m<aside[31m
        [33mclass[31m=[32m"sidebar"[31m
        [33mid[31m=[32m"sidebar"[31m
      [36m>[31m
        [36m<section[31m
          [33mclass[31m=[32m"sidebar-section title"[31m
          [33mid[31m=[32m"title"[31m
        [36m>[31m
          [36m<h1>[31m
            [0mScreenshots[0m
          [36m</h1>[31m
        [36m</section>[31m
        [36m<section[31m
          [33mclass[31m=[32m"sidebar-section nav"[31m
          [33mid[31m=[32m"nav"[31m
        [36m>[31m
          [36m<div[31m
            [33mclass[31m=[32m"active sidebar-link screenshot-link"[31m
          [36m>[31m
            [0mScreenshot 1[0m
          [36m</div>[31m
          [36m<div[31m
            [33mclass[31m=[32m"sidebar-link screenshot-link"[31m
          [36m>[31m
            [0mScreenshot 2[0m
          [36m</div>[31m
          [36m<div[31m
            [33mclass[31m=[32m"sidebar-link screenshot-link"[31m
          [36m>[31m
            [0mScreenshot 3[0m
          [36m</div>[31m
        [36m</section>[31m
      [36m</aside>[31m
      [36m<footer[31m
        [33mclass[31m=[32m"toolbar-stack"[31m
        [33mid[31m=[32m"toolbarStack"[31m
      [36m>[31m
        [36m<div[31m
          [33mclass[31m=[32m"toolbar toolMenu flex justify-between"[31m
          [33mid[31m=[32m"toolMenu"[31m
        [36m>[31m
          [36m<section>[31m
            [36m<button[31m
              [33mclass[31m=[32m"btn btn-toolbar btn-primary btn-medium"[31m
            [36m>[31m
              [0m&[0m
            [36m</button>[31m
            [36m<button[31m
              [33mclass[31m=[32m"btn btn-toolbar btn-primary btn-medium"[31m
            [36m>[31m
              [0m&[0m
            [36m</button>[31m
            [36m<button[31m
              [33mclass[31m=[32m"btn btn-toolbar btn-primary btn-medium"[31m
            [36m>[31m
              [0m&[0m
            [36m</button>[31m
            [36m<button[31m
              [33mclass[31m=[32m"btn btn-toolbar btn-primary btn-medium"[31m
            [36m>[31m
              [0m&[0m
            [36m</button>[31m
          [36m</section>[31m
        [36m</div>[31m
        [36m<div[31m
          [33mclass[31m=[32m"toolbar navMenu flex justify-between"[31m
          [33mid[31m=[32m"navMenu"[31m
        [36m>[31m
          [36m<button[31m
            [33mclass[31m=[32m"btn btn-toolbar btn-primary btn-medium"[31m
          [36m>[31m
            [0mPrev[0m
          [36m</button>[31m
          [36m<span>[31m
            [0m1/100[0m
          [36m</span>[31m
          [36m<button[31m
            [33mclass[31m=[32m"btn btn-toolbar btn-primary btn-medium"[31m
          [36m>[31m
            [0mNext[0m
          [36m</button>[31m
        [36m</div>[31m
      [36m</footer>[31m
      [36m<div[31m
        [33mclass[31m=[32m"header"[31m
      [36m>[31m
        [36m<h1>[31m
          [0mprotobooth Development Interface[0m
        [36m</h1>[31m
        [36m<span[31m
          [33mclass[31m=[32m"badge status-requested"[31m
        [36m>[31m
          [0mReviews Requested[0m
        [36m</span>[31m
      [36m</div>[31m
      [36m<div[31m
        [33mclass[31m=[32m"content"[31m
      [36m>[31m
        [36m<div[31m
          [33mclass[31m=[32m"error-card error-message"[31m
          [33mdata-testid[31m=[32m"general-error"[31m
        [36m>[31m
          [36m<div[31m
            [33mclass[31m=[32m"error-header"[31m
          [36m>[31m
            [36m<h4[31m
              [33mclass[31m=[32m"error-title"[31m
            [36m>[31m
              [0mError[0m
            [36m</h4>[31m
          [36m</div>[31m
          [36m<div[31m
            [33mclass[31m=[32m"error-body"[31m
          [36m>[31m
            [36m<p[31m
              [33mclass[31m=[32m"error-text"[31m
              [33mdata-testid[31m=[32m"general-error-message"[31m
            [36m>[31m
              [0mScreenshot capture failed: Project path does not exist[0m
            [36m</p>[31m
          [36m</div>[31m
        [36m</div>[31m
        [36m<div[31m
          [33mclass[31m=[32m"workflow-state"[31m
          [33mdata-testid[31m=[32m"workflow-reviews-requested"[31m
        [36m>[31m
          [36m<h2[31m
            [33mdata-testid[31m=[32m"workflow-state-title"[31m
          [36m>[31m
            [0mReviews Requested[0m
          [36m</h2>[31m
          [36m<p>[31m
            [0mScreenshots are being captured...[0m
          [36m</p>[31m
          [36m<div[31m
            [33mclass[31m=[32m"progress-info"[31m
            [33mdata-testid[31m=[32m"capture-progress"[31m
          [36m>[31m
            [36m<p>[31m
              [0mScreenshot capture failed![0m
            [36m</p>[31m
          [36m</div>[31m
        [36m</div>[31m
      [36m</div>[31m
    [36m</div>[31m
  [36m</div>[31m
[36m</body>[31m

Ignored nodes: comments, script, style
[36m<html>[31m
  [36m<head />[31m
  [36m<body>[31m
    [36m<div>[31m
      [36m<div[31m
        [33mclass[31m=[32m"layout resolve-app"[31m
        [33mdata-testid[31m=[32m"resolve-app"[31m
        [33mid[31m=[32m"protobooth-resolve"[31m
      [36m>[31m
        [36m<aside[31m
          [33mclass[31m=[32m"sidebar"[31m
          [33mid[31m=[32m"sidebar"[31m
        [36m>[31m
          [36m<section[31m
            [33mclass[31m=[32m"sidebar-section title"[31m
            [33mid[31m=[32m"title"[31m
          [36m>[31m
            [36m<h1>[31m
              [0mScreenshots[0m
            [36m</h1>[31m
          [36m</section>[31m
          [36m<section[31m
            [33mclass[31m=[32m"sidebar-section nav"[31m
            [33mid[31m=[32m"nav"[31m
          [36m>[31m
            [36m<div[31m
              [33mclass[31m=[32m"active sidebar-link screenshot-link"[31m
            [36m>[31m
              [0mScreenshot 1[0m
            [36m</div>[31m
            [36m<div[31m
              [33mclass[31m=[32m"sidebar-link screenshot-link"[31m
            [36m>[31m
              [0mScreenshot 2[0m
            [36m</div>[31m
            [36m<div[31m
              [33mclass[31m=[32m"sidebar-link screenshot-link"[31m
            [36m>[31m
              [0mScreenshot 3[0m
            [36m</div>[31m
          [36m</section>[31m
        [36m</aside>[31m
        [36m<footer[31m
          [33mclass[31m=[32m"toolbar-stack"[31m
          [33mid[31m=[32m"toolbarStack"[31m
        [36m>[31m
          [36m<div[31m
            [33mclass[31m=[32m"toolbar toolMenu flex justify-between"[31m
            [33mid[31m=[32m"toolMenu"[31m
          [36m>[31m
            [36m<section>[31m
              [36m<button[31m
                [33mclass[31m=[32m"btn btn-toolbar btn-primary btn-medium"[31m
              [36m>[31m
                [0m&[0m
              [36m</button>[31m
              [36m<button[31m
                [33mclass[31m=[32m"btn btn-toolbar btn-primary btn-medium"[31m
              [36m>[31m
                [0m&[0m
              [36m</button>[31m
              [36m<button[31m
                [33mclass[31m=[32m"btn btn-toolbar btn-primary btn-medium"[31m
              [36m>[31m
                [0m&[0m
              [36m</button>[31m
              [36m<button[31m
                [33mclass[31m=[32m"btn btn-toolbar btn-primary btn-medium"[31m
              [36m>[31m
                [0m&[0m
              [36m</button>[31m
            [36m</section>[31m
          [36m</div>[31m
          [36m<div[31m
            [33mclass[31m=[32m"toolbar navMenu flex justify-between"[31m
            [33mid[31m=[32m"navMenu"[31m
          [36m>[31m
            [36m<button[31m
              [33mclass[31m=[32m"btn btn-toolbar btn-primary btn-medium"[31m
            [36m>[31m
              [0mPrev[0m
            [36m</button>[31m
            [36m<span>[31m
              [0m1/100[0m
            [36m</span>[31m
            [36m<button[31m
              [33mclass[31m=[32m"btn btn-toolbar btn-primary btn-medium"[31m
            [36m>[31m
              [0mNext[0m
            [36m</button>[31m
          [36m</div>[31m
        [36m</footer>[31m
        [36m<div[31m
          [33mclass[31m=[32m"header"[31m
        [36m>[31m
          [36m<h1>[31m
            [0mprotobooth Development Interface[0m
          [36m</h1>[31m
          [36m<span[31m
            [33mclass[31m=[32m"badge status-requested"[31m
          [36m>[31m
            [0mReviews Requested[0m
          [36m</span>[31m
        [36m</div>[31m
        [36m<div[31m
          [33mclass[31m=[32m"content"[31m
        [36m>[31m
          [36m<div[31m
            [33mclass[31m=[32m"error-card error-message"[31m
            [33mdata-testid[31m=[32m"general-error"[31m
          [36m>[31m
            [36m<div[31m
              [33mclass[31m=[32m"error-header"[31m
            [36m>[31m
              [36m<h4[31m
                [33mclass[31m=[32m"error-title"[31m
              [36m>[31m
                [0mError[0m
              [36m</h4>[31m
            [36m</div>[31m
            [36m<div[31m
              [33mclass[31m=[32m"error-body"[31m
            [36m>[31m
              [36m<p[31m
                [33mclass[31m=[32m"error-text"[31m
                [33mdata-testid[31m=[32m"general-error-message"[31m
              [36m>[31m
                [0mScreenshot capture failed: Project path does not exist[0m
              [36m</p>[31m
            [36m</div>[31m
          [36m</div>[31m
          [36m<div[31m
            [33mclass[31m=[32m"workflow-state"[31m
            [33mdata-testid[31m=[32m"workflow-reviews-requested"[31m
          [36m>[31m
            [36m<h2[31m
              [33mdata-testid[31m=[32m"workflow-state-title"[31m
            [36m>[31m
              [0mReviews Requested[0m
            [36m</h2>[31m
            [36m<p>[31m
              [0mScreenshots are being captured...[0m
            [36m</p>[31m
            [36m<div[31m
              [33mclass[31m=[32m"progress-info"[31m
              [33mdata-testid[31m=[32m"capture-progress"[31m
            [36m>[31m
              [36m<p>[31m
                [0mScreenshot capture failed![0m
              [36m</p>[31m
            [36m</div>[31m
          [36m</div>[31m
        [36m</div>[31m
      [36m</div>[31m
    [36m</div>[31m
  [36m</body>[31m
[36m</html>[31m[39m
[31m   [33m❯[31m tests/integration/development-ui-workflow.test.tsx[2m > [22mDevelopment UI Workflow Integration[2m > [22mRequest Review Workflow[2m > [22mshould generate deployment instructions after successful capture[39m
[31m     → Unable to find an element by: [data-testid="request-review-button"]

Ignored nodes: comments, script, style
[36m<body>[31m
  [36m<div>[31m
    [36m<div[31m
      [33mclass[31m=[32m"layout resolve-app"[31m
      [33mdata-testid[31m=[32m"resolve-app"[31m
      [33mid[31m=[32m"protobooth-resolve"[31m
    [36m>[31m
      [36m<aside[31m
        [33mclass[31m=[32m"sidebar"[31m
        [33mid[31m=[32m"sidebar"[31m
      [36m>[31m
        [36m<section[31m
          [33mclass[31m=[32m"sidebar-section title"[31m
          [33mid[31m=[32m"title"[31m
        [36m>[31m
          [36m<h1>[31m
            [0mScreenshots[0m
          [36m</h1>[31m
        [36m</section>[31m
        [36m<section[31m
          [33mclass[31m=[32m"sidebar-section nav"[31m
          [33mid[31m=[32m"nav"[31m
        [36m>[31m
          [36m<div[31m
            [33mclass[31m=[32m"active sidebar-link screenshot-link"[31m
          [36m>[31m
            [0mScreenshot 1[0m
          [36m</div>[31m
          [36m<div[31m
            [33mclass[31m=[32m"sidebar-link screenshot-link"[31m
          [36m>[31m
            [0mScreenshot 2[0m
          [36m</div>[31m
          [36m<div[31m
            [33mclass[31m=[32m"sidebar-link screenshot-link"[31m
          [36m>[31m
            [0mScreenshot 3[0m
          [36m</div>[31m
        [36m</section>[31m
      [36m</aside>[31m
      [36m<footer[31m
        [33mclass[31m=[32m"toolbar-stack"[31m
        [33mid[31m=[32m"toolbarStack"[31m
      [36m>[31m
        [36m<div[31m
          [33mclass[31m=[32m"toolbar toolMenu flex justify-between"[31m
          [33mid[31m=[32m"toolMenu"[31m
        [36m>[31m
          [36m<section>[31m
            [36m<button[31m
              [33mclass[31m=[32m"btn btn-toolbar btn-primary btn-medium"[31m
            [36m>[31m
              [0m&[0m
            [36m</button>[31m
            [36m<button[31m
              [33mclass[31m=[32m"btn btn-toolbar btn-primary btn-medium"[31m
            [36m>[31m
              [0m&[0m
            [36m</button>[31m
            [36m<button[31m
              [33mclass[31m=[32m"btn btn-toolbar btn-primary btn-medium"[31m
            [36m>[31m
              [0m&[0m
            [36m</button>[31m
            [36m<button[31m
              [33mclass[31m=[32m"btn btn-toolbar btn-primary btn-medium"[31m
            [36m>[31m
              [0m&[0m
            [36m</button>[31m
          [36m</section>[31m
        [36m</div>[31m
        [36m<div[31m
          [33mclass[31m=[32m"toolbar navMenu flex justify-between"[31m
          [33mid[31m=[32m"navMenu"[31m
        [36m>[31m
          [36m<button[31m
            [33mclass[31m=[32m"btn btn-toolbar btn-primary btn-medium"[31m
          [36m>[31m
            [0mPrev[0m
          [36m</button>[31m
          [36m<span>[31m
            [0m1/100[0m
          [36m</span>[31m
          [36m<button[31m
            [33mclass[31m=[32m"btn btn-toolbar btn-primary btn-medium"[31m
          [36m>[31m
            [0mNext[0m
          [36m</button>[31m
        [36m</div>[31m
      [36m</footer>[31m
      [36m<div[31m
        [33mclass[31m=[32m"header"[31m
      [36m>[31m
        [36m<h1>[31m
          [0mprotobooth Development Interface[0m
        [36m</h1>[31m
        [36m<span[31m
          [33mclass[31m=[32m"badge status-unknown"[31m
        [36m>[31m
          [0mUnknown[0m
        [36m</span>[31m
      [36m</div>[31m
      [36m<div[31m
        [33mclass[31m=[32m"content"[31m
      [36m>[31m
        [36m<div[31m
          [33mclass[31m=[32m"workflow-state"[31m
        [36m>[31m
          [36m<h2>[31m
            [0mUnknown State[0m
          [36m</h2>[31m
          [36m<p>[31m
            [0mWorkflow is in an unknown state.[0m
          [36m</p>[31m
        [36m</div>[31m
      [36m</div>[31m
    [36m</div>[31m
  [36m</div>[31m
[36m</body>[31m

Ignored nodes: comments, script, style
[36m<body>[31m
  [36m<div>[31m
    [36m<div[31m
      [33mclass[31m=[32m"layout resolve-app"[31m
      [33mdata-testid[31m=[32m"resolve-app"[31m
      [33mid[31m=[32m"protobooth-resolve"[31m
    [36m>[31m
      [36m<aside[31m
        [33mclass[31m=[32m"sidebar"[31m
        [33mid[31m=[32m"sidebar"[31m
      [36m>[31m
        [36m<section[31m
          [33mclass[31m=[32m"sidebar-section title"[31m
          [33mid[31m=[32m"title"[31m
        [36m>[31m
          [36m<h1>[31m
            [0mScreenshots[0m
          [36m</h1>[31m
        [36m</section>[31m
        [36m<section[31m
          [33mclass[31m=[32m"sidebar-section nav"[31m
          [33mid[31m=[32m"nav"[31m
        [36m>[31m
          [36m<div[31m
            [33mclass[31m=[32m"active sidebar-link screenshot-link"[31m
          [36m>[31m
            [0mScreenshot 1[0m
          [36m</div>[31m
          [36m<div[31m
            [33mclass[31m=[32m"sidebar-link screenshot-link"[31m
          [36m>[31m
            [0mScreenshot 2[0m
          [36m</div>[31m
          [36m<div[31m
            [33mclass[31m=[32m"sidebar-link screenshot-link"[31m
          [36m>[31m
            [0mScreenshot 3[0m
          [36m</div>[31m
        [36m</section>[31m
      [36m</aside>[31m
      [36m<footer[31m
        [33mclass[31m=[32m"toolbar-stack"[31m
        [33mid[31m=[32m"toolbarStack"[31m
      [36m>[31m
        [36m<div[31m
          [33mclass[31m=[32m"toolbar toolMenu flex justify-between"[31m
          [33mid[31m=[32m"toolMenu"[31m
        [36m>[31m
          [36m<section>[31m
            [36m<button[31m
              [33mclass[31m=[32m"btn btn-toolbar btn-primary btn-medium"[31m
            [36m>[31m
              [0m&[0m
            [36m</button>[31m
            [36m<button[31m
              [33mclass[31m=[32m"btn btn-toolbar btn-primary btn-medium"[31m
            [36m>[31m
              [0m&[0m
            [36m</button>[31m
            [36m<button[31m
              [33mclass[31m=[32m"btn btn-toolbar btn-primary btn-medium"[31m
            [36m>[31m
              [0m&[0m
            [36m</button>[31m
            [36m<button[31m
              [33mclass[31m=[32m"btn btn-toolbar btn-primary btn-medium"[31m
            [36m>[31m
              [0m&[0m
            [36m</button>[31m
          [36m</section>[31m
        [36m</div>[31m
        [36m<div[31m
          [33mclass[31m=[32m"toolbar navMenu flex justify-between"[31m
          [33mid[31m=[32m"navMenu"[31m
        [36m>[31m
          [36m<button[31m
            [33mclass[31m=[32m"btn btn-toolbar btn-primary btn-medium"[31m
          [36m>[31m
            [0mPrev[0m
          [36m</button>[31m
          [36m<span>[31m
            [0m1/100[0m
          [36m</span>[31m
          [36m<button[31m
            [33mclass[31m=[32m"btn btn-toolbar btn-primary btn-medium"[31m
          [36m>[31m
            [0mNext[0m
          [36m</button>[31m
        [36m</div>[31m
      [36m</footer>[31m
      [36m<div[31m
        [33mclass[31m=[32m"header"[31m
      [36m>[31m
        [36m<h1>[31m
          [0mprotobooth Development Interface[0m
        [36m</h1>[31m
        [36m<span[31m
          [33mclass[31m=[32m"badge status-unknown"[31m
        [36m>[31m
          [0mUnknown[0m
        [36m</span>[31m
      [36m</div>[31m
      [36m<div[31m
        [33mclass[31m=[32m"content"[31m
      [36m>[31m
        [36m<div[31m
          [33mclass[31m=[32m"workflow-state"[31m
        [36m>[31m
          [36m<h2>[31m
            [0mUnknown State[0m
          [36m</h2>[31m
          [36m<p>[31m
            [0mWorkflow is in an unknown state.[0m
          [36m</p>[31m
        [36m</div>[31m
      [36m</div>[31m
    [36m</div>[31m
  [36m</div>[31m
[36m</body>[31m[39m
[31m   [33m❯[31m tests/integration/development-ui-workflow.test.tsx[2m > [22mDevelopment UI Workflow Integration[2m > [22mRequest Review Workflow[2m > [22mshould handle screenshot capture failures gracefully[39m
[31m     → Unable to find an element by: [data-testid="general-error"]

Ignored nodes: comments, script, style
[36m<body>[31m
  [36m<div>[31m
    [36m<div[31m
      [33mclass[31m=[32m"layout resolve-app"[31m
      [33mdata-testid[31m=[32m"resolve-app"[31m
      [33mid[31m=[32m"protobooth-resolve"[31m
    [36m>[31m
      [36m<aside[31m
        [33mclass[31m=[32m"sidebar"[31m
        [33mid[31m=[32m"sidebar"[31m
      [36m>[31m
        [36m<section[31m
          [33mclass[31m=[32m"sidebar-section title"[31m
          [33mid[31m=[32m"title"[31m
        [36m>[31m
          [36m<h1>[31m
            [0mScreenshots[0m
          [36m</h1>[31m
        [36m</section>[31m
        [36m<section[31m
          [33mclass[31m=[32m"sidebar-section nav"[31m
          [33mid[31m=[32m"nav"[31m
        [36m>[31m
          [36m<div[31m
            [33mclass[31m=[32m"active sidebar-link screenshot-link"[31m
          [36m>[31m
            [0mScreenshot 1[0m
          [36m</div>[31m
          [36m<div[31m
            [33mclass[31m=[32m"sidebar-link screenshot-link"[31m
          [36m>[31m
            [0mScreenshot 2[0m
          [36m</div>[31m
          [36m<div[31m
            [33mclass[31m=[32m"sidebar-link screenshot-link"[31m
          [36m>[31m
            [0mScreenshot 3[0m
          [36m</div>[31m
        [36m</section>[31m
      [36m</aside>[31m
      [36m<footer[31m
        [33mclass[31m=[32m"toolbar-stack"[31m
        [33mid[31m=[32m"toolbarStack"[31m
      [36m>[31m
        [36m<div[31m
          [33mclass[31m=[32m"toolbar toolMenu flex justify-between"[31m
          [33mid[31m=[32m"toolMenu"[31m
        [36m>[31m
          [36m<section>[31m
            [36m<button[31m
              [33mclass[31m=[32m"btn btn-toolbar btn-primary btn-medium"[31m
            [36m>[31m
              [0m&[0m
            [36m</button>[31m
            [36m<button[31m
              [33mclass[31m=[32m"btn btn-toolbar btn-primary btn-medium"[31m
            [36m>[31m
              [0m&[0m
            [36m</button>[31m
            [36m<button[31m
              [33mclass[31m=[32m"btn btn-toolbar btn-primary btn-medium"[31m
            [36m>[31m
              [0m&[0m
            [36m</button>[31m
            [36m<button[31m
              [33mclass[31m=[32m"btn btn-toolbar btn-primary btn-medium"[31m
            [36m>[31m
              [0m&[0m
            [36m</button>[31m
          [36m</section>[31m
        [36m</div>[31m
        [36m<div[31m
          [33mclass[31m=[32m"toolbar navMenu flex justify-between"[31m
          [33mid[31m=[32m"navMenu"[31m
        [36m>[31m
          [36m<button[31m
            [33mclass[31m=[32m"btn btn-toolbar btn-primary btn-medium"[31m
          [36m>[31m
            [0mPrev[0m
          [36m</button>[31m
          [36m<span>[31m
            [0m1/100[0m
          [36m</span>[31m
          [36m<button[31m
            [33mclass[31m=[32m"btn btn-toolbar btn-primary btn-medium"[31m
          [36m>[31m
            [0mNext[0m
          [36m</button>[31m
        [36m</div>[31m
      [36m</footer>[31m
      [36m<div[31m
        [33mclass[31m=[32m"header"[31m
      [36m>[31m
        [36m<h1>[31m
          [0mprotobooth Development Interface[0m
        [36m</h1>[31m
        [36m<span[31m
          [33mclass[31m=[32m"badge status-development"[31m
        [36m>[31m
          [0mIn Development[0m
        [36m</span>[31m
      [36m</div>[31m
      [36m<div[31m
        [33mclass[31m=[32m"content"[31m
      [36m>[31m
        [36m<div[31m
          [33mclass[31m=[32m"workflow-state"[31m
          [33mdata-testid[31m=[32m"workflow-in-development"[31m
        [36m>[31m
          [36m<h2[31m
            [33mdata-testid[31m=[32m"workflow-state-title"[31m
          [36m>[31m
            [0mIn Development[0m
          [36m</h2>[31m
          [36m<p>[31m
            [0mReady to request client review of your prototype.[0m
          [36m</p>[31m
          [36m<div[31m
            [33mclass[31m=[32m"error-card"[31m
            [33mdata-testid[31m=[32m"configuration-error"[31m
          [36m>[31m
            [36m<div[31m
              [33mclass[31m=[32m"error-header"[31m
            [36m>[31m
              [36m<h4[31m
                [33mclass[31m=[32m"error-title"[31m
              [36m>[31m
                [0mConfiguration Required[0m
              [36m</h4>[31m
            [36m</div>[31m
            [36m<div[31m
              [33mclass[31m=[32m"error-body"[31m
            [36m>[31m
              [36m<p[31m
                [33mclass[31m=[32m"error-text"[31m
                [33mdata-testid[31m=[32m"configuration-error-message"[31m
              [36m>[31m
                [0mPlease configure fixtures before requesting review[0m
              [36m</p>[31m
              [36m<div[31m
                [33mclass[31m=[32m"error-details"[31m
              [36m>[31m
                [36m<ul[31m
                  [33mclass[31m=[32m"list-unstyled"[31m
                [36m>[31m
                  [36m<li[31m
                    [33mclass[31m=[32m"list-item"[31m
                  [36m>[31m
                    [0mConfiguration not found - please configure protobooth plugin[0m
                  [36m</li>[31m
                [36m</ul>[31m
              [36m</div>[31m
            [36m</div>[31m
          [36m</div>[31m
          [36m<div[31m
            [33mclass[31m=[32m"actions"[31m
          [36m>[31m
            [36m<button[31m
              [33mclass[31m=[32m"btn btn-primary btn-medium btn-primary"[31m
              [33mdata-testid[31m=[32m"request-review-button"[31m
              [33mdisabled[31m=[32m""[31m
            [36m>[31m
              [0mRequest Review[0m
            [36m</button>[31m
          [36m</div>[31m
        [36m</div>[31m
      [36m</div>[31m
    [36m</div>[31m
  [36m</div>[31m
[36m</body>[31m

Ignored nodes: comments, script, style
[36m<html>[31m
  [36m<head />[31m
  [36m<body>[31m
    [36m<div>[31m
      [36m<div[31m
        [33mclass[31m=[32m"layout resolve-app"[31m
        [33mdata-testid[31m=[32m"resolve-app"[31m
        [33mid[31m=[32m"protobooth-resolve"[31m
      [36m>[31m
        [36m<aside[31m
          [33mclass[31m=[32m"sidebar"[31m
          [33mid[31m=[32m"sidebar"[31m
        [36m>[31m
          [36m<section[31m
            [33mclass[31m=[32m"sidebar-section title"[31m
            [33mid[31m=[32m"title"[31m
          [36m>[31m
            [36m<h1>[31m
              [0mScreenshots[0m
            [36m</h1>[31m
          [36m</section>[31m
          [36m<section[31m
            [33mclass[31m=[32m"sidebar-section nav"[31m
            [33mid[31m=[32m"nav"[31m
          [36m>[31m
            [36m<div[31m
              [33mclass[31m=[32m"active sidebar-link screenshot-link"[31m
            [36m>[31m
              [0mScreenshot 1[0m
            [36m</div>[31m
            [36m<div[31m
              [33mclass[31m=[32m"sidebar-link screenshot-link"[31m
            [36m>[31m
              [0mScreenshot 2[0m
            [36m</div>[31m
            [36m<div[31m
              [33mclass[31m=[32m"sidebar-link screenshot-link"[31m
            [36m>[31m
              [0mScreenshot 3[0m
            [36m</div>[31m
          [36m</section>[31m
        [36m</aside>[31m
        [36m<footer[31m
          [33mclass[31m=[32m"toolbar-stack"[31m
          [33mid[31m=[32m"toolbarStack"[31m
        [36m>[31m
          [36m<div[31m
            [33mclass[31m=[32m"toolbar toolMenu flex justify-between"[31m
            [33mid[31m=[32m"toolMenu"[31m
          [36m>[31m
            [36m<section>[31m
              [36m<button[31m
                [33mclass[31m=[32m"btn btn-toolbar btn-primary btn-medium"[31m
              [36m>[31m
                [0m&[0m
              [36m</button>[31m
              [36m<button[31m
                [33mclass[31m=[32m"btn btn-toolbar btn-primary btn-medium"[31m
              [36m>[31m
                [0m&[0m
              [36m</button>[31m
              [36m<button[31m
                [33mclass[31m=[32m"btn btn-toolbar btn-primary btn-medium"[31m
              [36m>[31m
                [0m&[0m
              [36m</button>[31m
              [36m<button[31m
                [33mclass[31m=[32m"btn btn-toolbar btn-primary btn-medium"[31m
              [36m>[31m
                [0m&[0m
              [36m</button>[31m
            [36m</section>[31m
          [36m</div>[31m
          [36m<div[31m
            [33mclass[31m=[32m"toolbar navMenu flex justify-between"[31m
            [33mid[31m=[32m"navMenu"[31m
          [36m>[31m
            [36m<button[31m
              [33mclass[31m=[32m"btn btn-toolbar btn-primary btn-medium"[31m
            [36m>[31m
              [0mPrev[0m
            [36m</button>[31m
            [36m<span>[31m
              [0m1/100[0m
            [36m</span>[31m
            [36m<button[31m
              [33mclass[31m=[32m"btn btn-toolbar btn-primary btn-medium"[31m
            [36m>[31m
              [0mNext[0m
            [36m</button>[31m
          [36m</div>[31m
        [36m</footer>[31m
        [36m<div[31m
          [33mclass[31m=[32m"header"[31m
        [36m>[31m
          [36m<h1>[31m
            [0mprotobooth Development Interface[0m
          [36m</h1>[31m
          [36m<span[31m
            [33mclass[31m=[32m"badge status-development"[31m
          [36m>[31m
            [0mIn Development[0m
          [36m</span>[31m
        [36m</div>[31m
        [36m<div[31m
          [33mclass[31m=[32m"content"[31m
        [36m>[31m
          [36m<div[31m
            [33mclass[31m=[32m"workflow-state"[31m
            [33mdata-testid[31m=[32m"workflow-in-development"[31m
          [36m>[31m
            [36m<h2[31m
              [33mdata-testid[31m=[32m"workflow-state-title"[31m
            [36m>[31m
              [0mIn Development[0m
            [36m</h2>[31m
            [36m<p>[31m
              [0mReady to request client review of your prototype.[0m
            [36m</p>[31m
            [36m<div[31m
              [33mclass[31m=[32m"error-card"[31m
              [33mdata-testid[31m=[32m"configuration-error"[31m
            [36m>[31m
              [36m<div[31m
                [33mclass[31m=[32m"error-header"[31m
              [36m>[31m
                [36m<h4[31m
                  [33mclass[31m=[32m"error-title"[31m
                [36m>[31m
                  [0mConfiguration Required[0m
                [36m</h4>[31m
              [36m</div>[31m
              [36m<div[31m
                [33mclass[31m=[32m"error-body"[31m
              [36m>[31m
                [36m<p[31m
                  [33mclass[31m=[32m"error-text"[31m
                  [33mdata-testid[31m=[32m"configuration-error-message"[31m
                [36m>[31m
                  [0mPlease configure fixtures before requesting review[0m
                [36m</p>[31m
                [36m<div[31m
                  [33mclass[31m=[32m"error-details"[31m
                [36m>[31m
                  [36m<ul[31m
                    [33mclass[31m=[32m"list-unstyled"[31m
                  [36m>[31m
                    [36m<li[31m
                      [33mclass[31m=[32m"list-item"[31m
                    [36m>[31m
                      [0mConfiguration not found - please configure protobooth plugin[0m
                    [36m</li>[31m
                  [36m</ul>[31m
                [36m</div>[31m
              [36m</div>[31m
            [36m</div>[31m
            [36m<div[31m
              [33mclass[31m=[32m"actions"[31m
            [36m>[31m
              [36m<button[31m
                [33mclass[31m=[32m"btn btn-primary btn-medium btn-primary"[31m
                [33mdata-testid[31m=[32m"request-review-button"[31m
                [33mdisabled[31m=[32m""[31m
              [36m>[31m
                [0mRequest Review[0m
              [36m</button>[31m
            [36m</div>[31m
          [36m</div>[31m
        [36m</div>[31m
      [36m</div>[31m
    [36m</div>[31m
  [36m</body>[31m
[36m</html>[31m[39m
[31m   [33m❯[31m tests/integration/development-ui-workflow.test.tsx[2m > [22mDevelopment UI Workflow Integration[2m > [22mAnnotation Download and Resolution[2m > [22mshould download annotation bundle when available[39m
[31m     → expected "spy" to be called with arguments: [ …(2) ][90m

Received: 

[1m  1st spy call:

[22m[2m  Array [[22m
[32m-   "protobooth-workflow-state.json",[90m
[32m-   StringContaining "\"state\": \"submitted-for-development\"",[90m
[31m+   "workflow-state.json",[90m
[31m+   "{[90m
[31m+   \"state\": \"submitted-for-development\",[90m
[31m+   \"timestamp\": \"2025-10-03T17:02:00.486Z\"[90m
[31m+ }",[90m
[2m  ][22m
[31m[90m

Number of calls: [1m1[22m
[31m

Ignored nodes: comments, script, style
[36m<html>[31m
  [36m<head />[31m
  [36m<body>[31m
    [36m<div>[31m
      [36m<div[31m
        [33mclass[31m=[32m"layout resolve-app"[31m
        [33mdata-testid[31m=[32m"resolve-app"[31m
        [33mid[31m=[32m"protobooth-resolve"[31m
      [36m>[31m
        [36m<aside[31m
          [33mclass[31m=[32m"sidebar"[31m
          [33mid[31m=[32m"sidebar"[31m
        [36m>[31m
          [36m<section[31m
            [33mclass[31m=[32m"sidebar-section title"[31m
            [33mid[31m=[32m"title"[31m
          [36m>[31m
            [36m<h1>[31m
              [0mScreenshots[0m
            [36m</h1>[31m
          [36m</section>[31m
          [36m<section[31m
            [33mclass[31m=[32m"sidebar-section nav"[31m
            [33mid[31m=[32m"nav"[31m
          [36m>[31m
            [36m<div[31m
              [33mclass[31m=[32m"active sidebar-link screenshot-link"[31m
            [36m>[31m
              [0mScreenshot 1[0m
            [36m</div>[31m
            [36m<div[31m
              [33mclass[31m=[32m"sidebar-link screenshot-link"[31m
            [36m>[31m
              [0mScreenshot 2[0m
            [36m</div>[31m
            [36m<div[31m
              [33mclass[31m=[32m"sidebar-link screenshot-link"[31m
            [36m>[31m
              [0mScreenshot 3[0m
            [36m</div>[31m
          [36m</section>[31m
        [36m</aside>[31m
        [36m<footer[31m
          [33mclass[31m=[32m"toolbar-stack"[31m
          [33mid[31m=[32m"toolbarStack"[31m
        [36m>[31m
          [36m<div[31m
            [33mclass[31m=[32m"toolbar toolMenu flex justify-between"[31m
            [33mid[31m=[32m"toolMenu"[31m
          [36m>[31m
            [36m<section>[31m
              [36m<button[31m
                [33mclass[31m=[32m"btn btn-toolbar btn-primary btn-medium"[31m
              [36m>[31m
                [0m&[0m
              [36m</button>[31m
              [36m<button[31m
                [33mclass[31m=[32m"btn btn-toolbar btn-primary btn-medium"[31m
              [36m>[31m
                [0m&[0m
              [36m</button>[31m
              [36m<button[31m
                [33mclass[31m=[32m"btn btn-toolbar btn-primary btn-medium"[31m
              [36m>[31m
                [0m&[0m
              [36m</button>[31m
              [36m<button[31m
                [33mclass[31m=[32m"btn btn-toolbar btn-primary btn-medium"[31m
              [36m>[31m
                [0m&[0m
              [36m</button>[31m
            [36m</section>[31m
          [36m</div>[31m
          [36m<div[31m
            [33mclass[31m=[32m"toolbar navMenu flex justify-between"[31m
            [33mid[31m=[32m"navMenu"[31m
          [36m>[31m
            [36m<button[31m
              [33mclass[31m=[32m"btn btn-toolbar btn-primary btn-medium"[31m
            [36m>[31m
              [0mPrev[0m
            [36m</button>[31m
            [36m<span>[31m
              [0m1/100[0m
            [36m</span>[31m
            [36m<button[31m
              [33mclass[31m=[32m"btn btn-toolbar btn-primary btn-medium"[31m
            [36m>[31m
              [0mNext[0m
            [36m</button>[31m
          [36m</div>[31m
        [36m</footer>[31m
        [36m<div[31m
          [33mclass[31m=[32m"header"[31m
        [36m>[31m
          [36m<h1>[31m
            [0mprotobooth Development Interface[0m
          [36m</h1>[31m
          [36m<span[31m
            [33mclass[31m=[32m"badge status-submitted"[31m
          [36m>[31m
            [0mSubmitted For Development[0m
          [36m</span>[31m
        [36m</div>[31m
        [36m<div[31m
          [33mclass[31m=[32m"content"[31m
        [36m>[31m
          [36m<div[31m
            [33mclass[31m=[32m"workflow-state"[31m
            [33mdata-testid[31m=[32m"workflow-submitted-for-development"[31m
          [36m>[31m
            [36m<h2[31m
              [33mdata-testid[31m=[32m"workflow-state-title"[31m
            [36m>[31m
              [0mSubmitted For Development[0m
            [36m</h2>[31m
            [36m<p[31m
              [33mdata-testid[31m=[32m"annotations-count"[31m
            [36m>[31m
              [0m0[0m
              [0m annotations ready for resolution.[0m
            [36m</p>[31m
            [36m<div[31m
              [33mclass[31m=[32m"annotation-list list-empty"[31m
              [33mdata-testid[31m=[32m"annotation-list"[31m
            [36m>[31m
              [36m<p>[31m
                [0mNo annotations available.[0m
              [36m</p>[31m
            [36m</div>[31m
            [36m<div[31m
              [33mclass[31m=[32m"actions"[31m
            [36m>[31m
              [36m<button[31m
                [33mclass[31m=[32m"btn btn-primary btn-medium"[31m
                [33mdata-testid[31m=[32m"start-new-review-cycle-button"[31m
              [36m>[31m
                [0mStart New Review Cycle[0m
              [36m</button>[31m
            [36m</div>[31m
          [36m</div>[31m
        [36m</div>[31m
      [36m</div>[31m
    [36m</div>[31m
  [36m</body>[31m
[36m</html>[31m[39m
[31m   [33m❯[31m tests/integration/development-ui-workflow.test.tsx[2m > [22mDevelopment UI Workflow Integration[2m > [22mAnnotation Download and Resolution[2m > [22mshould allow marking annotations as resolved[39m
[31m     → expected "spy" to be called with arguments: [ 'protobooth-annotations.json', …(1) ][90m

Received: 

[1m  1st spy call:

[22m[2m  Array [[22m
[32m-   "protobooth-annotations.json",[90m
[32m-   StringContaining "\"status\": \"resolved\"",[90m
[31m+   "annotations.json",[90m
[31m+   "[[90m
[31m+   {[90m
[31m+     \"id\": \"ann-1\",[90m
[31m+     \"timestamp\": \"2025-10-03T17:02:01.681Z\",[90m
[31m+     \"route\": \"/\",[90m
[31m+     \"viewport\": \"desktop\",[90m
[31m+     \"position\": {[90m
[31m+       \"x\": 100,[90m
[31m+       \"y\": 200[90m
[31m+     },[90m
[31m+     \"content\": \"Fix navigation\",[90m
[31m+     \"priority\": \"high\",[90m
[31m+     \"status\": \"resolved\"[90m
[31m+   }[90m
[31m+ ]",[90m
[2m  ][22m
[31m[90m

Number of calls: [1m1[22m
[31m

Ignored nodes: comments, script, style
[36m<html>[31m
  [36m<head />[31m
  [36m<body>[31m
    [36m<div>[31m
      [36m<div[31m
        [33mclass[31m=[32m"layout resolve-app"[31m
        [33mdata-testid[31m=[32m"resolve-app"[31m
        [33mid[31m=[32m"protobooth-resolve"[31m
      [36m>[31m
        [36m<aside[31m
          [33mclass[31m=[32m"sidebar"[31m
          [33mid[31m=[32m"sidebar"[31m
        [36m>[31m
          [36m<section[31m
            [33mclass[31m=[32m"sidebar-section title"[31m
            [33mid[31m=[32m"title"[31m
          [36m>[31m
            [36m<h1>[31m
              [0mScreenshots[0m
            [36m</h1>[31m
          [36m</section>[31m
          [36m<section[31m
            [33mclass[31m=[32m"sidebar-section nav"[31m
            [33mid[31m=[32m"nav"[31m
          [36m>[31m
            [36m<div[31m
              [33mclass[31m=[32m"active sidebar-link screenshot-link"[31m
            [36m>[31m
              [0mScreenshot 1[0m
            [36m</div>[31m
            [36m<div[31m
              [33mclass[31m=[32m"sidebar-link screenshot-link"[31m
            [36m>[31m
              [0mScreenshot 2[0m
            [36m</div>[31m
            [36m<div[31m
              [33mclass[31m=[32m"sidebar-link screenshot-link"[31m
            [36m>[31m
              [0mScreenshot 3[0m
            [36m</div>[31m
          [36m</section>[31m
        [36m</aside>[31m
        [36m<footer[31m
          [33mclass[31m=[32m"toolbar-stack"[31m
          [33mid[31m=[32m"toolbarStack"[31m
        [36m>[31m
          [36m<div[31m
            [33mclass[31m=[32m"toolbar toolMenu flex justify-between"[31m
            [33mid[31m=[32m"toolMenu"[31m
          [36m>[31m
            [36m<section>[31m
              [36m<button[31m
                [33mclass[31m=[32m"btn btn-toolbar btn-primary btn-medium"[31m
              [36m>[31m
                [0m&[0m
              [36m</button>[31m
              [36m<button[31m
                [33mclass[31m=[32m"btn btn-toolbar btn-primary btn-medium"[31m
              [36m>[31m
                [0m&[0m
              [36m</button>[31m
              [36m<button[31m
                [33mclass[31m=[32m"btn btn-toolbar btn-primary btn-medium"[31m
              [36m>[31m
                [0m&[0m
              [36m</button>[31m
              [36m<button[31m
                [33mclass[31m=[32m"btn btn-toolbar btn-primary btn-medium"[31m
              [36m>[31m
                [0m&[0m
              [36m</button>[31m
            [36m</section>[31m
          [36m</div>[31m
          [36m<div[31m
            [33mclass[31m=[32m"toolbar navMenu flex justify-between"[31m
            [33mid[31m=[32m"navMenu"[31m
          [36m>[31m
            [36m<button[31m
              [33mclass[31m=[32m"btn btn-toolbar btn-primary btn-medium"[31m
            [36m>[31m
              [0mPrev[0m
            [36m</button>[31m
            [36m<span>[31m
              [0m1/100[0m
            [36m</span>[31m
            [36m<button[31m
              [33mclass[31m=[32m"btn btn-toolbar btn-primary btn-medium"[31m
            [36m>[31m
              [0mNext[0m
            [36m</button>[31m
          [36m</div>[31m
        [36m</footer>[31m
        [36m<div[31m
          [33mclass[31m=[32m"header"[31m
        [36m>[31m
          [36m<h1>[31m
            [0mprotobooth Development Interface[0m
          [36m</h1>[31m
          [36m<span[31m
            [33mclass[31m=[32m"badge status-submitted"[31m
          [36m>[31m
            [0mSubmitted For Development[0m
          [36m</span>[31m
        [36m</div>[31m
        [36m<div[31m
          [33mclass[31m=[32m"content"[31m
        [36m>[31m
          [36m<div[31m
            [33mclass[31m=[32m"workflow-state"[31m
            [33mdata-testid[31m=[32m"workflow-submitted-for-development"[31m
          [36m>[31m
            [36m<h2[31m
              [33mdata-testid[31m=[32m"workflow-state-title"[31m
            [36m>[31m
              [0mSubmitted For Development[0m
            [36m</h2>[31m
            [36m<p[31m
              [33mdata-testid[31m=[32m"annotations-count"[31m
            [36m>[31m
              [0m1[0m
              [0m annotations ready for resolution.[0m
            [36m</p>[31m
            [36m<div[31m
              [33mclass[31m=[32m"progress-bar progress-bar"[31m
            [36m>[31m
              [36m<div[31m
                [33mclass[31m=[32m"progress-label"[31m
              [36m>[31m
                [0m1 of 1 annotations resolved[0m
                [36m<span[31m
                  [33mclass[31m=[32m"progress-percentage"[31m
                [36m>[31m
                  [0m100[0m
                  [0m%[0m
                [36m</span>[31m
              [36m</div>[31m
              [36m<div[31m
                [33mclass[31m=[32m"progress-track"[31m
              [36m>[31m
                [36m<div[31m
                  [33mclass[31m=[32m"progress-fill"[31m
                  [33mstyle[31m=[32m"width: 100%;"[31m
                [36m/>[31m
              [36m</div>[31m
            [36m</div>[31m
            [36m<div[31m
              [33mclass[31m=[32m"annotation-list"[31m
              [33mdata-testid[31m=[32m"annotation-list"[31m
            [36m>[31m
              [36m<div[31m
                [33mclass[31m=[32m"annotation-group"[31m
              [36m>[31m
                [36m<h3>[31m
                  [0mResolved ([0m
                  [0m1[0m
                  [0m)[0m
                [36m</h3>[31m
                [36m<div[31m
                  [33mclass[31m=[32m"annotation-item priority-high"[31m
                [36m>[31m
                  [36m<div[31m
                    [33mclass[31m=[32m"item-header"[31m
                  [36m>[31m
                    [36m<div[31m
                      [33mclass[31m=[32m"meta-info"[31m
                    [36m>[31m
                      [36m<span[31m
                        [33mclass[31m=[32m"route-label"[31m
                      [36m>[31m
                        [0m/[0m
                      [36m</span>[31m
                      [36m<span[31m
                        [33mclass[31m=[32m"viewport-label"[31m
                      [36m>[31m
                        [0mdesktop[0m
                      [36m</span>[31m
                      [36m<span[31m
                        [33mclass[31m=[32m"priority-badge priority-high"[31m
                      [36m>[31m
                        [0mhigh[0m
                        [0m priority[0m
                      [36m</span>[31m
                    [36m</div>[31m
                    [36m<span[31m
                      [33mclass[31m=[32m"badge status-resolved"[31m
                    [36m>[31m
                      [0mResolved[0m
                    [36m</span>[31m
                  [36m</div>[31m
                  [36m<div[31m
                    [33mclass[31m=[32m"item-content"[31m
                  [36m>[31m
                    [36m<p>[31m
                      [0mFix navigation[0m
                    [36m</p>[31m
                  [36m</div>[31m
                  [36m<div[31m
                    [33mclass[31m=[32m"position-info"[31m
                  [36m>[31m
                    [0mPosition: x=[0m
                    [0m100[0m
                    [0m, y=[0m
                    [0m200[0m
                  [36m</div>[31m
                  [36m<div[31m
                    [33mclass[31m=[32m"actions"[31m
                  [36m/>[31m
                  [36m<div[31m
                    [33mclass[31m=[32m"timestamp"[31m
                  [36m>[31m
                    [0m2025-10-03T17:02:01.681Z[0m
                  [36m</div>[31m
                [36m</div>[31m
              [36m</div>[31m
            [36m</div>[31m
            [36m<div[31m
              [33mclass[31m=[32m"actions"[31m
            [36m>[31m
              [36m<button[31m
                [33mclass[31m=[32m"btn btn-primary btn-medium"[31m
                [33mdata-testid[31m=[32m"start-new-review-cycle-button"[31m
              [36m>[31m
                [0mStart New Review Cycle[0m
              [36m</button>[31m
            [36m</div>[31m
          [36m</div>[31m
        [36m</div>[31m
      [36m</div>[31m
    [36m</div>[31m
  [36m</body>[31m
[36m</html>[31m[39m
[31m   [33m❯[31m tests/integration/development-ui-workflow.test.tsx[2m > [22mDevelopment UI Workflow Integration[2m > [22mState Persistence[2m > [22mshould persist workflow state across dev server restarts[39m
[31m     → expected "spy" to be called with arguments: [ …(2) ][90m

Received: 

[1m  1st spy call:

[22m[2m  Array [[22m
[32m-   "protobooth-workflow-state.json",[90m
[32m-   StringContaining "\"state\": \"reviews-requested\"",[90m
[31m+   "workflow-state.json",[90m
[31m+   "{[90m
[31m+   \"state\": \"reviews-requested\",[90m
[31m+   \"timestamp\": \"2025-10-03T17:02:02.887Z\"[90m
[31m+ }",[90m
[2m  ][22m
[31m[90m

Number of calls: [1m1[22m
[31m

Ignored nodes: comments, script, style
[36m<html>[31m
  [36m<head />[31m
  [36m<body>[31m
    [36m<div>[31m
      [36m<div[31m
        [33mclass[31m=[32m"layout resolve-app"[31m
        [33mdata-testid[31m=[32m"resolve-app"[31m
        [33mid[31m=[32m"protobooth-resolve"[31m
      [36m>[31m
        [36m<aside[31m
          [33mclass[31m=[32m"sidebar"[31m
          [33mid[31m=[32m"sidebar"[31m
        [36m>[31m
          [36m<section[31m
            [33mclass[31m=[32m"sidebar-section title"[31m
            [33mid[31m=[32m"title"[31m
          [36m>[31m
            [36m<h1>[31m
              [0mScreenshots[0m
            [36m</h1>[31m
          [36m</section>[31m
          [36m<section[31m
            [33mclass[31m=[32m"sidebar-section nav"[31m
            [33mid[31m=[32m"nav"[31m
          [36m>[31m
            [36m<div[31m
              [33mclass[31m=[32m"active sidebar-link screenshot-link"[31m
            [36m>[31m
              [0mScreenshot 1[0m
            [36m</div>[31m
            [36m<div[31m
              [33mclass[31m=[32m"sidebar-link screenshot-link"[31m
            [36m>[31m
              [0mScreenshot 2[0m
            [36m</div>[31m
            [36m<div[31m
              [33mclass[31m=[32m"sidebar-link screenshot-link"[31m
            [36m>[31m
              [0mScreenshot 3[0m
            [36m</div>[31m
          [36m</section>[31m
        [36m</aside>[31m
        [36m<footer[31m
          [33mclass[31m=[32m"toolbar-stack"[31m
          [33mid[31m=[32m"toolbarStack"[31m
        [36m>[31m
          [36m<div[31m
            [33mclass[31m=[32m"toolbar toolMenu flex justify-between"[31m
            [33mid[31m=[32m"toolMenu"[31m
          [36m>[31m
            [36m<section>[31m
              [36m<button[31m
                [33mclass[31m=[32m"btn btn-toolbar btn-primary btn-medium"[31m
              [36m>[31m
                [0m&[0m
              [36m</button>[31m
              [36m<button[31m
                [33mclass[31m=[32m"btn btn-toolbar btn-primary btn-medium"[31m
              [36m>[31m
                [0m&[0m
              [36m</button>[31m
              [36m<button[31m
                [33mclass[31m=[32m"btn btn-toolbar btn-primary btn-medium"[31m
              [36m>[31m
                [0m&[0m
              [36m</button>[31m
              [36m<button[31m
                [33mclass[31m=[32m"btn btn-toolbar btn-primary btn-medium"[31m
              [36m>[31m
                [0m&[0m
              [36m</button>[31m
            [36m</section>[31m
          [36m</div>[31m
          [36m<div[31m
            [33mclass[31m=[32m"toolbar navMenu flex justify-between"[31m
            [33mid[31m=[32m"navMenu"[31m
          [36m>[31m
            [36m<button[31m
              [33mclass[31m=[32m"btn btn-toolbar btn-primary btn-medium"[31m
            [36m>[31m
              [0mPrev[0m
            [36m</button>[31m
            [36m<span>[31m
              [0m1/100[0m
            [36m</span>[31m
            [36m<button[31m
              [33mclass[31m=[32m"btn btn-toolbar btn-primary btn-medium"[31m
            [36m>[31m
              [0mNext[0m
            [36m</button>[31m
          [36m</div>[31m
        [36m</footer>[31m
        [36m<div[31m
          [33mclass[31m=[32m"header"[31m
        [36m>[31m
          [36m<h1>[31m
            [0mprotobooth Development Interface[0m
          [36m</h1>[31m
          [36m<span[31m
            [33mclass[31m=[32m"badge status-requested"[31m
          [36m>[31m
            [0mReviews Requested[0m
          [36m</span>[31m
        [36m</div>[31m
        [36m<div[31m
          [33mclass[31m=[32m"content"[31m
        [36m>[31m
          [36m<div[31m
            [33mclass[31m=[32m"error-card error-message"[31m
            [33mdata-testid[31m=[32m"general-error"[31m
          [36m>[31m
            [36m<div[31m
              [33mclass[31m=[32m"error-header"[31m
            [36m>[31m
              [36m<h4[31m
                [33mclass[31m=[32m"error-title"[31m
              [36m>[31m
                [0mError[0m
              [36m</h4>[31m
            [36m</div>[31m
            [36m<div[31m
              [33mclass[31m=[32m"error-body"[31m
            [36m>[31m
              [36m<p[31m
                [33mclass[31m=[32m"error-text"[31m
                [33mdata-testid[31m=[32m"general-error-message"[31m
              [36m>[31m
                [0mScreenshot capture failed: Failed to discover routes[0m
              [36m</p>[31m
            [36m</div>[31m
          [36m</div>[31m
          [36m<div[31m
            [33mclass[31m=[32m"workflow-state"[31m
            [33mdata-testid[31m=[32m"workflow-reviews-requested"[31m
          [36m>[31m
            [36m<h2[31m
              [33mdata-testid[31m=[32m"workflow-state-title"[31m
            [36m>[31m
              [0mReviews Requested[0m
            [36m</h2>[31m
            [36m<p>[31m
              [0mScreenshots are being captured...[0m
            [36m</p>[31m
            [36m<div[31m
              [33mclass[31m=[32m"progress-info"[31m
              [33mdata-testid[31m=[32m"capture-progress"[31m
            [36m>[31m
              [36m<p>[31m
                [0mScreenshot capture failed![0m
              [36m</p>[31m
            [36m</div>[31m
          [36m</div>[31m
        [36m</div>[31m
      [36m</div>[31m
    [36m</div>[31m
  [36m</body>[31m
[36m</html>[31m[39m
[31m   [33m❯[31m tests/integration/development-ui-workflow.test.tsx[2m > [22mDevelopment UI Workflow Integration[2m > [22mError Handling[2m > [22mshould handle network failures during annotation download[39m
[31m     → Unable to find an element by: [data-testid="download-annotations-button"]

Ignored nodes: comments, script, style
[36m<body>[31m
  [36m<div>[31m
    [36m<div[31m
      [33mclass[31m=[32m"layout resolve-app"[31m
      [33mdata-testid[31m=[32m"resolve-app"[31m
      [33mid[31m=[32m"protobooth-resolve"[31m
    [36m>[31m
      [36m<aside[31m
        [33mclass[31m=[32m"sidebar"[31m
        [33mid[31m=[32m"sidebar"[31m
      [36m>[31m
        [36m<section[31m
          [33mclass[31m=[32m"sidebar-section title"[31m
          [33mid[31m=[32m"title"[31m
        [36m>[31m
          [36m<h1>[31m
            [0mScreenshots[0m
          [36m</h1>[31m
        [36m</section>[31m
        [36m<section[31m
          [33mclass[31m=[32m"sidebar-section nav"[31m
          [33mid[31m=[32m"nav"[31m
        [36m>[31m
          [36m<div[31m
            [33mclass[31m=[32m"active sidebar-link screenshot-link"[31m
          [36m>[31m
            [0mScreenshot 1[0m
          [36m</div>[31m
          [36m<div[31m
            [33mclass[31m=[32m"sidebar-link screenshot-link"[31m
          [36m>[31m
            [0mScreenshot 2[0m
          [36m</div>[31m
          [36m<div[31m
            [33mclass[31m=[32m"sidebar-link screenshot-link"[31m
          [36m>[31m
            [0mScreenshot 3[0m
          [36m</div>[31m
        [36m</section>[31m
      [36m</aside>[31m
      [36m<footer[31m
        [33mclass[31m=[32m"toolbar-stack"[31m
        [33mid[31m=[32m"toolbarStack"[31m
      [36m>[31m
        [36m<div[31m
          [33mclass[31m=[32m"toolbar toolMenu flex justify-between"[31m
          [33mid[31m=[32m"toolMenu"[31m
        [36m>[31m
          [36m<section>[31m
            [36m<button[31m
              [33mclass[31m=[32m"btn btn-toolbar btn-primary btn-medium"[31m
            [36m>[31m
              [0m&[0m
            [36m</button>[31m
            [36m<button[31m
              [33mclass[31m=[32m"btn btn-toolbar btn-primary btn-medium"[31m
            [36m>[31m
              [0m&[0m
            [36m</button>[31m
            [36m<button[31m
              [33mclass[31m=[32m"btn btn-toolbar btn-primary btn-medium"[31m
            [36m>[31m
              [0m&[0m
            [36m</button>[31m
            [36m<button[31m
              [33mclass[31m=[32m"btn btn-toolbar btn-primary btn-medium"[31m
            [36m>[31m
              [0m&[0m
            [36m</button>[31m
          [36m</section>[31m
        [36m</div>[31m
        [36m<div[31m
          [33mclass[31m=[32m"toolbar navMenu flex justify-between"[31m
          [33mid[31m=[32m"navMenu"[31m
        [36m>[31m
          [36m<button[31m
            [33mclass[31m=[32m"btn btn-toolbar btn-primary btn-medium"[31m
          [36m>[31m
            [0mPrev[0m
          [36m</button>[31m
          [36m<span>[31m
            [0m1/100[0m
          [36m</span>[31m
          [36m<button[31m
            [33mclass[31m=[32m"btn btn-toolbar btn-primary btn-medium"[31m
          [36m>[31m
            [0mNext[0m
          [36m</button>[31m
        [36m</div>[31m
      [36m</footer>[31m
      [36m<div[31m
        [33mclass[31m=[32m"header"[31m
      [36m>[31m
        [36m<h1>[31m
          [0mprotobooth Development Interface[0m
        [36m</h1>[31m
        [36m<span[31m
          [33mclass[31m=[32m"badge status-unknown"[31m
        [36m>[31m
          [0mUnknown[0m
        [36m</span>[31m
      [36m</div>[31m
      [36m<div[31m
        [33mclass[31m=[32m"content"[31m
      [36m>[31m
        [36m<div[31m
          [33mclass[31m=[32m"workflow-state"[31m
        [36m>[31m
          [36m<h2>[31m
            [0mUnknown State[0m
          [36m</h2>[31m
          [36m<p>[31m
            [0mWorkflow is in an unknown state.[0m
          [36m</p>[31m
        [36m</div>[31m
      [36m</div>[31m
    [36m</div>[31m
  [36m</div>[31m
[36m</body>[31m

Ignored nodes: comments, script, style
[36m<body>[31m
  [36m<div>[31m
    [36m<div[31m
      [33mclass[31m=[32m"layout resolve-app"[31m
      [33mdata-testid[31m=[32m"resolve-app"[31m
      [33mid[31m=[32m"protobooth-resolve"[31m
    [36m>[31m
      [36m<aside[31m
        [33mclass[31m=[32m"sidebar"[31m
        [33mid[31m=[32m"sidebar"[31m
      [36m>[31m
        [36m<section[31m
          [33mclass[31m=[32m"sidebar-section title"[31m
          [33mid[31m=[32m"title"[31m
        [36m>[31m
          [36m<h1>[31m
            [0mScreenshots[0m
          [36m</h1>[31m
        [36m</section>[31m
        [36m<section[31m
          [33mclass[31m=[32m"sidebar-section nav"[31m
          [33mid[31m=[32m"nav"[31m
        [36m>[31m
          [36m<div[31m
            [33mclass[31m=[32m"active sidebar-link screenshot-link"[31m
          [36m>[31m
            [0mScreenshot 1[0m
          [36m</div>[31m
          [36m<div[31m
            [33mclass[31m=[32m"sidebar-link screenshot-link"[31m
          [36m>[31m
            [0mScreenshot 2[0m
          [36m</div>[31m
          [36m<div[31m
            [33mclass[31m=[32m"sidebar-link screenshot-link"[31m
          [36m>[31m
            [0mScreenshot 3[0m
          [36m</div>[31m
        [36m</section>[31m
      [36m</aside>[31m
      [36m<footer[31m
        [33mclass[31m=[32m"toolbar-stack"[31m
        [33mid[31m=[32m"toolbarStack"[31m
      [36m>[31m
        [36m<div[31m
          [33mclass[31m=[32m"toolbar toolMenu flex justify-between"[31m
          [33mid[31m=[32m"toolMenu"[31m
        [36m>[31m
          [36m<section>[31m
            [36m<button[31m
              [33mclass[31m=[32m"btn btn-toolbar btn-primary btn-medium"[31m
            [36m>[31m
              [0m&[0m
            [36m</button>[31m
            [36m<button[31m
              [33mclass[31m=[32m"btn btn-toolbar btn-primary btn-medium"[31m
            [36m>[31m
              [0m&[0m
            [36m</button>[31m
            [36m<button[31m
              [33mclass[31m=[32m"btn btn-toolbar btn-primary btn-medium"[31m
            [36m>[31m
              [0m&[0m
            [36m</button>[31m
            [36m<button[31m
              [33mclass[31m=[32m"btn btn-toolbar btn-primary btn-medium"[31m
            [36m>[31m
              [0m&[0m
            [36m</button>[31m
          [36m</section>[31m
        [36m</div>[31m
        [36m<div[31m
          [33mclass[31m=[32m"toolbar navMenu flex justify-between"[31m
          [33mid[31m=[32m"navMenu"[31m
        [36m>[31m
          [36m<button[31m
            [33mclass[31m=[32m"btn btn-toolbar btn-primary btn-medium"[31m
          [36m>[31m
            [0mPrev[0m
          [36m</button>[31m
          [36m<span>[31m
            [0m1/100[0m
          [36m</span>[31m
          [36m<button[31m
            [33mclass[31m=[32m"btn btn-toolbar btn-primary btn-medium"[31m
          [36m>[31m
            [0mNext[0m
          [36m</button>[31m
        [36m</div>[31m
      [36m</footer>[31m
      [36m<div[31m
        [33mclass[31m=[32m"header"[31m
      [36m>[31m
        [36m<h1>[31m
          [0mprotobooth Development Interface[0m
        [36m</h1>[31m
        [36m<span[31m
          [33mclass[31m=[32m"badge status-unknown"[31m
        [36m>[31m
          [0mUnknown[0m
        [36m</span>[31m
      [36m</div>[31m
      [36m<div[31m
        [33mclass[31m=[32m"content"[31m
      [36m>[31m
        [36m<div[31m
          [33mclass[31m=[32m"workflow-state"[31m
        [36m>[31m
          [36m<h2>[31m
            [0mUnknown State[0m
          [36m</h2>[31m
          [36m<p>[31m
            [0mWorkflow is in an unknown state.[0m
          [36m</p>[31m
        [36m</div>[31m
      [36m</div>[31m
    [36m</div>[31m
  [36m</div>[31m
[36m</body>[31m[39m
 [33m❯[39m tests/integration/resolve-app-workflow.test.tsx [2m ([22m[2m4 tests[22m [2m|[22m [31m2 failed[39m[2m)[22m[33m 2989[2mms[22m[39m
[31m   [33m❯[31m tests/integration/resolve-app-workflow.test.tsx[2m > [22mResolveApp - Workflow State Transitions[2m > [22mshould transition from "In Development" to "Reviews Requested" when clicked[39m
[31m     → Unable to find an element by: [data-testid="workflow-reviews-requested"]

Ignored nodes: comments, script, style
[36m<body>[31m
  [36m<div>[31m
    [36m<div[31m
      [33mclass[31m=[32m"layout resolve-app"[31m
      [33mdata-testid[31m=[32m"resolve-app"[31m
      [33mid[31m=[32m"protobooth-resolve"[31m
    [36m>[31m
      [36m<aside[31m
        [33mclass[31m=[32m"sidebar"[31m
        [33mid[31m=[32m"sidebar"[31m
      [36m>[31m
        [36m<section[31m
          [33mclass[31m=[32m"sidebar-section title"[31m
          [33mid[31m=[32m"title"[31m
        [36m>[31m
          [36m<h1>[31m
            [0mScreenshots[0m
          [36m</h1>[31m
        [36m</section>[31m
        [36m<section[31m
          [33mclass[31m=[32m"sidebar-section nav"[31m
          [33mid[31m=[32m"nav"[31m
        [36m>[31m
          [36m<div[31m
            [33mclass[31m=[32m"active sidebar-link screenshot-link"[31m
          [36m>[31m
            [0mScreenshot 1[0m
          [36m</div>[31m
          [36m<div[31m
            [33mclass[31m=[32m"sidebar-link screenshot-link"[31m
          [36m>[31m
            [0mScreenshot 2[0m
          [36m</div>[31m
          [36m<div[31m
            [33mclass[31m=[32m"sidebar-link screenshot-link"[31m
          [36m>[31m
            [0mScreenshot 3[0m
          [36m</div>[31m
        [36m</section>[31m
      [36m</aside>[31m
      [36m<footer[31m
        [33mclass[31m=[32m"toolbar-stack"[31m
        [33mid[31m=[32m"toolbarStack"[31m
      [36m>[31m
        [36m<div[31m
          [33mclass[31m=[32m"toolbar toolMenu flex justify-between"[31m
          [33mid[31m=[32m"toolMenu"[31m
        [36m>[31m
          [36m<section>[31m
            [36m<button[31m
              [33mclass[31m=[32m"btn btn-toolbar btn-primary btn-medium"[31m
            [36m>[31m
              [0m&[0m
            [36m</button>[31m
            [36m<button[31m
              [33mclass[31m=[32m"btn btn-toolbar btn-primary btn-medium"[31m
            [36m>[31m
              [0m&[0m
            [36m</button>[31m
            [36m<button[31m
              [33mclass[31m=[32m"btn btn-toolbar btn-primary btn-medium"[31m
            [36m>[31m
              [0m&[0m
            [36m</button>[31m
            [36m<button[31m
              [33mclass[31m=[32m"btn btn-toolbar btn-primary btn-medium"[31m
            [36m>[31m
              [0m&[0m
            [36m</button>[31m
          [36m</section>[31m
        [36m</div>[31m
        [36m<div[31m
          [33mclass[31m=[32m"toolbar navMenu flex justify-between"[31m
          [33mid[31m=[32m"navMenu"[31m
        [36m>[31m
          [36m<button[31m
            [33mclass[31m=[32m"btn btn-toolbar btn-primary btn-medium"[31m
          [36m>[31m
            [0mPrev[0m
          [36m</button>[31m
          [36m<span>[31m
            [0m1/100[0m
          [36m</span>[31m
          [36m<button[31m
            [33mclass[31m=[32m"btn btn-toolbar btn-primary btn-medium"[31m
          [36m>[31m
            [0mNext[0m
          [36m</button>[31m
        [36m</div>[31m
      [36m</footer>[31m
      [36m<div[31m
        [33mclass[31m=[32m"header"[31m
      [36m>[31m
        [36m<h1>[31m
          [0mprotobooth Development Interface[0m
        [36m</h1>[31m
        [36m<span[31m
          [33mclass[31m=[32m"badge status-development"[31m
        [36m>[31m
          [0mIn Development[0m
        [36m</span>[31m
      [36m</div>[31m
      [36m<div[31m
        [33mclass[31m=[32m"content"[31m
      [36m>[31m
        [36m<div[31m
          [33mclass[31m=[32m"error-card error-message"[31m
          [33mdata-testid[31m=[32m"general-error"[31m
        [36m>[31m
          [36m<div[31m
            [33mclass[31m=[32m"error-header"[31m
          [36m>[31m
            [36m<h4[31m
              [33mclass[31m=[32m"error-title"[31m
            [36m>[31m
              [0mError[0m
            [36m</h4>[31m
          [36m</div>[31m
          [36m<div[31m
            [33mclass[31m=[32m"error-body"[31m
          [36m>[31m
            [36m<p[31m
              [33mclass[31m=[32m"error-text"[31m
              [33mdata-testid[31m=[32m"general-error-message"[31m
            [36m>[31m
              [0mFailed to load workflow state[0m
            [36m</p>[31m
          [36m</div>[31m
        [36m</div>[31m
        [36m<div[31m
          [33mclass[31m=[32m"workflow-state"[31m
          [33mdata-testid[31m=[32m"workflow-in-development"[31m
        [36m>[31m
          [36m<h2[31m
            [33mdata-testid[31m=[32m"workflow-state-title"[31m
          [36m>[31m
            [0mIn Development[0m
          [36m</h2>[31m
          [36m<p>[31m
            [0mReady to request client review of your prototype.[0m
          [36m</p>[31m
          [36m<div[31m
            [33mclass[31m=[32m"error-card"[31m
            [33mdata-testid[31m=[32m"configuration-error"[31m
          [36m>[31m
            [36m<div[31m
              [33mclass[31m=[32m"error-header"[31m
            [36m>[31m
              [36m<h4[31m
                [33mclass[31m=[32m"error-title"[31m
              [36m>[31m
                [0mConfiguration Required[0m
              [36m</h4>[31m
            [36m</div>[31m
            [36m<div[31m
              [33mclass[31m=[32m"error-body"[31m
            [36m>[31m
              [36m<p[31m
                [33mclass[31m=[32m"error-text"[31m
                [33mdata-testid[31m=[32m"configuration-error-message"[31m
              [36m>[31m
                [0mPlease configure fixtures before requesting review[0m
              [36m</p>[31m
              [36m<div[31m
                [33mclass[31m=[32m"error-details"[31m
              [36m>[31m
                [36m<ul[31m
                  [33mclass[31m=[32m"list-unstyled"[31m
                [36m>[31m
                  [36m<li[31m
                    [33mclass[31m=[32m"list-item"[31m
                  [36m>[31m
                    [0mConfiguration not found - please configure protobooth plugin[0m
                  [36m</li>[31m
                [36m</ul>[31m
              [36m</div>[31m
            [36m</div>[31m
          [36m</div>[31m
          [36m<div[31m
            [33mclass[31m=[32m"actions"[31m
          [36m>[31m
            [36m<button[31m
              [33mclass[31m=[32m"btn btn-primary btn-medium btn-primary"[31m
              [33mdata-testid[31m=[32m"request-review-button"[31m
              [33mdisabled[31m=[32m""[31m
            [36m>[31m
              [0mRequest Review[0m
            [36m</button>[31m
          [36m</div>[31m
        [36m</div>[31m
      [36m</div>[31m
    [36m</div>[31m
  [36m</div>[31m
[36m</body>[31m

Ignored nodes: comments, script, style
[36m<html>[31m
  [36m<head />[31m
  [36m<body>[31m
    [36m<div>[31m
      [36m<div[31m
        [33mclass[31m=[32m"layout resolve-app"[31m
        [33mdata-testid[31m=[32m"resolve-app"[31m
        [33mid[31m=[32m"protobooth-resolve"[31m
      [36m>[31m
        [36m<aside[31m
          [33mclass[31m=[32m"sidebar"[31m
          [33mid[31m=[32m"sidebar"[31m
        [36m>[31m
          [36m<section[31m
            [33mclass[31m=[32m"sidebar-section title"[31m
            [33mid[31m=[32m"title"[31m
          [36m>[31m
            [36m<h1>[31m
              [0mScreenshots[0m
            [36m</h1>[31m
          [36m</section>[31m
          [36m<section[31m
            [33mclass[31m=[32m"sidebar-section nav"[31m
            [33mid[31m=[32m"nav"[31m
          [36m>[31m
            [36m<div[31m
              [33mclass[31m=[32m"active sidebar-link screenshot-link"[31m
            [36m>[31m
              [0mScreenshot 1[0m
            [36m</div>[31m
            [36m<div[31m
              [33mclass[31m=[32m"sidebar-link screenshot-link"[31m
            [36m>[31m
              [0mScreenshot 2[0m
            [36m</div>[31m
            [36m<div[31m
              [33mclass[31m=[32m"sidebar-link screenshot-link"[31m
            [36m>[31m
              [0mScreenshot 3[0m
            [36m</div>[31m
          [36m</section>[31m
        [36m</aside>[31m
        [36m<footer[31m
          [33mclass[31m=[32m"toolbar-stack"[31m
          [33mid[31m=[32m"toolbarStack"[31m
        [36m>[31m
          [36m<div[31m
            [33mclass[31m=[32m"toolbar toolMenu flex justify-between"[31m
            [33mid[31m=[32m"toolMenu"[31m
          [36m>[31m
            [36m<section>[31m
              [36m<button[31m
                [33mclass[31m=[32m"btn btn-toolbar btn-primary btn-medium"[31m
              [36m>[31m
                [0m&[0m
              [36m</button>[31m
              [36m<button[31m
                [33mclass[31m=[32m"btn btn-toolbar btn-primary btn-medium"[31m
              [36m>[31m
                [0m&[0m
              [36m</button>[31m
              [36m<button[31m
                [33mclass[31m=[32m"btn btn-toolbar btn-primary btn-medium"[31m
              [36m>[31m
                [0m&[0m
              [36m</button>[31m
              [36m<button[31m
                [33mclass[31m=[32m"btn btn-toolbar btn-primary btn-medium"[31m
              [36m>[31m
                [0m&[0m
              [36m</button>[31m
            [36m</section>[31m
          [36m</div>[31m
          [36m<div[31m
            [33mclass[31m=[32m"toolbar navMenu flex justify-between"[31m
            [33mid[31m=[32m"navMenu"[31m
          [36m>[31m
            [36m<button[31m
              [33mclass[31m=[32m"btn btn-toolbar btn-primary btn-medium"[31m
            [36m>[31m
              [0mPrev[0m
            [36m</button>[31m
            [36m<span>[31m
              [0m1/100[0m
            [36m</span>[31m
            [36m<button[31m
              [33mclass[31m=[32m"btn btn-toolbar btn-primary btn-medium"[31m
            [36m>[31m
              [0mNext[0m
            [36m</button>[31m
          [36m</div>[31m
        [36m</footer>[31m
        [36m<div[31m
          [33mclass[31m=[32m"header"[31m
        [36m>[31m
          [36m<h1>[31m
            [0mprotobooth Development Interface[0m
          [36m</h1>[31m
          [36m<span[31m
            [33mclass[31m=[32m"badge status-development"[31m
          [36m>[31m
            [0mIn Development[0m
          [36m</span>[31m
        [36m</div>[31m
        [36m<div[31m
          [33mclass[31m=[32m"content"[31m
        [36m>[31m
          [36m<div[31m
            [33mclass[31m=[32m"error-card error-message"[31m
            [33mdata-testid[31m=[32m"general-error"[31m
          [36m>[31m
            [36m<div[31m
              [33mclass[31m=[32m"error-header"[31m
            [36m>[31m
              [36m<h4[31m
                [33mclass[31m=[32m"error-title"[31m
              [36m>[31m
                [0mError[0m
              [36m</h4>[31m
            [36m</div>[31m
            [36m<div[31m
              [33mclass[31m=[32m"error-body"[31m
            [36m>[31m
              [36m<p[31m
                [33mclass[31m=[32m"error-text"[31m
                [33mdata-testid[31m=[32m"general-error-message"[31m
              [36m>[31m
                [0mFailed to load workflow state[0m
              [36m</p>[31m
            [36m</div>[31m
          [36m</div>[31m
          [36m<div[31m
            [33mclass[31m=[32m"workflow-state"[31m
            [33mdata-testid[31m=[32m"workflow-in-development"[31m
          [36m>[31m
            [36m<h2[31m
              [33mdata-testid[31m=[32m"workflow-state-title"[31m
            [36m>[31m
              [0mIn Development[0m
            [36m</h2>[31m
            [36m<p>[31m
              [0mReady to request client review of your prototype.[0m
            [36m</p>[31m
            [36m<div[31m
              [33mclass[31m=[32m"error-card"[31m
              [33mdata-testid[31m=[32m"configuration-error"[31m
            [36m>[31m
              [36m<div[31m
                [33mclass[31m=[32m"error-header"[31m
              [36m>[31m
                [36m<h4[31m
                  [33mclass[31m=[32m"error-title"[31m
                [36m>[31m
                  [0mConfiguration Required[0m
                [36m</h4>[31m
              [36m</div>[31m
              [36m<div[31m
                [33mclass[31m=[32m"error-body"[31m
              [36m>[31m
                [36m<p[31m
                  [33mclass[31m=[32m"error-text"[31m
                  [33mdata-testid[31m=[32m"configuration-error-message"[31m
                [36m>[31m
                  [0mPlease configure fixtures before requesting review[0m
                [36m</p>[31m
                [36m<div[31m
                  [33mclass[31m=[32m"error-details"[31m
                [36m>[31m
                  [36m<ul[31m
                    [33mclass[31m=[32m"list-unstyled"[31m
                  [36m>[31m
                    [36m<li[31m
                      [33mclass[31m=[32m"list-item"[31m
                    [36m>[31m
                      [0mConfiguration not found - please configure protobooth plugin[0m
                    [36m</li>[31m
                  [36m</ul>[31m
                [36m</div>[31m
              [36m</div>[31m
            [36m</div>[31m
            [36m<div[31m
              [33mclass[31m=[32m"actions"[31m
            [36m>[31m
              [36m<button[31m
                [33mclass[31m=[32m"btn btn-primary btn-medium btn-primary"[31m
                [33mdata-testid[31m=[32m"request-review-button"[31m
                [33mdisabled[31m=[32m""[31m
              [36m>[31m
                [0mRequest Review[0m
              [36m</button>[31m
            [36m</div>[31m
          [36m</div>[31m
        [36m</div>[31m
      [36m</div>[31m
    [36m</div>[31m
  [36m</body>[31m
[36m</html>[31m[39m
[31m   [33m❯[31m tests/integration/resolve-app-workflow.test.tsx[2m > [22mResolveApp - Workflow State Transitions[2m > [22mshould persist workflow state to file when transitioning states[39m
[31m     → expected "spy" to be called at least once

Ignored nodes: comments, script, style
[36m<html>[31m
  [36m<head />[31m
  [36m<body>[31m
    [36m<div>[31m
      [36m<div[31m
        [33mclass[31m=[32m"layout resolve-app"[31m
        [33mdata-testid[31m=[32m"resolve-app"[31m
        [33mid[31m=[32m"protobooth-resolve"[31m
      [36m>[31m
        [36m<aside[31m
          [33mclass[31m=[32m"sidebar"[31m
          [33mid[31m=[32m"sidebar"[31m
        [36m>[31m
          [36m<section[31m
            [33mclass[31m=[32m"sidebar-section title"[31m
            [33mid[31m=[32m"title"[31m
          [36m>[31m
            [36m<h1>[31m
              [0mScreenshots[0m
            [36m</h1>[31m
          [36m</section>[31m
          [36m<section[31m
            [33mclass[31m=[32m"sidebar-section nav"[31m
            [33mid[31m=[32m"nav"[31m
          [36m>[31m
            [36m<div[31m
              [33mclass[31m=[32m"active sidebar-link screenshot-link"[31m
            [36m>[31m
              [0mScreenshot 1[0m
            [36m</div>[31m
            [36m<div[31m
              [33mclass[31m=[32m"sidebar-link screenshot-link"[31m
            [36m>[31m
              [0mScreenshot 2[0m
            [36m</div>[31m
            [36m<div[31m
              [33mclass[31m=[32m"sidebar-link screenshot-link"[31m
            [36m>[31m
              [0mScreenshot 3[0m
            [36m</div>[31m
          [36m</section>[31m
        [36m</aside>[31m
        [36m<footer[31m
          [33mclass[31m=[32m"toolbar-stack"[31m
          [33mid[31m=[32m"toolbarStack"[31m
        [36m>[31m
          [36m<div[31m
            [33mclass[31m=[32m"toolbar toolMenu flex justify-between"[31m
            [33mid[31m=[32m"toolMenu"[31m
          [36m>[31m
            [36m<section>[31m
              [36m<button[31m
                [33mclass[31m=[32m"btn btn-toolbar btn-primary btn-medium"[31m
              [36m>[31m
                [0m&[0m
              [36m</button>[31m
              [36m<button[31m
                [33mclass[31m=[32m"btn btn-toolbar btn-primary btn-medium"[31m
              [36m>[31m
                [0m&[0m
              [36m</button>[31m
              [36m<button[31m
                [33mclass[31m=[32m"btn btn-toolbar btn-primary btn-medium"[31m
              [36m>[31m
                [0m&[0m
              [36m</button>[31m
              [36m<button[31m
                [33mclass[31m=[32m"btn btn-toolbar btn-primary btn-medium"[31m
              [36m>[31m
                [0m&[0m
              [36m</button>[31m
            [36m</section>[31m
          [36m</div>[31m
          [36m<div[31m
            [33mclass[31m=[32m"toolbar navMenu flex justify-between"[31m
            [33mid[31m=[32m"navMenu"[31m
          [36m>[31m
            [36m<button[31m
              [33mclass[31m=[32m"btn btn-toolbar btn-primary btn-medium"[31m
            [36m>[31m
              [0mPrev[0m
            [36m</button>[31m
            [36m<span>[31m
              [0m1/100[0m
            [36m</span>[31m
            [36m<button[31m
              [33mclass[31m=[32m"btn btn-toolbar btn-primary btn-medium"[31m
            [36m>[31m
              [0mNext[0m
            [36m</button>[31m
          [36m</div>[31m
        [36m</footer>[31m
        [36m<div[31m
          [33mclass[31m=[32m"header"[31m
        [36m>[31m
          [36m<h1>[31m
            [0mprotobooth Development Interface[0m
          [36m</h1>[31m
          [36m<span[31m
            [33mclass[31m=[32m"badge status-development"[31m
          [36m>[31m
            [0mIn Development[0m
          [36m</span>[31m
        [36m</div>[31m
        [36m<div[31m
          [33mclass[31m=[32m"content"[31m
        [36m>[31m
          [36m<div[31m
            [33mclass[31m=[32m"error-card error-message"[31m
            [33mdata-testid[31m=[32m"general-error"[31m
          [36m>[31m
            [36m<div[31m
              [33mclass[31m=[32m"error-header"[31m
            [36m>[31m
              [36m<h4[31m
                [33mclass[31m=[32m"error-title"[31m
              [36m>[31m
                [0mError[0m
              [36m</h4>[31m
            [36m</div>[31m
            [36m<div[31m
              [33mclass[31m=[32m"error-body"[31m
            [36m>[31m
              [36m<p[31m
                [33mclass[31m=[32m"error-text"[31m
                [33mdata-testid[31m=[32m"general-error-message"[31m
              [36m>[31m
                [0mFailed to load workflow state[0m
              [36m</p>[31m
            [36m</div>[31m
          [36m</div>[31m
          [36m<div[31m
            [33mclass[31m=[32m"workflow-state"[31m
            [33mdata-testid[31m=[32m"workflow-in-development"[31m
          [36m>[31m
            [36m<h2[31m
              [33mdata-testid[31m=[32m"workflow-state-title"[31m
            [36m>[31m
              [0mIn Development[0m
            [36m</h2>[31m
            [36m<p>[31m
              [0mReady to request client review of your prototype.[0m
            [36m</p>[31m
            [36m<div[31m
              [33mclass[31m=[32m"error-card"[31m
              [33mdata-testid[31m=[32m"configuration-error"[31m
            [36m>[31m
              [36m<div[31m
                [33mclass[31m=[32m"error-header"[31m
              [36m>[31m
                [36m<h4[31m
                  [33mclass[31m=[32m"error-title"[31m
                [36m>[31m
                  [0mConfiguration Required[0m
                [36m</h4>[31m
              [36m</div>[31m
              [36m<div[31m
                [33mclass[31m=[32m"error-body"[31m
              [36m>[31m
                [36m<p[31m
                  [33mclass[31m=[32m"error-text"[31m
                  [33mdata-testid[31m=[32m"configuration-error-message"[31m
                [36m>[31m
                  [0mPlease configure fixtures before requesting review[0m
                [36m</p>[31m
                [36m<div[31m
                  [33mclass[31m=[32m"error-details"[31m
                [36m>[31m
                  [36m<ul[31m
                    [33mclass[31m=[32m"list-unstyled"[31m
                  [36m>[31m
                    [36m<li[31m
                      [33mclass[31m=[32m"list-item"[31m
                    [36m>[31m
                      [0mConfiguration not found - please configure protobooth plugin[0m
                    [36m</li>[31m
                  [36m</ul>[31m
                [36m</div>[31m
              [36m</div>[31m
            [36m</div>[31m
            [36m<div[31m
              [33mclass[31m=[32m"actions"[31m
            [36m>[31m
              [36m<button[31m
                [33mclass[31m=[32m"btn btn-primary btn-medium btn-primary"[31m
                [33mdata-testid[31m=[32m"request-review-button"[31m
                [33mdisabled[31m=[32m""[31m
              [36m>[31m
                [0mRequest Review[0m
              [36m</button>[31m
            [36m</div>[31m
          [36m</div>[31m
        [36m</div>[31m
      [36m</div>[31m
    [36m</div>[31m
  [36m</body>[31m
[36m</html>[31m[39m
[90mstdout[2m | tests/integration/screenshot-service-playwright.test.ts[2m > [22m[2mScreenshot Service + Playwright Integration[2m > [22m[2mshould capture screenshots with Playwright browser[22m[39m
Skipping test - demo app not running

[90mstdout[2m | tests/integration/screenshot-service-playwright.test.ts[2m > [22m[2mScreenshot Service + Playwright Integration[2m > [22m[2mshould create screenshot directory structure[22m[39m
Skipping test - demo app not running

[90mstderr[2m | tests/integration/screenshot-service-playwright.test.ts[2m > [22m[2mScreenshot Service + Playwright Integration[2m > [22m[2mshould handle missing routes.json gracefully[22m[39m
[Protobooth] Route discovery error: Error: ENOENT: no such file or directory, open 'C:\developer\protobooth\tests\fixtures\screenshot-test\routes.json'
[90m    at open (node:internal/fs/promises:638:25)[39m
[90m    at Proxy.readFile (node:internal/fs/promises:1238:14)[39m
    at DefaultRouteDiscovery.discoverRoutes [90m(C:\developer\protobooth\[39msrc\screenshot\screenshot-capture-service.ts:65:19[90m)[39m
    at ScreenshotCaptureService.captureRoutes [90m(C:\developer\protobooth\[39msrc\screenshot\screenshot-capture-service.ts:222:20[90m)[39m
    at Module.handleScreenshotCapture [90m(C:\developer\protobooth\[39msrc\api\screenshot-handler.ts:43:18[90m)[39m
    at [90mC:\developer\protobooth\[39mtests\integration\screenshot-service-playwright.test.ts:153:5
    at runTest [90m(file:///C:/developer/protobooth/[39mnode_modules/[4m@vitest[24m/runner/dist/index.js:781:11[90m)[39m
    at runSuite [90m(file:///C:/developer/protobooth/[39mnode_modules/[4m@vitest[24m/runner/dist/index.js:909:15[90m)[39m
    at runSuite [90m(file:///C:/developer/protobooth/[39mnode_modules/[4m@vitest[24m/runner/dist/index.js:909:15[90m)[39m
    at runFiles [90m(file:///C:/developer/protobooth/[39mnode_modules/[4m@vitest[24m/runner/dist/index.js:958:5[90m)[39m {
  errno: [33m-4058[39m,
  code: [32m'ENOENT'[39m,
  syscall: [32m'open'[39m,
  path: [32m'C:\\developer\\protobooth\\tests\\fixtures\\screenshot-test\\routes.json'[39m
}

[90mstdout[2m | tests/integration/screenshot-service-playwright.test.ts[2m > [22m[2mScreenshot Service + Playwright Integration[2m > [22m[2mshould handle multiple viewports[22m[39m
Skipping test - demo app not running

 [32m✓[39m tests/integration/screenshot-service-playwright.test.ts [2m ([22m[2m5 tests[22m[2m)[22m[33m 8705[2mms[22m[39m

[31m⎯⎯⎯⎯⎯⎯[1m[7m Failed Tests 14 [27m[22m⎯⎯⎯⎯⎯⎯⎯[39m

[31m[1m[7m FAIL [27m[22m[39m tests/integration/development-ui-workflow.test.tsx[2m > [22mDevelopment UI Workflow Integration[2m > [22m4-State Workflow Progression[2m > [22mshould transition to "Reviews Requested" when Request Review is clicked
[31m[1mAssertionError[22m[39m: expected "spy" to be called with arguments: [ …(2) ][90m

Received: 

[1m  1st spy call:

[22m[2m  Array [[22m
[32m-   "protobooth-workflow-state.json",[90m
[32m-   StringContaining "\"state\": \"reviews-requested\"",[90m
[31m+   "workflow-state.json",[90m
[31m+   "{[90m
[31m+   \"state\": \"reviews-requested\",[90m
[31m+   \"timestamp\": \"2025-10-03T17:01:55.315Z\"[90m
[31m+ }",[90m
[2m  ][22m
[39m[90m

Number of calls: [1m1[22m
[39m

Ignored nodes: comments, script, style
[36m<html>[39m
  [36m<head />[39m
  [36m<body>[39m
    [36m<div>[39m
      [36m<div[39m
        [33mclass[39m=[32m"layout resolve-app"[39m
        [33mdata-testid[39m=[32m"resolve-app"[39m
        [33mid[39m=[32m"protobooth-resolve"[39m
      [36m>[39m
        [36m<aside[39m
          [33mclass[39m=[32m"sidebar"[39m
          [33mid[39m=[32m"sidebar"[39m
        [36m>[39m
          [36m<section[39m
            [33mclass[39m=[32m"sidebar-section title"[39m
            [33mid[39m=[32m"title"[39m
          [36m>[39m
            [36m<h1>[39m
              [0mScreenshots[0m
            [36m</h1>[39m
          [36m</section>[39m
          [36m<section[39m
            [33mclass[39m=[32m"sidebar-section nav"[39m
            [33mid[39m=[32m"nav"[39m
          [36m>[39m
            [36m<div[39m
              [33mclass[39m=[32m"active sidebar-link screenshot-link"[39m
            [36m>[39m
              [0mScreenshot 1[0m
            [36m</div>[39m
            [36m<div[39m
              [33mclass[39m=[32m"sidebar-link screenshot-link"[39m
            [36m>[39m
              [0mScreenshot 2[0m
            [36m</div>[39m
            [36m<div[39m
              [33mclass[39m=[32m"sidebar-link screenshot-link"[39m
            [36m>[39m
              [0mScreenshot 3[0m
            [36m</div>[39m
          [36m</section>[39m
        [36m</aside>[39m
        [36m<footer[39m
          [33mclass[39m=[32m"toolbar-stack"[39m
          [33mid[39m=[32m"toolbarStack"[39m
        [36m>[39m
          [36m<div[39m
            [33mclass[39m=[32m"toolbar toolMenu flex justify-between"[39m
            [33mid[39m=[32m"toolMenu"[39m
          [36m>[39m
            [36m<section>[39m
              [36m<button[39m
                [33mclass[39m=[32m"btn btn-toolbar btn-primary btn-medium"[39m
              [36m>[39m
                [0m&[0m
              [36m</button>[39m
              [36m<button[39m
                [33mclass[39m=[32m"btn btn-toolbar btn-primary btn-medium"[39m
              [36m>[39m
                [0m&[0m
              [36m</button>[39m
              [36m<button[39m
                [33mclass[39m=[32m"btn btn-toolbar btn-primary btn-medium"[39m
              [36m>[39m
                [0m&[0m
              [36m</button>[39m
              [36m<button[39m
                [33mclass[39m=[32m"btn btn-toolbar btn-primary btn-medium"[39m
              [36m>[39m
                [0m&[0m
              [36m</button>[39m
            [36m</section>[39m
          [36m</div>[39m
          [36m<div[39m
            [33mclass[39m=[32m"toolbar navMenu flex justify-between"[39m
            [33mid[39m=[32m"navMenu"[39m
          [36m>[39m
            [36m<button[39m
              [33mclass[39m=[32m"btn btn-toolbar btn-primary btn-medium"[39m
            [36m>[39m
              [0mPrev[0m
            [36m</button>[39m
            [36m<span>[39m
              [0m1/100[0m
            [36m</span>[39m
            [36m<button[39m
              [33mclass[39m=[32m"btn btn-toolbar btn-primary btn-medium"[39m
            [36m>[39m
              [0mNext[0m
            [36m</button>[39m
          [36m</div>[39m
        [36m</footer>[39m
        [36m<div[39m
          [33mclass[39m=[32m"header"[39m
        [36m>[39m
          [36m<h1>[39m
            [0mprotobooth Development Interface[0m
          [36m</h1>[39m
          [36m<span[39m
            [33mclass[39m=[32m"badge status-requested"[39m
          [36m>[39m
            [0mReviews Requested[0m
          [36m</span>[39m
        [36m</div>[39m
        [36m<div[39m
          [33mclass[39m=[32m"content"[39m
        [36m>[39m
          [36m<div[39m
            [33mclass[39m=[32m"error-card error-message"[39m
            [33mdata-testid[39m=[32m"general-error"[39m
          [36m>[39m
            [36m<div[39m
              [33mclass[39m=[32m"error-header"[39m
            [36m>[39m
              [36m<h4[39m
                [33mclass[39m=[32m"error-title"[39m
              [36m>[39m
                [0mError[0m
              [36m</h4>[39m
            [36m</div>[39m
            [36m<div[39m
              [33mclass[39m=[32m"error-body"[39m
            [36m>[39m
              [36m<p[39m
                [33mclass[39m=[32m"error-text"[39m
                [33mdata-testid[39m=[32m"general-error-message"[39m
              [36m>[39m
                [0mScreenshot capture failed: Failed to discover routes[0m
              [36m</p>[39m
            [36m</div>[39m
          [36m</div>[39m
          [36m<div[39m
            [33mclass[39m=[32m"workflow-state"[39m
            [33mdata-testid[39m=[32m"workflow-reviews-requested"[39m
          [36m>[39m
            [36m<h2[39m
              [33mdata-testid[39m=[32m"workflow-state-title"[39m
            [36m>[39m
              [0mReviews Requested[0m
            [36m</h2>[39m
            [36m<p>[39m
              [0mScreenshots are being captured...[0m
            [36m</p>[39m
            [36m<div[39m
              [33mclass[39m=[32m"progress-info"[39m
              [33mdata-testid[39m=[32m"capture-progress"[39m
            [36m>[39m
              [36m<p>[39m
                [0mScreenshot capture failed![0m
              [36m</p>[39m
            [36m</div>[39m
          [36m</div>[39m
        [36m</div>[39m
      [36m</div>[39m
    [36m</div>[39m
  [36m</body>[39m
[36m</html>[39m
[36m [2m❯[22m tests/integration/development-ui-workflow.test.tsx:[2m185:39[22m[39m
    [90m183| [39m
    [90m184| [39m      [35mawait[39m [34mwaitFor[39m(() [33m=>[39m {
    [90m185| [39m        [34mexpect[39m(mockFileOps[33m.[39mwriteFile)[33m.[39m[34mtoHaveBeenCalledWith[39m(
    [90m   | [39m                                      [31m^[39m
    [90m186| [39m          [32m'protobooth-workflow-state.json'[39m[33m,[39m
    [90m187| [39m          expect[33m.[39m[34mstringContaining[39m([32m'"state": "reviews-requested"'[39m)
[90m [2m❯[22m runWithExpensiveErrorDiagnosticsDisabled node_modules/@testing-library/dom/dist/config.js:[2m47:12[22m[39m
[90m [2m❯[22m checkCallback node_modules/@testing-library/dom/dist/wait-for.js:[2m124:77[22m[39m
[90m [2m❯[22m Timeout.checkRealTimersCallback node_modules/@testing-library/dom/dist/wait-for.js:[2m118:16[22m[39m

[31m[2m⎯⎯⎯⎯⎯⎯⎯⎯⎯⎯⎯⎯⎯⎯⎯⎯⎯⎯⎯⎯⎯⎯⎯[1/14]⎯[22m[39m

[31m[1m[7m FAIL [27m[22m[39m tests/integration/development-ui-workflow.test.tsx[2m > [22mDevelopment UI Workflow Integration[2m > [22mRequest Review Workflow[2m > [22mshould validate project configuration before requesting review
[31m[1mTestingLibraryElementError[22m[39m: Unable to find an element by: [data-testid="configuration-error"]

Ignored nodes: comments, script, style
[36m<body>[39m
  [36m<div>[39m
    [36m<div[39m
      [33mclass[39m=[32m"layout resolve-app"[39m
      [33mdata-testid[39m=[32m"resolve-app"[39m
      [33mid[39m=[32m"protobooth-resolve"[39m
    [36m>[39m
      [36m<aside[39m
        [33mclass[39m=[32m"sidebar"[39m
        [33mid[39m=[32m"sidebar"[39m
      [36m>[39m
        [36m<section[39m
          [33mclass[39m=[32m"sidebar-section title"[39m
          [33mid[39m=[32m"title"[39m
        [36m>[39m
          [36m<h1>[39m
            [0mScreenshots[0m
          [36m</h1>[39m
        [36m</section>[39m
        [36m<section[39m
          [33mclass[39m=[32m"sidebar-section nav"[39m
          [33mid[39m=[32m"nav"[39m
        [36m>[39m
          [36m<div[39m
            [33mclass[39m=[32m"active sidebar-link screenshot-link"[39m
          [36m>[39m
            [0mScreenshot 1[0m
          [36m</div>[39m
          [36m<div[39m
            [33mclass[39m=[32m"sidebar-link screenshot-link"[39m
          [36m>[39m
            [0mScreenshot 2[0m
          [36m</div>[39m
          [36m<div[39m
            [33mclass[39m=[32m"sidebar-link screenshot-link"[39m
          [36m>[39m
            [0mScreenshot 3[0m
          [36m</div>[39m
        [36m</section>[39m
      [36m</aside>[39m
      [36m<footer[39m
        [33mclass[39m=[32m"toolbar-stack"[39m
        [33mid[39m=[32m"toolbarStack"[39m
      [36m>[39m
        [36m<div[39m
          [33mclass[39m=[32m"toolbar toolMenu flex justify-between"[39m
          [33mid[39m=[32m"toolMenu"[39m
        [36m>[39m
          [36m<section>[39m
            [36m<button[39m
              [33mclass[39m=[32m"btn btn-toolbar btn-primary btn-medium"[39m
            [36m>[39m
              [0m&[0m
            [36m</button>[39m
            [36m<button[39m
              [33mclass[39m=[32m"btn btn-toolbar btn-primary btn-medium"[39m
            [36m>[39m
              [0m&[0m
            [36m</button>[39m
            [36m<button[39m
              [33mclass[39m=[32m"btn btn-toolbar btn-primary btn-medium"[39m
            [36m>[39m
              [0m&[0m
            [36m</button>[39m
            [36m<button[39m
              [33mclass[39m=[32m"btn btn-toolbar btn-primary btn-medium"[39m
            [36m>[39m
              [0m&[0m
            [36m</button>[39m
          [36m</section>[39m
        [36m</div>[39m
        [36m<div[39m
          [33mclass[39m=[32m"toolbar navMenu flex justify-between"[39m
          [33mid[39m=[32m"navMenu"[39m
        [36m>[39m
          [36m<button[39m
            [33mclass[39m=[32m"btn btn-toolbar btn-primary btn-medium"[39m
          [36m>[39m
            [0mPrev[0m
          [36m</button>[39m
          [36m<span>[39m
            [0m1/100[0m
          [36m</span>[39m
          [36m<button[39m
            [33mclass[39m=[32m"btn btn-toolbar btn-primary btn-medium"[39m
          [36m>[39m
            [0mNext[0m
          [36m</button>[39m
        [36m</div>[39m
      [36m</footer>[39m
      [36m<div[39m
        [33mclass[39m=[32m"header"[39m
      [36m>[39m
        [36m<h1>[39m
          [0mprotobooth Development Interface[0m
        [36m</h1>[39m
        [36m<span[39m
          [33mclass[39m=[32m"badge status-requested"[39m
        [36m>[39m
          [0mReviews Requested[0m
        [36m</span>[39m
      [36m</div>[39m
      [36m<div[39m
        [33mclass[39m=[32m"content"[39m
      [36m>[39m
        [36m<div[39m
          [33mclass[39m=[32m"error-card error-message"[39m
          [33mdata-testid[39m=[32m"general-error"[39m
        [36m>[39m
          [36m<div[39m
            [33mclass[39m=[32m"error-header"[39m
          [36m>[39m
            [36m<h4[39m
              [33mclass[39m=[32m"error-title"[39m
            [36m>[39m
              [0mError[0m
            [36m</h4>[39m
          [36m</div>[39m
          [36m<div[39m
            [33mclass[39m=[32m"error-body"[39m
          [36m>[39m
            [36m<p[39m
              [33mclass[39m=[32m"error-text"[39m
              [33mdata-testid[39m=[32m"general-error-message"[39m
            [36m>[39m
              [0mScreenshot capture failed: Project path does not exist[0m
            [36m</p>[39m
          [36m</div>[39m
        [36m</div>[39m
        [36m<div[39m
          [33mclass[39m=[32m"workflow-state"[39m
          [33mdata-testid[39m=[32m"workflow-reviews-requested"[39m
        [36m>[39m
          [36m<h2[39m
            [33mdata-testid[39m=[32m"workflow-state-title"[39m
          [36m>[39m
            [0mReviews Requested[0m
          [36m</h2>[39m
          [36m<p>[39m
            [0mScreenshots are being captured...[0m
          [36m</p>[39m
          [36m<div[39m
            [33mclass[39m=[32m"progress-info"[39m
            [33mdata-testid[39m=[32m"capture-progress"[39m
          [36m>[39m
            [36m<p>[39m
              [0mScreenshot capture failed![0m
            [36m</p>[39m
          [36m</div>[39m
        [36m</div>[39m
      [36m</div>[39m
    [36m</div>[39m
  [36m</div>[39m
[36m</body>[39m

Ignored nodes: comments, script, style
[36m<html>[39m
  [36m<head />[39m
  [36m<body>[39m
    [36m<div>[39m
      [36m<div[39m
        [33mclass[39m=[32m"layout resolve-app"[39m
        [33mdata-testid[39m=[32m"resolve-app"[39m
        [33mid[39m=[32m"protobooth-resolve"[39m
      [36m>[39m
        [36m<aside[39m
          [33mclass[39m=[32m"sidebar"[39m
          [33mid[39m=[32m"sidebar"[39m
        [36m>[39m
          [36m<section[39m
            [33mclass[39m=[32m"sidebar-section title"[39m
            [33mid[39m=[32m"title"[39m
          [36m>[39m
            [36m<h1>[39m
              [0mScreenshots[0m
            [36m</h1>[39m
          [36m</section>[39m
          [36m<section[39m
            [33mclass[39m=[32m"sidebar-section nav"[39m
            [33mid[39m=[32m"nav"[39m
          [36m>[39m
            [36m<div[39m
              [33mclass[39m=[32m"active sidebar-link screenshot-link"[39m
            [36m>[39m
              [0mScreenshot 1[0m
            [36m</div>[39m
            [36m<div[39m
              [33mclass[39m=[32m"sidebar-link screenshot-link"[39m
            [36m>[39m
              [0mScreenshot 2[0m
            [36m</div>[39m
            [36m<div[39m
              [33mclass[39m=[32m"sidebar-link screenshot-link"[39m
            [36m>[39m
              [0mScreenshot 3[0m
            [36m</div>[39m
          [36m</section>[39m
        [36m</aside>[39m
        [36m<footer[39m
          [33mclass[39m=[32m"toolbar-stack"[39m
          [33mid[39m=[32m"toolbarStack"[39m
        [36m>[39m
          [36m<div[39m
            [33mclass[39m=[32m"toolbar toolMenu flex justify-between"[39m
            [33mid[39m=[32m"toolMenu"[39m
          [36m>[39m
            [36m<section>[39m
              [36m<button[39m
                [33mclass[39m=[32m"btn btn-toolbar btn-primary btn-medium"[39m
              [36m>[39m
                [0m&[0m
              [36m</button>[39m
              [36m<button[39m
                [33mclass[39m=[32m"btn btn-toolbar btn-primary btn-medium"[39m
              [36m>[39m
                [0m&[0m
              [36m</button>[39m
              [36m<button[39m
                [33mclass[39m=[32m"btn btn-toolbar btn-primary btn-medium"[39m
              [36m>[39m
                [0m&[0m
              [36m</button>[39m
              [36m<button[39m
                [33mclass[39m=[32m"btn btn-toolbar btn-primary btn-medium"[39m
              [36m>[39m
                [0m&[0m
              [36m</button>[39m
            [36m</section>[39m
          [36m</div>[39m
          [36m<div[39m
            [33mclass[39m=[32m"toolbar navMenu flex justify-between"[39m
            [33mid[39m=[32m"navMenu"[39m
          [36m>[39m
            [36m<button[39m
              [33mclass[39m=[32m"btn btn-toolbar btn-primary btn-medium"[39m
            [36m>[39m
              [0mPrev[0m
            [36m</button>[39m
            [36m<span>[39m
              [0m1/100[0m
            [36m</span>[39m
            [36m<button[39m
              [33mclass[39m=[32m"btn btn-toolbar btn-primary btn-medium"[39m
            [36m>[39m
              [0mNext[0m
            [36m</button>[39m
          [36m</div>[39m
        [36m</footer>[39m
        [36m<div[39m
          [33mclass[39m=[32m"header"[39m
        [36m>[39m
          [36m<h1>[39m
            [0mprotobooth Development Interface[0m
          [36m</h1>[39m
          [36m<span[39m
            [33mclass[39m=[32m"badge status-requested"[39m
          [36m>[39m
            [0mReviews Requested[0m
          [36m</span>[39m
        [36m</div>[39m
        [36m<div[39m
          [33mclass[39m=[32m"content"[39m
        [36m>[39m
          [36m<div[39m
            [33mclass[39m=[32m"error-card error-message"[39m
            [33mdata-testid[39m=[32m"general-error"[39m
          [36m>[39m
            [36m<div[39m
              [33mclass[39m=[32m"error-header"[39m
            [36m>[39m
              [36m<h4[39m
                [33mclass[39m=[32m"error-title"[39m
              [36m>[39m
                [0mError[0m
              [36m</h4>[39m
            [36m</div>[39m
            [36m<div[39m
              [33mclass[39m=[32m"error-body"[39m
            [36m>[39m
              [36m<p[39m
                [33mclass[39m=[32m"error-text"[39m
                [33mdata-testid[39m=[32m"general-error-message"[39m
              [36m>[39m
                [0mScreenshot capture failed: Project path does not exist[0m
              [36m</p>[39m
            [36m</div>[39m
          [36m</div>[39m
          [36m<div[39m
            [33mclass[39m=[32m"workflow-state"[39m
            [33mdata-testid[39m=[32m"workflow-reviews-requested"[39m
          [36m>[39m
            [36m<h2[39m
              [33mdata-testid[39m=[32m"workflow-state-title"[39m
            [36m>[39m
              [0mReviews Requested[0m
            [36m</h2>[39m
            [36m<p>[39m
              [0mScreenshots are being captured...[0m
            [36m</p>[39m
            [36m<div[39m
              [33mclass[39m=[32m"progress-info"[39m
              [33mdata-testid[39m=[32m"capture-progress"[39m
            [36m>[39m
              [36m<p>[39m
                [0mScreenshot capture failed![0m
              [36m</p>[39m
            [36m</div>[39m
          [36m</div>[39m
        [36m</div>[39m
      [36m</div>[39m
    [36m</div>[39m
  [36m</body>[39m
[36m</html>[39m
[90m [2m❯[22m Proxy.waitForWrapper node_modules/@testing-library/dom/dist/wait-for.js:[2m163:27[22m[39m
[36m [2m❯[22m tests/integration/development-ui-workflow.test.tsx:[2m279:13[22m[39m
    [90m277| [39m      fireEvent[33m.[39m[34mclick[39m(requestReviewButton)[33m;[39m
    [90m278| [39m
    [90m279| [39m      [35mawait[39m [34mwaitFor[39m(() [33m=>[39m {
    [90m   | [39m            [31m^[39m
    [90m280| [39m        [34mexpect[39m(screen[33m.[39m[34mgetByTestId[39m([32m'configuration-error'[39m))[33m.[39m[34mtoBeInTheDoc[39m…
    [90m281| [39m        [34mexpect[39m(screen[33m.[39m[34mgetByText[39m([36m/configuration required/i[39m))[33m.[39m[34mtoBeInTheD[39m…

[31m[2m⎯⎯⎯⎯⎯⎯⎯⎯⎯⎯⎯⎯⎯⎯⎯⎯⎯⎯⎯⎯⎯⎯⎯[2/14]⎯[22m[39m

[31m[1m[7m FAIL [27m[22m[39m tests/integration/development-ui-workflow.test.tsx[2m > [22mDevelopment UI Workflow Integration[2m > [22mRequest Review Workflow[2m > [22mshould generate deployment instructions after successful capture
[31m[1mTestingLibraryElementError[22m[39m: Unable to find an element by: [data-testid="request-review-button"]

Ignored nodes: comments, script, style
[36m<body>[39m
  [36m<div>[39m
    [36m<div[39m
      [33mclass[39m=[32m"layout resolve-app"[39m
      [33mdata-testid[39m=[32m"resolve-app"[39m
      [33mid[39m=[32m"protobooth-resolve"[39m
    [36m>[39m
      [36m<aside[39m
        [33mclass[39m=[32m"sidebar"[39m
        [33mid[39m=[32m"sidebar"[39m
      [36m>[39m
        [36m<section[39m
          [33mclass[39m=[32m"sidebar-section title"[39m
          [33mid[39m=[32m"title"[39m
        [36m>[39m
          [36m<h1>[39m
            [0mScreenshots[0m
          [36m</h1>[39m
        [36m</section>[39m
        [36m<section[39m
          [33mclass[39m=[32m"sidebar-section nav"[39m
          [33mid[39m=[32m"nav"[39m
        [36m>[39m
          [36m<div[39m
            [33mclass[39m=[32m"active sidebar-link screenshot-link"[39m
          [36m>[39m
            [0mScreenshot 1[0m
          [36m</div>[39m
          [36m<div[39m
            [33mclass[39m=[32m"sidebar-link screenshot-link"[39m
          [36m>[39m
            [0mScreenshot 2[0m
          [36m</div>[39m
          [36m<div[39m
            [33mclass[39m=[32m"sidebar-link screenshot-link"[39m
          [36m>[39m
            [0mScreenshot 3[0m
          [36m</div>[39m
        [36m</section>[39m
      [36m</aside>[39m
      [36m<footer[39m
        [33mclass[39m=[32m"toolbar-stack"[39m
        [33mid[39m=[32m"toolbarStack"[39m
      [36m>[39m
        [36m<div[39m
          [33mclass[39m=[32m"toolbar toolMenu flex justify-between"[39m
          [33mid[39m=[32m"toolMenu"[39m
        [36m>[39m
          [36m<section>[39m
            [36m<button[39m
              [33mclass[39m=[32m"btn btn-toolbar btn-primary btn-medium"[39m
            [36m>[39m
              [0m&[0m
            [36m</button>[39m
            [36m<button[39m
              [33mclass[39m=[32m"btn btn-toolbar btn-primary btn-medium"[39m
            [36m>[39m
              [0m&[0m
            [36m</button>[39m
            [36m<button[39m
              [33mclass[39m=[32m"btn btn-toolbar btn-primary btn-medium"[39m
            [36m>[39m
              [0m&[0m
            [36m</button>[39m
            [36m<button[39m
              [33mclass[39m=[32m"btn btn-toolbar btn-primary btn-medium"[39m
            [36m>[39m
              [0m&[0m
            [36m</button>[39m
          [36m</section>[39m
        [36m</div>[39m
        [36m<div[39m
          [33mclass[39m=[32m"toolbar navMenu flex justify-between"[39m
          [33mid[39m=[32m"navMenu"[39m
        [36m>[39m
          [36m<button[39m
            [33mclass[39m=[32m"btn btn-toolbar btn-primary btn-medium"[39m
          [36m>[39m
            [0mPrev[0m
          [36m</button>[39m
          [36m<span>[39m
            [0m1/100[0m
          [36m</span>[39m
          [36m<button[39m
            [33mclass[39m=[32m"btn btn-toolbar btn-primary btn-medium"[39m
          [36m>[39m
            [0mNext[0m
          [36m</button>[39m
        [36m</div>[39m
      [36m</footer>[39m
      [36m<div[39m
        [33mclass[39m=[32m"header"[39m
      [36m>[39m
        [36m<h1>[39m
          [0mprotobooth Development Interface[0m
        [36m</h1>[39m
        [36m<span[39m
          [33mclass[39m=[32m"badge status-unknown"[39m
        [36m>[39m
          [0mUnknown[0m
        [36m</span>[39m
      [36m</div>[39m
      [36m<div[39m
        [33mclass[39m=[32m"content"[39m
      [36m>[39m
        [36m<div[39m
          [33mclass[39m=[32m"workflow-state"[39m
        [36m>[39m
          [36m<h2>[39m
            [0mUnknown State[0m
          [36m</h2>[39m
          [36m<p>[39m
            [0mWorkflow is in an unknown state.[0m
          [36m</p>[39m
        [36m</div>[39m
      [36m</div>[39m
    [36m</div>[39m
  [36m</div>[39m
[36m</body>[39m

Ignored nodes: comments, script, style
[36m<body>[39m
  [36m<div>[39m
    [36m<div[39m
      [33mclass[39m=[32m"layout resolve-app"[39m
      [33mdata-testid[39m=[32m"resolve-app"[39m
      [33mid[39m=[32m"protobooth-resolve"[39m
    [36m>[39m
      [36m<aside[39m
        [33mclass[39m=[32m"sidebar"[39m
        [33mid[39m=[32m"sidebar"[39m
      [36m>[39m
        [36m<section[39m
          [33mclass[39m=[32m"sidebar-section title"[39m
          [33mid[39m=[32m"title"[39m
        [36m>[39m
          [36m<h1>[39m
            [0mScreenshots[0m
          [36m</h1>[39m
        [36m</section>[39m
        [36m<section[39m
          [33mclass[39m=[32m"sidebar-section nav"[39m
          [33mid[39m=[32m"nav"[39m
        [36m>[39m
          [36m<div[39m
            [33mclass[39m=[32m"active sidebar-link screenshot-link"[39m
          [36m>[39m
            [0mScreenshot 1[0m
          [36m</div>[39m
          [36m<div[39m
            [33mclass[39m=[32m"sidebar-link screenshot-link"[39m
          [36m>[39m
            [0mScreenshot 2[0m
          [36m</div>[39m
          [36m<div[39m
            [33mclass[39m=[32m"sidebar-link screenshot-link"[39m
          [36m>[39m
            [0mScreenshot 3[0m
          [36m</div>[39m
        [36m</section>[39m
      [36m</aside>[39m
      [36m<footer[39m
        [33mclass[39m=[32m"toolbar-stack"[39m
        [33mid[39m=[32m"toolbarStack"[39m
      [36m>[39m
        [36m<div[39m
          [33mclass[39m=[32m"toolbar toolMenu flex justify-between"[39m
          [33mid[39m=[32m"toolMenu"[39m
        [36m>[39m
          [36m<section>[39m
            [36m<button[39m
              [33mclass[39m=[32m"btn btn-toolbar btn-primary btn-medium"[39m
            [36m>[39m
              [0m&[0m
            [36m</button>[39m
            [36m<button[39m
              [33mclass[39m=[32m"btn btn-toolbar btn-primary btn-medium"[39m
            [36m>[39m
              [0m&[0m
            [36m</button>[39m
            [36m<button[39m
              [33mclass[39m=[32m"btn btn-toolbar btn-primary btn-medium"[39m
            [36m>[39m
              [0m&[0m
            [36m</button>[39m
            [36m<button[39m
              [33mclass[39m=[32m"btn btn-toolbar btn-primary btn-medium"[39m
            [36m>[39m
              [0m&[0m
            [36m</button>[39m
          [36m</section>[39m
        [36m</div>[39m
        [36m<div[39m
          [33mclass[39m=[32m"toolbar navMenu flex justify-between"[39m
          [33mid[39m=[32m"navMenu"[39m
        [36m>[39m
          [36m<button[39m
            [33mclass[39m=[32m"btn btn-toolbar btn-primary btn-medium"[39m
          [36m>[39m
            [0mPrev[0m
          [36m</button>[39m
          [36m<span>[39m
            [0m1/100[0m
          [36m</span>[39m
          [36m<button[39m
            [33mclass[39m=[32m"btn btn-toolbar btn-primary btn-medium"[39m
          [36m>[39m
            [0mNext[0m
          [36m</button>[39m
        [36m</div>[39m
      [36m</footer>[39m
      [36m<div[39m
        [33mclass[39m=[32m"header"[39m
      [36m>[39m
        [36m<h1>[39m
          [0mprotobooth Development Interface[0m
        [36m</h1>[39m
        [36m<span[39m
          [33mclass[39m=[32m"badge status-unknown"[39m
        [36m>[39m
          [0mUnknown[0m
        [36m</span>[39m
      [36m</div>[39m
      [36m<div[39m
        [33mclass[39m=[32m"content"[39m
      [36m>[39m
        [36m<div[39m
          [33mclass[39m=[32m"workflow-state"[39m
        [36m>[39m
          [36m<h2>[39m
            [0mUnknown State[0m
          [36m</h2>[39m
          [36m<p>[39m
            [0mWorkflow is in an unknown state.[0m
          [36m</p>[39m
        [36m</div>[39m
      [36m</div>[39m
    [36m</div>[39m
  [36m</div>[39m
[36m</body>[39m
[90m [2m❯[22m waitForWrapper node_modules/@testing-library/dom/dist/wait-for.js:[2m163:27[22m[39m
[90m [2m❯[22m node_modules/@testing-library/dom/dist/query-helpers.js:[2m86:33[22m[39m
[36m [2m❯[22m tests/integration/development-ui-workflow.test.tsx:[2m318:48[22m[39m
    [90m316| [39m      [34mrenderResolveApp[39m()[33m;[39m
    [90m317| [39m
    [90m318| [39m      [35mconst[39m requestReviewButton [33m=[39m [35mawait[39m screen[33m.[39m[34mfindByTestId[39m([32m'request-r[39m…
    [90m   | [39m                                               [31m^[39m
    [90m319| [39m      fireEvent[33m.[39m[34mclick[39m(requestReviewButton)[33m;[39m
    [90m320| [39m

[31m[2m⎯⎯⎯⎯⎯⎯⎯⎯⎯⎯⎯⎯⎯⎯⎯⎯⎯⎯⎯⎯⎯⎯⎯[3/14]⎯[22m[39m

[31m[1m[7m FAIL [27m[22m[39m tests/integration/development-ui-workflow.test.tsx[2m > [22mDevelopment UI Workflow Integration[2m > [22mRequest Review Workflow[2m > [22mshould handle screenshot capture failures gracefully
[31m[1mTestingLibraryElementError[22m[39m: Unable to find an element by: [data-testid="general-error"]

Ignored nodes: comments, script, style
[36m<body>[39m
  [36m<div>[39m
    [36m<div[39m
      [33mclass[39m=[32m"layout resolve-app"[39m
      [33mdata-testid[39m=[32m"resolve-app"[39m
      [33mid[39m=[32m"protobooth-resolve"[39m
    [36m>[39m
      [36m<aside[39m
        [33mclass[39m=[32m"sidebar"[39m
        [33mid[39m=[32m"sidebar"[39m
      [36m>[39m
        [36m<section[39m
          [33mclass[39m=[32m"sidebar-section title"[39m
          [33mid[39m=[32m"title"[39m
        [36m>[39m
          [36m<h1>[39m
            [0mScreenshots[0m
          [36m</h1>[39m
        [36m</section>[39m
        [36m<section[39m
          [33mclass[39m=[32m"sidebar-section nav"[39m
          [33mid[39m=[32m"nav"[39m
        [36m>[39m
          [36m<div[39m
            [33mclass[39m=[32m"active sidebar-link screenshot-link"[39m
          [36m>[39m
            [0mScreenshot 1[0m
          [36m</div>[39m
          [36m<div[39m
            [33mclass[39m=[32m"sidebar-link screenshot-link"[39m
          [36m>[39m
            [0mScreenshot 2[0m
          [36m</div>[39m
          [36m<div[39m
            [33mclass[39m=[32m"sidebar-link screenshot-link"[39m
          [36m>[39m
            [0mScreenshot 3[0m
          [36m</div>[39m
        [36m</section>[39m
      [36m</aside>[39m
      [36m<footer[39m
        [33mclass[39m=[32m"toolbar-stack"[39m
        [33mid[39m=[32m"toolbarStack"[39m
      [36m>[39m
        [36m<div[39m
          [33mclass[39m=[32m"toolbar toolMenu flex justify-between"[39m
          [33mid[39m=[32m"toolMenu"[39m
        [36m>[39m
          [36m<section>[39m
            [36m<button[39m
              [33mclass[39m=[32m"btn btn-toolbar btn-primary btn-medium"[39m
            [36m>[39m
              [0m&[0m
            [36m</button>[39m
            [36m<button[39m
              [33mclass[39m=[32m"btn btn-toolbar btn-primary btn-medium"[39m
            [36m>[39m
              [0m&[0m
            [36m</button>[39m
            [36m<button[39m
              [33mclass[39m=[32m"btn btn-toolbar btn-primary btn-medium"[39m
            [36m>[39m
              [0m&[0m
            [36m</button>[39m
            [36m<button[39m
              [33mclass[39m=[32m"btn btn-toolbar btn-primary btn-medium"[39m
            [36m>[39m
              [0m&[0m
            [36m</button>[39m
          [36m</section>[39m
        [36m</div>[39m
        [36m<div[39m
          [33mclass[39m=[32m"toolbar navMenu flex justify-between"[39m
          [33mid[39m=[32m"navMenu"[39m
        [36m>[39m
          [36m<button[39m
            [33mclass[39m=[32m"btn btn-toolbar btn-primary btn-medium"[39m
          [36m>[39m
            [0mPrev[0m
          [36m</button>[39m
          [36m<span>[39m
            [0m1/100[0m
          [36m</span>[39m
          [36m<button[39m
            [33mclass[39m=[32m"btn btn-toolbar btn-primary btn-medium"[39m
          [36m>[39m
            [0mNext[0m
          [36m</button>[39m
        [36m</div>[39m
      [36m</footer>[39m
      [36m<div[39m
        [33mclass[39m=[32m"header"[39m
      [36m>[39m
        [36m<h1>[39m
          [0mprotobooth Development Interface[0m
        [36m</h1>[39m
        [36m<span[39m
          [33mclass[39m=[32m"badge status-development"[39m
        [36m>[39m
          [0mIn Development[0m
        [36m</span>[39m
      [36m</div>[39m
      [36m<div[39m
        [33mclass[39m=[32m"content"[39m
      [36m>[39m
        [36m<div[39m
          [33mclass[39m=[32m"workflow-state"[39m
          [33mdata-testid[39m=[32m"workflow-in-development"[39m
        [36m>[39m
          [36m<h2[39m
            [33mdata-testid[39m=[32m"workflow-state-title"[39m
          [36m>[39m
            [0mIn Development[0m
          [36m</h2>[39m
          [36m<p>[39m
            [0mReady to request client review of your prototype.[0m
          [36m</p>[39m
          [36m<div[39m
            [33mclass[39m=[32m"error-card"[39m
            [33mdata-testid[39m=[32m"configuration-error"[39m
          [36m>[39m
            [36m<div[39m
              [33mclass[39m=[32m"error-header"[39m
            [36m>[39m
              [36m<h4[39m
                [33mclass[39m=[32m"error-title"[39m
              [36m>[39m
                [0mConfiguration Required[0m
              [36m</h4>[39m
            [36m</div>[39m
            [36m<div[39m
              [33mclass[39m=[32m"error-body"[39m
            [36m>[39m
              [36m<p[39m
                [33mclass[39m=[32m"error-text"[39m
                [33mdata-testid[39m=[32m"configuration-error-message"[39m
              [36m>[39m
                [0mPlease configure fixtures before requesting review[0m
              [36m</p>[39m
              [36m<div[39m
                [33mclass[39m=[32m"error-details"[39m
              [36m>[39m
                [36m<ul[39m
                  [33mclass[39m=[32m"list-unstyled"[39m
                [36m>[39m
                  [36m<li[39m
                    [33mclass[39m=[32m"list-item"[39m
                  [36m>[39m
                    [0mConfiguration not found - please configure protobooth plugin[0m
                  [36m</li>[39m
                [36m</ul>[39m
              [36m</div>[39m
            [36m</div>[39m
          [36m</div>[39m
          [36m<div[39m
            [33mclass[39m=[32m"actions"[39m
          [36m>[39m
            [36m<button[39m
              [33mclass[39m=[32m"btn btn-primary btn-medium btn-primary"[39m
              [33mdata-testid[39m=[32m"request-review-button"[39m
              [33mdisabled[39m=[32m""[39m
            [36m>[39m
              [0mRequest Review[0m
            [36m</button>[39m
          [36m</div>[39m
        [36m</div>[39m
      [36m</div>[39m
    [36m</div>[39m
  [36m</div>[39m
[36m</body>[39m

Ignored nodes: comments, script, style
[36m<html>[39m
  [36m<head />[39m
  [36m<body>[39m
    [36m<div>[39m
      [36m<div[39m
        [33mclass[39m=[32m"layout resolve-app"[39m
        [33mdata-testid[39m=[32m"resolve-app"[39m
        [33mid[39m=[32m"protobooth-resolve"[39m
      [36m>[39m
        [36m<aside[39m
          [33mclass[39m=[32m"sidebar"[39m
          [33mid[39m=[32m"sidebar"[39m
        [36m>[39m
          [36m<section[39m
            [33mclass[39m=[32m"sidebar-section title"[39m
            [33mid[39m=[32m"title"[39m
          [36m>[39m
            [36m<h1>[39m
              [0mScreenshots[0m
            [36m</h1>[39m
          [36m</section>[39m
          [36m<section[39m
            [33mclass[39m=[32m"sidebar-section nav"[39m
            [33mid[39m=[32m"nav"[39m
          [36m>[39m
            [36m<div[39m
              [33mclass[39m=[32m"active sidebar-link screenshot-link"[39m
            [36m>[39m
              [0mScreenshot 1[0m
            [36m</div>[39m
            [36m<div[39m
              [33mclass[39m=[32m"sidebar-link screenshot-link"[39m
            [36m>[39m
              [0mScreenshot 2[0m
            [36m</div>[39m
            [36m<div[39m
              [33mclass[39m=[32m"sidebar-link screenshot-link"[39m
            [36m>[39m
              [0mScreenshot 3[0m
            [36m</div>[39m
          [36m</section>[39m
        [36m</aside>[39m
        [36m<footer[39m
          [33mclass[39m=[32m"toolbar-stack"[39m
          [33mid[39m=[32m"toolbarStack"[39m
        [36m>[39m
          [36m<div[39m
            [33mclass[39m=[32m"toolbar toolMenu flex justify-between"[39m
            [33mid[39m=[32m"toolMenu"[39m
          [36m>[39m
            [36m<section>[39m
              [36m<button[39m
                [33mclass[39m=[32m"btn btn-toolbar btn-primary btn-medium"[39m
              [36m>[39m
                [0m&[0m
              [36m</button>[39m
              [36m<button[39m
                [33mclass[39m=[32m"btn btn-toolbar btn-primary btn-medium"[39m
              [36m>[39m
                [0m&[0m
              [36m</button>[39m
              [36m<button[39m
                [33mclass[39m=[32m"btn btn-toolbar btn-primary btn-medium"[39m
              [36m>[39m
                [0m&[0m
              [36m</button>[39m
              [36m<button[39m
                [33mclass[39m=[32m"btn btn-toolbar btn-primary btn-medium"[39m
              [36m>[39m
                [0m&[0m
              [36m</button>[39m
            [36m</section>[39m
          [36m</div>[39m
          [36m<div[39m
            [33mclass[39m=[32m"toolbar navMenu flex justify-between"[39m
            [33mid[39m=[32m"navMenu"[39m
          [36m>[39m
            [36m<button[39m
              [33mclass[39m=[32m"btn btn-toolbar btn-primary btn-medium"[39m
            [36m>[39m
              [0mPrev[0m
            [36m</button>[39m
            [36m<span>[39m
              [0m1/100[0m
            [36m</span>[39m
            [36m<button[39m
              [33mclass[39m=[32m"btn btn-toolbar btn-primary btn-medium"[39m
            [36m>[39m
              [0mNext[0m
            [36m</button>[39m
          [36m</div>[39m
        [36m</footer>[39m
        [36m<div[39m
          [33mclass[39m=[32m"header"[39m
        [36m>[39m
          [36m<h1>[39m
            [0mprotobooth Development Interface[0m
          [36m</h1>[39m
          [36m<span[39m
            [33mclass[39m=[32m"badge status-development"[39m
          [36m>[39m
            [0mIn Development[0m
          [36m</span>[39m
        [36m</div>[39m
        [36m<div[39m
          [33mclass[39m=[32m"content"[39m
        [36m>[39m
          [36m<div[39m
            [33mclass[39m=[32m"workflow-state"[39m
            [33mdata-testid[39m=[32m"workflow-in-development"[39m
          [36m>[39m
            [36m<h2[39m
              [33mdata-testid[39m=[32m"workflow-state-title"[39m
            [36m>[39m
              [0mIn Development[0m
            [36m</h2>[39m
            [36m<p>[39m
              [0mReady to request client review of your prototype.[0m
            [36m</p>[39m
            [36m<div[39m
              [33mclass[39m=[32m"error-card"[39m
              [33mdata-testid[39m=[32m"configuration-error"[39m
            [36m>[39m
              [36m<div[39m
                [33mclass[39m=[32m"error-header"[39m
              [36m>[39m
                [36m<h4[39m
                  [33mclass[39m=[32m"error-title"[39m
                [36m>[39m
                  [0mConfiguration Required[0m
                [36m</h4>[39m
              [36m</div>[39m
              [36m<div[39m
                [33mclass[39m=[32m"error-body"[39m
              [36m>[39m
                [36m<p[39m
                  [33mclass[39m=[32m"error-text"[39m
                  [33mdata-testid[39m=[32m"configuration-error-message"[39m
                [36m>[39m
                  [0mPlease configure fixtures before requesting review[0m
                [36m</p>[39m
                [36m<div[39m
                  [33mclass[39m=[32m"error-details"[39m
                [36m>[39m
                  [36m<ul[39m
                    [33mclass[39m=[32m"list-unstyled"[39m
                  [36m>[39m
                    [36m<li[39m
                      [33mclass[39m=[32m"list-item"[39m
                    [36m>[39m
                      [0mConfiguration not found - please configure protobooth plugin[0m
                    [36m</li>[39m
                  [36m</ul>[39m
                [36m</div>[39m
              [36m</div>[39m
            [36m</div>[39m
            [36m<div[39m
              [33mclass[39m=[32m"actions"[39m
            [36m>[39m
              [36m<button[39m
                [33mclass[39m=[32m"btn btn-primary btn-medium btn-primary"[39m
                [33mdata-testid[39m=[32m"request-review-button"[39m
                [33mdisabled[39m=[32m""[39m
              [36m>[39m
                [0mRequest Review[0m
              [36m</button>[39m
            [36m</div>[39m
          [36m</div>[39m
        [36m</div>[39m
      [36m</div>[39m
    [36m</div>[39m
  [36m</body>[39m
[36m</html>[39m
[90m [2m❯[22m Proxy.waitForWrapper node_modules/@testing-library/dom/dist/wait-for.js:[2m163:27[22m[39m
[36m [2m❯[22m tests/integration/development-ui-workflow.test.tsx:[2m352:13[22m[39m
    [90m350| [39m      fireEvent[33m.[39m[34mclick[39m(requestReviewButton)[33m;[39m
    [90m351| [39m
    [90m352| [39m      [35mawait[39m [34mwaitFor[39m(() [33m=>[39m {
    [90m   | [39m            [31m^[39m
    [90m353| [39m        [34mexpect[39m(screen[33m.[39m[34mgetByTestId[39m([32m'general-error'[39m))[33m.[39m[34mtoBeInTheDocument[39m(…
    [90m354| [39m        [35mconst[39m errorMessage [33m=[39m screen[33m.[39m[34mgetByTestId[39m([32m'general-error-message[39m…

[31m[2m⎯⎯⎯⎯⎯⎯⎯⎯⎯⎯⎯⎯⎯⎯⎯⎯⎯⎯⎯⎯⎯⎯⎯[4/14]⎯[22m[39m

[31m[1m[7m FAIL [27m[22m[39m tests/integration/development-ui-workflow.test.tsx[2m > [22mDevelopment UI Workflow Integration[2m > [22mAnnotation Download and Resolution[2m > [22mshould download annotation bundle when available
[31m[1mAssertionError[22m[39m: expected "spy" to be called with arguments: [ …(2) ][90m

Received: 

[1m  1st spy call:

[22m[2m  Array [[22m
[32m-   "protobooth-workflow-state.json",[90m
[32m-   StringContaining "\"state\": \"submitted-for-development\"",[90m
[31m+   "workflow-state.json",[90m
[31m+   "{[90m
[31m+   \"state\": \"submitted-for-development\",[90m
[31m+   \"timestamp\": \"2025-10-03T17:02:00.486Z\"[90m
[31m+ }",[90m
[2m  ][22m
[39m[90m

Number of calls: [1m1[22m
[39m

Ignored nodes: comments, script, style
[36m<html>[39m
  [36m<head />[39m
  [36m<body>[39m
    [36m<div>[39m
      [36m<div[39m
        [33mclass[39m=[32m"layout resolve-app"[39m
        [33mdata-testid[39m=[32m"resolve-app"[39m
        [33mid[39m=[32m"protobooth-resolve"[39m
      [36m>[39m
        [36m<aside[39m
          [33mclass[39m=[32m"sidebar"[39m
          [33mid[39m=[32m"sidebar"[39m
        [36m>[39m
          [36m<section[39m
            [33mclass[39m=[32m"sidebar-section title"[39m
            [33mid[39m=[32m"title"[39m
          [36m>[39m
            [36m<h1>[39m
              [0mScreenshots[0m
            [36m</h1>[39m
          [36m</section>[39m
          [36m<section[39m
            [33mclass[39m=[32m"sidebar-section nav"[39m
            [33mid[39m=[32m"nav"[39m
          [36m>[39m
            [36m<div[39m
              [33mclass[39m=[32m"active sidebar-link screenshot-link"[39m
            [36m>[39m
              [0mScreenshot 1[0m
            [36m</div>[39m
            [36m<div[39m
              [33mclass[39m=[32m"sidebar-link screenshot-link"[39m
            [36m>[39m
              [0mScreenshot 2[0m
            [36m</div>[39m
            [36m<div[39m
              [33mclass[39m=[32m"sidebar-link screenshot-link"[39m
            [36m>[39m
              [0mScreenshot 3[0m
            [36m</div>[39m
          [36m</section>[39m
        [36m</aside>[39m
        [36m<footer[39m
          [33mclass[39m=[32m"toolbar-stack"[39m
          [33mid[39m=[32m"toolbarStack"[39m
        [36m>[39m
          [36m<div[39m
            [33mclass[39m=[32m"toolbar toolMenu flex justify-between"[39m
            [33mid[39m=[32m"toolMenu"[39m
          [36m>[39m
            [36m<section>[39m
              [36m<button[39m
                [33mclass[39m=[32m"btn btn-toolbar btn-primary btn-medium"[39m
              [36m>[39m
                [0m&[0m
              [36m</button>[39m
              [36m<button[39m
                [33mclass[39m=[32m"btn btn-toolbar btn-primary btn-medium"[39m
              [36m>[39m
                [0m&[0m
              [36m</button>[39m
              [36m<button[39m
                [33mclass[39m=[32m"btn btn-toolbar btn-primary btn-medium"[39m
              [36m>[39m
                [0m&[0m
              [36m</button>[39m
              [36m<button[39m
                [33mclass[39m=[32m"btn btn-toolbar btn-primary btn-medium"[39m
              [36m>[39m
                [0m&[0m
              [36m</button>[39m
            [36m</section>[39m
          [36m</div>[39m
          [36m<div[39m
            [33mclass[39m=[32m"toolbar navMenu flex justify-between"[39m
            [33mid[39m=[32m"navMenu"[39m
          [36m>[39m
            [36m<button[39m
              [33mclass[39m=[32m"btn btn-toolbar btn-primary btn-medium"[39m
            [36m>[39m
              [0mPrev[0m
            [36m</button>[39m
            [36m<span>[39m
              [0m1/100[0m
            [36m</span>[39m
            [36m<button[39m
              [33mclass[39m=[32m"btn btn-toolbar btn-primary btn-medium"[39m
            [36m>[39m
              [0mNext[0m
            [36m</button>[39m
          [36m</div>[39m
        [36m</footer>[39m
        [36m<div[39m
          [33mclass[39m=[32m"header"[39m
        [36m>[39m
          [36m<h1>[39m
            [0mprotobooth Development Interface[0m
          [36m</h1>[39m
          [36m<span[39m
            [33mclass[39m=[32m"badge status-submitted"[39m
          [36m>[39m
            [0mSubmitted For Development[0m
          [36m</span>[39m
        [36m</div>[39m
        [36m<div[39m
          [33mclass[39m=[32m"content"[39m
        [36m>[39m
          [36m<div[39m
            [33mclass[39m=[32m"workflow-state"[39m
            [33mdata-testid[39m=[32m"workflow-submitted-for-development"[39m
          [36m>[39m
            [36m<h2[39m
              [33mdata-testid[39m=[32m"workflow-state-title"[39m
            [36m>[39m
              [0mSubmitted For Development[0m
            [36m</h2>[39m
            [36m<p[39m
              [33mdata-testid[39m=[32m"annotations-count"[39m
            [36m>[39m
              [0m0[0m
              [0m annotations ready for resolution.[0m
            [36m</p>[39m
            [36m<div[39m
              [33mclass[39m=[32m"annotation-list list-empty"[39m
              [33mdata-testid[39m=[32m"annotation-list"[39m
            [36m>[39m
              [36m<p>[39m
                [0mNo annotations available.[0m
              [36m</p>[39m
            [36m</div>[39m
            [36m<div[39m
              [33mclass[39m=[32m"actions"[39m
            [36m>[39m
              [36m<button[39m
                [33mclass[39m=[32m"btn btn-primary btn-medium"[39m
                [33mdata-testid[39m=[32m"start-new-review-cycle-button"[39m
              [36m>[39m
                [0mStart New Review Cycle[0m
              [36m</button>[39m
            [36m</div>[39m
          [36m</div>[39m
        [36m</div>[39m
      [36m</div>[39m
    [36m</div>[39m
  [36m</body>[39m
[36m</html>[39m
[36m [2m❯[22m tests/integration/development-ui-workflow.test.tsx:[2m371:39[22m[39m
    [90m369| [39m
    [90m370| [39m      [35mawait[39m [34mwaitFor[39m(() [33m=>[39m {
    [90m371| [39m        [34mexpect[39m(mockFileOps[33m.[39mwriteFile)[33m.[39m[34mtoHaveBeenCalledWith[39m(
    [90m   | [39m                                      [31m^[39m
    [90m372| [39m          [32m'protobooth-workflow-state.json'[39m[33m,[39m
    [90m373| [39m          expect[33m.[39m[34mstringContaining[39m([32m'"state": "submitted-for-development[39m…
[90m [2m❯[22m runWithExpensiveErrorDiagnosticsDisabled node_modules/@testing-library/dom/dist/config.js:[2m47:12[22m[39m
[90m [2m❯[22m checkCallback node_modules/@testing-library/dom/dist/wait-for.js:[2m124:77[22m[39m
[90m [2m❯[22m Timeout.checkRealTimersCallback node_modules/@testing-library/dom/dist/wait-for.js:[2m118:16[22m[39m

[31m[2m⎯⎯⎯⎯⎯⎯⎯⎯⎯⎯⎯⎯⎯⎯⎯⎯⎯⎯⎯⎯⎯⎯⎯[5/14]⎯[22m[39m

[31m[1m[7m FAIL [27m[22m[39m tests/integration/development-ui-workflow.test.tsx[2m > [22mDevelopment UI Workflow Integration[2m > [22mAnnotation Download and Resolution[2m > [22mshould allow marking annotations as resolved
[31m[1mAssertionError[22m[39m: expected "spy" to be called with arguments: [ 'protobooth-annotations.json', …(1) ][90m

Received: 

[1m  1st spy call:

[22m[2m  Array [[22m
[32m-   "protobooth-annotations.json",[90m
[32m-   StringContaining "\"status\": \"resolved\"",[90m
[31m+   "annotations.json",[90m
[31m+   "[[90m
[31m+   {[90m
[31m+     \"id\": \"ann-1\",[90m
[31m+     \"timestamp\": \"2025-10-03T17:02:01.681Z\",[90m
[31m+     \"route\": \"/\",[90m
[31m+     \"viewport\": \"desktop\",[90m
[31m+     \"position\": {[90m
[31m+       \"x\": 100,[90m
[31m+       \"y\": 200[90m
[31m+     },[90m
[31m+     \"content\": \"Fix navigation\",[90m
[31m+     \"priority\": \"high\",[90m
[31m+     \"status\": \"resolved\"[90m
[31m+   }[90m
[31m+ ]",[90m
[2m  ][22m
[39m[90m

Number of calls: [1m1[22m
[39m

Ignored nodes: comments, script, style
[36m<html>[39m
  [36m<head />[39m
  [36m<body>[39m
    [36m<div>[39m
      [36m<div[39m
        [33mclass[39m=[32m"layout resolve-app"[39m
        [33mdata-testid[39m=[32m"resolve-app"[39m
        [33mid[39m=[32m"protobooth-resolve"[39m
      [36m>[39m
        [36m<aside[39m
          [33mclass[39m=[32m"sidebar"[39m
          [33mid[39m=[32m"sidebar"[39m
        [36m>[39m
          [36m<section[39m
            [33mclass[39m=[32m"sidebar-section title"[39m
            [33mid[39m=[32m"title"[39m
          [36m>[39m
            [36m<h1>[39m
              [0mScreenshots[0m
            [36m</h1>[39m
          [36m</section>[39m
          [36m<section[39m
            [33mclass[39m=[32m"sidebar-section nav"[39m
            [33mid[39m=[32m"nav"[39m
          [36m>[39m
            [36m<div[39m
              [33mclass[39m=[32m"active sidebar-link screenshot-link"[39m
            [36m>[39m
              [0mScreenshot 1[0m
            [36m</div>[39m
            [36m<div[39m
              [33mclass[39m=[32m"sidebar-link screenshot-link"[39m
            [36m>[39m
              [0mScreenshot 2[0m
            [36m</div>[39m
            [36m<div[39m
              [33mclass[39m=[32m"sidebar-link screenshot-link"[39m
            [36m>[39m
              [0mScreenshot 3[0m
            [36m</div>[39m
          [36m</section>[39m
        [36m</aside>[39m
        [36m<footer[39m
          [33mclass[39m=[32m"toolbar-stack"[39m
          [33mid[39m=[32m"toolbarStack"[39m
        [36m>[39m
          [36m<div[39m
            [33mclass[39m=[32m"toolbar toolMenu flex justify-between"[39m
            [33mid[39m=[32m"toolMenu"[39m
          [36m>[39m
            [36m<section>[39m
              [36m<button[39m
                [33mclass[39m=[32m"btn btn-toolbar btn-primary btn-medium"[39m
              [36m>[39m
                [0m&[0m
              [36m</button>[39m
              [36m<button[39m
                [33mclass[39m=[32m"btn btn-toolbar btn-primary btn-medium"[39m
              [36m>[39m
                [0m&[0m
              [36m</button>[39m
              [36m<button[39m
                [33mclass[39m=[32m"btn btn-toolbar btn-primary btn-medium"[39m
              [36m>[39m
                [0m&[0m
              [36m</button>[39m
              [36m<button[39m
                [33mclass[39m=[32m"btn btn-toolbar btn-primary btn-medium"[39m
              [36m>[39m
                [0m&[0m
              [36m</button>[39m
            [36m</section>[39m
          [36m</div>[39m
          [36m<div[39m
            [33mclass[39m=[32m"toolbar navMenu flex justify-between"[39m
            [33mid[39m=[32m"navMenu"[39m
          [36m>[39m
            [36m<button[39m
              [33mclass[39m=[32m"btn btn-toolbar btn-primary btn-medium"[39m
            [36m>[39m
              [0mPrev[0m
            [36m</button>[39m
            [36m<span>[39m
              [0m1/100[0m
            [36m</span>[39m
            [36m<button[39m
              [33mclass[39m=[32m"btn btn-toolbar btn-primary btn-medium"[39m
            [36m>[39m
              [0mNext[0m
            [36m</button>[39m
          [36m</div>[39m
        [36m</footer>[39m
        [36m<div[39m
          [33mclass[39m=[32m"header"[39m
        [36m>[39m
          [36m<h1>[39m
            [0mprotobooth Development Interface[0m
          [36m</h1>[39m
          [36m<span[39m
            [33mclass[39m=[32m"badge status-submitted"[39m
          [36m>[39m
            [0mSubmitted For Development[0m
          [36m</span>[39m
        [36m</div>[39m
        [36m<div[39m
          [33mclass[39m=[32m"content"[39m
        [36m>[39m
          [36m<div[39m
            [33mclass[39m=[32m"workflow-state"[39m
            [33mdata-testid[39m=[32m"workflow-submitted-for-development"[39m
          [36m>[39m
            [36m<h2[39m
              [33mdata-testid[39m=[32m"workflow-state-title"[39m
            [36m>[39m
              [0mSubmitted For Development[0m
            [36m</h2>[39m
            [36m<p[39m
              [33mdata-testid[39m=[32m"annotations-count"[39m
            [36m>[39m
              [0m1[0m
              [0m annotations ready for resolution.[0m
            [36m</p>[39m
            [36m<div[39m
              [33mclass[39m=[32m"progress-bar progress-bar"[39m
            [36m>[39m
              [36m<div[39m
                [33mclass[39m=[32m"progress-label"[39m
              [36m>[39m
                [0m1 of 1 annotations resolved[0m
                [36m<span[39m
                  [33mclass[39m=[32m"progress-percentage"[39m
                [36m>[39m
                  [0m100[0m
                  [0m%[0m
                [36m</span>[39m
              [36m</div>[39m
              [36m<div[39m
                [33mclass[39m=[32m"progress-track"[39m
              [36m>[39m
                [36m<div[39m
                  [33mclass[39m=[32m"progress-fill"[39m
                  [33mstyle[39m=[32m"width: 100%;"[39m
                [36m/>[39m
              [36m</div>[39m
            [36m</div>[39m
            [36m<div[39m
              [33mclass[39m=[32m"annotation-list"[39m
              [33mdata-testid[39m=[32m"annotation-list"[39m
            [36m>[39m
              [36m<div[39m
                [33mclass[39m=[32m"annotation-group"[39m
              [36m>[39m
                [36m<h3>[39m
                  [0mResolved ([0m
                  [0m1[0m
                  [0m)[0m
                [36m</h3>[39m
                [36m<div[39m
                  [33mclass[39m=[32m"annotation-item priority-high"[39m
                [36m>[39m
                  [36m<div[39m
                    [33mclass[39m=[32m"item-header"[39m
                  [36m>[39m
                    [36m<div[39m
                      [33mclass[39m=[32m"meta-info"[39m
                    [36m>[39m
                      [36m<span[39m
                        [33mclass[39m=[32m"route-label"[39m
                      [36m>[39m
                        [0m/[0m
                      [36m</span>[39m
                      [36m<span[39m
                        [33mclass[39m=[32m"viewport-label"[39m
                      [36m>[39m
                        [0mdesktop[0m
                      [36m</span>[39m
                      [36m<span[39m
                        [33mclass[39m=[32m"priority-badge priority-high"[39m
                      [36m>[39m
                        [0mhigh[0m
                        [0m priority[0m
                      [36m</span>[39m
                    [36m</div>[39m
                    [36m<span[39m
                      [33mclass[39m=[32m"badge status-resolved"[39m
                    [36m>[39m
                      [0mResolved[0m
                    [36m</span>[39m
                  [36m</div>[39m
                  [36m<div[39m
                    [33mclass[39m=[32m"item-content"[39m
                  [36m>[39m
                    [36m<p>[39m
                      [0mFix navigation[0m
                    [36m</p>[39m
                  [36m</div>[39m
                  [36m<div[39m
                    [33mclass[39m=[32m"position-info"[39m
                  [36m>[39m
                    [0mPosition: x=[0m
                    [0m100[0m
                    [0m, y=[0m
                    [0m200[0m
                  [36m</div>[39m
                  [36m<div[39m
                    [33mclass[39m=[32m"actions"[39m
                  [36m/>[39m
                  [36m<div[39m
                    [33mclass[39m=[32m"timestamp"[39m
                  [36m>[39m
                    [0m2025-10-03T17:02:01.681Z[0m
                  [36m</div>[39m
                [36m</div>[39m
              [36m</div>[39m
            [36m</div>[39m
            [36m<div[39m
              [33mclass[39m=[32m"actions"[39m
            [36m>[39m
              [36m<button[39m
                [33mclass[39m=[32m"btn btn-primary btn-medium"[39m
                [33mdata-testid[39m=[32m"start-new-review-cycle-button"[39m
              [36m>[39m
                [0mStart New Review Cycle[0m
              [36m</button>[39m
            [36m</div>[39m
          [36m</div>[39m
        [36m</div>[39m
      [36m</div>[39m
    [36m</div>[39m
  [36m</body>[39m
[36m</html>[39m
[36m [2m❯[22m tests/integration/development-ui-workflow.test.tsx:[2m434:39[22m[39m
    [90m432| [39m
    [90m433| [39m      [35mawait[39m [34mwaitFor[39m(() [33m=>[39m {
    [90m434| [39m        [34mexpect[39m(mockFileOps[33m.[39mwriteFile)[33m.[39m[34mtoHaveBeenCalledWith[39m(
    [90m   | [39m                                      [31m^[39m
    [90m435| [39m          [32m'protobooth-annotations.json'[39m[33m,[39m
    [90m436| [39m          expect[33m.[39m[34mstringContaining[39m([32m'"status": "resolved"'[39m)
[90m [2m❯[22m runWithExpensiveErrorDiagnosticsDisabled node_modules/@testing-library/dom/dist/config.js:[2m47:12[22m[39m
[90m [2m❯[22m checkCallback node_modules/@testing-library/dom/dist/wait-for.js:[2m124:77[22m[39m
[90m [2m❯[22m Timeout.checkRealTimersCallback node_modules/@testing-library/dom/dist/wait-for.js:[2m118:16[22m[39m

[31m[2m⎯⎯⎯⎯⎯⎯⎯⎯⎯⎯⎯⎯⎯⎯⎯⎯⎯⎯⎯⎯⎯⎯⎯[6/14]⎯[22m[39m

[31m[1m[7m FAIL [27m[22m[39m tests/integration/development-ui-workflow.test.tsx[2m > [22mDevelopment UI Workflow Integration[2m > [22mState Persistence[2m > [22mshould persist workflow state across dev server restarts
[31m[1mAssertionError[22m[39m: expected "spy" to be called with arguments: [ …(2) ][90m

Received: 

[1m  1st spy call:

[22m[2m  Array [[22m
[32m-   "protobooth-workflow-state.json",[90m
[32m-   StringContaining "\"state\": \"reviews-requested\"",[90m
[31m+   "workflow-state.json",[90m
[31m+   "{[90m
[31m+   \"state\": \"reviews-requested\",[90m
[31m+   \"timestamp\": \"2025-10-03T17:02:02.887Z\"[90m
[31m+ }",[90m
[2m  ][22m
[39m[90m

Number of calls: [1m1[22m
[39m

Ignored nodes: comments, script, style
[36m<html>[39m
  [36m<head />[39m
  [36m<body>[39m
    [36m<div>[39m
      [36m<div[39m
        [33mclass[39m=[32m"layout resolve-app"[39m
        [33mdata-testid[39m=[32m"resolve-app"[39m
        [33mid[39m=[32m"protobooth-resolve"[39m
      [36m>[39m
        [36m<aside[39m
          [33mclass[39m=[32m"sidebar"[39m
          [33mid[39m=[32m"sidebar"[39m
        [36m>[39m
          [36m<section[39m
            [33mclass[39m=[32m"sidebar-section title"[39m
            [33mid[39m=[32m"title"[39m
          [36m>[39m
            [36m<h1>[39m
              [0mScreenshots[0m
            [36m</h1>[39m
          [36m</section>[39m
          [36m<section[39m
            [33mclass[39m=[32m"sidebar-section nav"[39m
            [33mid[39m=[32m"nav"[39m
          [36m>[39m
            [36m<div[39m
              [33mclass[39m=[32m"active sidebar-link screenshot-link"[39m
            [36m>[39m
              [0mScreenshot 1[0m
            [36m</div>[39m
            [36m<div[39m
              [33mclass[39m=[32m"sidebar-link screenshot-link"[39m
            [36m>[39m
              [0mScreenshot 2[0m
            [36m</div>[39m
            [36m<div[39m
              [33mclass[39m=[32m"sidebar-link screenshot-link"[39m
            [36m>[39m
              [0mScreenshot 3[0m
            [36m</div>[39m
          [36m</section>[39m
        [36m</aside>[39m
        [36m<footer[39m
          [33mclass[39m=[32m"toolbar-stack"[39m
          [33mid[39m=[32m"toolbarStack"[39m
        [36m>[39m
          [36m<div[39m
            [33mclass[39m=[32m"toolbar toolMenu flex justify-between"[39m
            [33mid[39m=[32m"toolMenu"[39m
          [36m>[39m
            [36m<section>[39m
              [36m<button[39m
                [33mclass[39m=[32m"btn btn-toolbar btn-primary btn-medium"[39m
              [36m>[39m
                [0m&[0m
              [36m</button>[39m
              [36m<button[39m
                [33mclass[39m=[32m"btn btn-toolbar btn-primary btn-medium"[39m
              [36m>[39m
                [0m&[0m
              [36m</button>[39m
              [36m<button[39m
                [33mclass[39m=[32m"btn btn-toolbar btn-primary btn-medium"[39m
              [36m>[39m
                [0m&[0m
              [36m</button>[39m
              [36m<button[39m
                [33mclass[39m=[32m"btn btn-toolbar btn-primary btn-medium"[39m
              [36m>[39m
                [0m&[0m
              [36m</button>[39m
            [36m</section>[39m
          [36m</div>[39m
          [36m<div[39m
            [33mclass[39m=[32m"toolbar navMenu flex justify-between"[39m
            [33mid[39m=[32m"navMenu"[39m
          [36m>[39m
            [36m<button[39m
              [33mclass[39m=[32m"btn btn-toolbar btn-primary btn-medium"[39m
            [36m>[39m
              [0mPrev[0m
            [36m</button>[39m
            [36m<span>[39m
              [0m1/100[0m
            [36m</span>[39m
            [36m<button[39m
              [33mclass[39m=[32m"btn btn-toolbar btn-primary btn-medium"[39m
            [36m>[39m
              [0mNext[0m
            [36m</button>[39m
          [36m</div>[39m
        [36m</footer>[39m
        [36m<div[39m
          [33mclass[39m=[32m"header"[39m
        [36m>[39m
          [36m<h1>[39m
            [0mprotobooth Development Interface[0m
          [36m</h1>[39m
          [36m<span[39m
            [33mclass[39m=[32m"badge status-requested"[39m
          [36m>[39m
            [0mReviews Requested[0m
          [36m</span>[39m
        [36m</div>[39m
        [36m<div[39m
          [33mclass[39m=[32m"content"[39m
        [36m>[39m
          [36m<div[39m
            [33mclass[39m=[32m"error-card error-message"[39m
            [33mdata-testid[39m=[32m"general-error"[39m
          [36m>[39m
            [36m<div[39m
              [33mclass[39m=[32m"error-header"[39m
            [36m>[39m
              [36m<h4[39m
                [33mclass[39m=[32m"error-title"[39m
              [36m>[39m
                [0mError[0m
              [36m</h4>[39m
            [36m</div>[39m
            [36m<div[39m
              [33mclass[39m=[32m"error-body"[39m
            [36m>[39m
              [36m<p[39m
                [33mclass[39m=[32m"error-text"[39m
                [33mdata-testid[39m=[32m"general-error-message"[39m
              [36m>[39m
                [0mScreenshot capture failed: Failed to discover routes[0m
              [36m</p>[39m
            [36m</div>[39m
          [36m</div>[39m
          [36m<div[39m
            [33mclass[39m=[32m"workflow-state"[39m
            [33mdata-testid[39m=[32m"workflow-reviews-requested"[39m
          [36m>[39m
            [36m<h2[39m
              [33mdata-testid[39m=[32m"workflow-state-title"[39m
            [36m>[39m
              [0mReviews Requested[0m
            [36m</h2>[39m
            [36m<p>[39m
              [0mScreenshots are being captured...[0m
            [36m</p>[39m
            [36m<div[39m
              [33mclass[39m=[32m"progress-info"[39m
              [33mdata-testid[39m=[32m"capture-progress"[39m
            [36m>[39m
              [36m<p>[39m
                [0mScreenshot capture failed![0m
              [36m</p>[39m
            [36m</div>[39m
          [36m</div>[39m
        [36m</div>[39m
      [36m</div>[39m
    [36m</div>[39m
  [36m</body>[39m
[36m</html>[39m
[36m [2m❯[22m tests/integration/development-ui-workflow.test.tsx:[2m486:39[22m[39m
    [90m484| [39m
    [90m485| [39m      [35mawait[39m [34mwaitFor[39m(() [33m=>[39m {
    [90m486| [39m        [34mexpect[39m(mockFileOps[33m.[39mwriteFile)[33m.[39m[34mtoHaveBeenCalledWith[39m(
    [90m   | [39m                                      [31m^[39m
    [90m487| [39m          [32m'protobooth-workflow-state.json'[39m[33m,[39m
    [90m488| [39m          expect[33m.[39m[34mstringContaining[39m([32m'"state": "reviews-requested"'[39m)
[90m [2m❯[22m runWithExpensiveErrorDiagnosticsDisabled node_modules/@testing-library/dom/dist/config.js:[2m47:12[22m[39m
[90m [2m❯[22m checkCallback node_modules/@testing-library/dom/dist/wait-for.js:[2m124:77[22m[39m
[90m [2m❯[22m Timeout.checkRealTimersCallback node_modules/@testing-library/dom/dist/wait-for.js:[2m118:16[22m[39m

[31m[2m⎯⎯⎯⎯⎯⎯⎯⎯⎯⎯⎯⎯⎯⎯⎯⎯⎯⎯⎯⎯⎯⎯⎯[7/14]⎯[22m[39m

[31m[1m[7m FAIL [27m[22m[39m tests/integration/development-ui-workflow.test.tsx[2m > [22mDevelopment UI Workflow Integration[2m > [22mError Handling[2m > [22mshould handle network failures during annotation download
[31m[1mTestingLibraryElementError[22m[39m: Unable to find an element by: [data-testid="download-annotations-button"]

Ignored nodes: comments, script, style
[36m<body>[39m
  [36m<div>[39m
    [36m<div[39m
      [33mclass[39m=[32m"layout resolve-app"[39m
      [33mdata-testid[39m=[32m"resolve-app"[39m
      [33mid[39m=[32m"protobooth-resolve"[39m
    [36m>[39m
      [36m<aside[39m
        [33mclass[39m=[32m"sidebar"[39m
        [33mid[39m=[32m"sidebar"[39m
      [36m>[39m
        [36m<section[39m
          [33mclass[39m=[32m"sidebar-section title"[39m
          [33mid[39m=[32m"title"[39m
        [36m>[39m
          [36m<h1>[39m
            [0mScreenshots[0m
          [36m</h1>[39m
        [36m</section>[39m
        [36m<section[39m
          [33mclass[39m=[32m"sidebar-section nav"[39m
          [33mid[39m=[32m"nav"[39m
        [36m>[39m
          [36m<div[39m
            [33mclass[39m=[32m"active sidebar-link screenshot-link"[39m
          [36m>[39m
            [0mScreenshot 1[0m
          [36m</div>[39m
          [36m<div[39m
            [33mclass[39m=[32m"sidebar-link screenshot-link"[39m
          [36m>[39m
            [0mScreenshot 2[0m
          [36m</div>[39m
          [36m<div[39m
            [33mclass[39m=[32m"sidebar-link screenshot-link"[39m
          [36m>[39m
            [0mScreenshot 3[0m
          [36m</div>[39m
        [36m</section>[39m
      [36m</aside>[39m
      [36m<footer[39m
        [33mclass[39m=[32m"toolbar-stack"[39m
        [33mid[39m=[32m"toolbarStack"[39m
      [36m>[39m
        [36m<div[39m
          [33mclass[39m=[32m"toolbar toolMenu flex justify-between"[39m
          [33mid[39m=[32m"toolMenu"[39m
        [36m>[39m
          [36m<section>[39m
            [36m<button[39m
              [33mclass[39m=[32m"btn btn-toolbar btn-primary btn-medium"[39m
            [36m>[39m
              [0m&[0m
            [36m</button>[39m
            [36m<button[39m
              [33mclass[39m=[32m"btn btn-toolbar btn-primary btn-medium"[39m
            [36m>[39m
              [0m&[0m
            [36m</button>[39m
            [36m<button[39m
              [33mclass[39m=[32m"btn btn-toolbar btn-primary btn-medium"[39m
            [36m>[39m
              [0m&[0m
            [36m</button>[39m
            [36m<button[39m
              [33mclass[39m=[32m"btn btn-toolbar btn-primary btn-medium"[39m
            [36m>[39m
              [0m&[0m
            [36m</button>[39m
          [36m</section>[39m
        [36m</div>[39m
        [36m<div[39m
          [33mclass[39m=[32m"toolbar navMenu flex justify-between"[39m
          [33mid[39m=[32m"navMenu"[39m
        [36m>[39m
          [36m<button[39m
            [33mclass[39m=[32m"btn btn-toolbar btn-primary btn-medium"[39m
          [36m>[39m
            [0mPrev[0m
          [36m</button>[39m
          [36m<span>[39m
            [0m1/100[0m
          [36m</span>[39m
          [36m<button[39m
            [33mclass[39m=[32m"btn btn-toolbar btn-primary btn-medium"[39m
          [36m>[39m
            [0mNext[0m
          [36m</button>[39m
        [36m</div>[39m
      [36m</footer>[39m
      [36m<div[39m
        [33mclass[39m=[32m"header"[39m
      [36m>[39m
        [36m<h1>[39m
          [0mprotobooth Development Interface[0m
        [36m</h1>[39m
        [36m<span[39m
          [33mclass[39m=[32m"badge status-unknown"[39m
        [36m>[39m
          [0mUnknown[0m
        [36m</span>[39m
      [36m</div>[39m
      [36m<div[39m
        [33mclass[39m=[32m"content"[39m
      [36m>[39m
        [36m<div[39m
          [33mclass[39m=[32m"workflow-state"[39m
        [36m>[39m
          [36m<h2>[39m
            [0mUnknown State[0m
          [36m</h2>[39m
          [36m<p>[39m
            [0mWorkflow is in an unknown state.[0m
          [36m</p>[39m
        [36m</div>[39m
      [36m</div>[39m
    [36m</div>[39m
  [36m</div>[39m
[36m</body>[39m

Ignored nodes: comments, script, style
[36m<body>[39m
  [36m<div>[39m
    [36m<div[39m
      [33mclass[39m=[32m"layout resolve-app"[39m
      [33mdata-testid[39m=[32m"resolve-app"[39m
      [33mid[39m=[32m"protobooth-resolve"[39m
    [36m>[39m
      [36m<aside[39m
        [33mclass[39m=[32m"sidebar"[39m
        [33mid[39m=[32m"sidebar"[39m
      [36m>[39m
        [36m<section[39m
          [33mclass[39m=[32m"sidebar-section title"[39m
          [33mid[39m=[32m"title"[39m
        [36m>[39m
          [36m<h1>[39m
            [0mScreenshots[0m
          [36m</h1>[39m
        [36m</section>[39m
        [36m<section[39m
          [33mclass[39m=[32m"sidebar-section nav"[39m
          [33mid[39m=[32m"nav"[39m
        [36m>[39m
          [36m<div[39m
            [33mclass[39m=[32m"active sidebar-link screenshot-link"[39m
          [36m>[39m
            [0mScreenshot 1[0m
          [36m</div>[39m
          [36m<div[39m
            [33mclass[39m=[32m"sidebar-link screenshot-link"[39m
          [36m>[39m
            [0mScreenshot 2[0m
          [36m</div>[39m
          [36m<div[39m
            [33mclass[39m=[32m"sidebar-link screenshot-link"[39m
          [36m>[39m
            [0mScreenshot 3[0m
          [36m</div>[39m
        [36m</section>[39m
      [36m</aside>[39m
      [36m<footer[39m
        [33mclass[39m=[32m"toolbar-stack"[39m
        [33mid[39m=[32m"toolbarStack"[39m
      [36m>[39m
        [36m<div[39m
          [33mclass[39m=[32m"toolbar toolMenu flex justify-between"[39m
          [33mid[39m=[32m"toolMenu"[39m
        [36m>[39m
          [36m<section>[39m
            [36m<button[39m
              [33mclass[39m=[32m"btn btn-toolbar btn-primary btn-medium"[39m
            [36m>[39m
              [0m&[0m
            [36m</button>[39m
            [36m<button[39m
              [33mclass[39m=[32m"btn btn-toolbar btn-primary btn-medium"[39m
            [36m>[39m
              [0m&[0m
            [36m</button>[39m
            [36m<button[39m
              [33mclass[39m=[32m"btn btn-toolbar btn-primary btn-medium"[39m
            [36m>[39m
              [0m&[0m
            [36m</button>[39m
            [36m<button[39m
              [33mclass[39m=[32m"btn btn-toolbar btn-primary btn-medium"[39m
            [36m>[39m
              [0m&[0m
            [36m</button>[39m
          [36m</section>[39m
        [36m</div>[39m
        [36m<div[39m
          [33mclass[39m=[32m"toolbar navMenu flex justify-between"[39m
          [33mid[39m=[32m"navMenu"[39m
        [36m>[39m
          [36m<button[39m
            [33mclass[39m=[32m"btn btn-toolbar btn-primary btn-medium"[39m
          [36m>[39m
            [0mPrev[0m
          [36m</button>[39m
          [36m<span>[39m
            [0m1/100[0m
          [36m</span>[39m
          [36m<button[39m
            [33mclass[39m=[32m"btn btn-toolbar btn-primary btn-medium"[39m
          [36m>[39m
            [0mNext[0m
          [36m</button>[39m
        [36m</div>[39m
      [36m</footer>[39m
      [36m<div[39m
        [33mclass[39m=[32m"header"[39m
      [36m>[39m
        [36m<h1>[39m
          [0mprotobooth Development Interface[0m
        [36m</h1>[39m
        [36m<span[39m
          [33mclass[39m=[32m"badge status-unknown"[39m
        [36m>[39m
          [0mUnknown[0m
        [36m</span>[39m
      [36m</div>[39m
      [36m<div[39m
        [33mclass[39m=[32m"content"[39m
      [36m>[39m
        [36m<div[39m
          [33mclass[39m=[32m"workflow-state"[39m
        [36m>[39m
          [36m<h2>[39m
            [0mUnknown State[0m
          [36m</h2>[39m
          [36m<p>[39m
            [0mWorkflow is in an unknown state.[0m
          [36m</p>[39m
        [36m</div>[39m
      [36m</div>[39m
    [36m</div>[39m
  [36m</div>[39m
[36m</body>[39m
[90m [2m❯[22m waitForWrapper node_modules/@testing-library/dom/dist/wait-for.js:[2m163:27[22m[39m
[90m [2m❯[22m node_modules/@testing-library/dom/dist/query-helpers.js:[2m86:33[22m[39m
[36m [2m❯[22m tests/integration/development-ui-workflow.test.tsx:[2m566:43[22m[39m
    [90m564| [39m      [34mrenderResolveApp[39m()[33m;[39m
    [90m565| [39m
    [90m566| [39m      [35mconst[39m downloadButton [33m=[39m [35mawait[39m screen[33m.[39m[34mfindByTestId[39m([32m'download-annot[39m…
    [90m   | [39m                                          [31m^[39m
    [90m567| [39m      fireEvent[33m.[39m[34mclick[39m(downloadButton)[33m;[39m
    [90m568| [39m

[31m[2m⎯⎯⎯⎯⎯⎯⎯⎯⎯⎯⎯⎯⎯⎯⎯⎯⎯⎯⎯⎯⎯⎯⎯[8/14]⎯[22m[39m

[31m[1m[7m FAIL [27m[22m[39m tests/integration/resolve-app-annotations.test.tsx[2m > [22mResolveApp - Annotation Download Workflow[2m > [22mshould allow marking annotations as resolved
[31m[1mAssertionError[22m[39m: expected "spy" to be called with arguments: [ StringContaining{…}, …(1) ][90m

Received: 

[1m  1st spy call:

[22m[2m  Array [[22m
[32m-   StringContaining "protobooth-annotations.json",[90m
[32m-   StringContaining "resolved",[90m
[31m+   "annotations.json",[90m
[31m+   "[[90m
[31m+   {[90m
[31m+     \"id\": \"ann-1\",[90m
[31m+     \"timestamp\": \"2025-10-03T17:01:58.300Z\",[90m
[31m+     \"route\": \"/home\",[90m
[31m+     \"viewport\": \"desktop\",[90m
[31m+     \"position\": {[90m
[31m+       \"x\": 100,[90m
[31m+       \"y\": 200[90m
[31m+     },[90m
[31m+     \"content\": \"Fix this button\",[90m
[31m+     \"priority\": \"high\",[90m
[31m+     \"status\": \"resolved\"[90m
[31m+   }[90m
[31m+ ]",[90m
[2m  ][22m
[39m[90m

Number of calls: [1m1[22m
[39m

Ignored nodes: comments, script, style
[36m<html>[39m
  [36m<head />[39m
  [36m<body>[39m
    [36m<div>[39m
      [36m<div[39m
        [33mclass[39m=[32m"layout resolve-app"[39m
        [33mdata-testid[39m=[32m"resolve-app"[39m
        [33mid[39m=[32m"protobooth-resolve"[39m
      [36m>[39m
        [36m<aside[39m
          [33mclass[39m=[32m"sidebar"[39m
          [33mid[39m=[32m"sidebar"[39m
        [36m>[39m
          [36m<section[39m
            [33mclass[39m=[32m"sidebar-section title"[39m
            [33mid[39m=[32m"title"[39m
          [36m>[39m
            [36m<h1>[39m
              [0mScreenshots[0m
            [36m</h1>[39m
          [36m</section>[39m
          [36m<section[39m
            [33mclass[39m=[32m"sidebar-section nav"[39m
            [33mid[39m=[32m"nav"[39m
          [36m>[39m
            [36m<div[39m
              [33mclass[39m=[32m"active sidebar-link screenshot-link"[39m
            [36m>[39m
              [0mScreenshot 1[0m
            [36m</div>[39m
            [36m<div[39m
              [33mclass[39m=[32m"sidebar-link screenshot-link"[39m
            [36m>[39m
              [0mScreenshot 2[0m
            [36m</div>[39m
            [36m<div[39m
              [33mclass[39m=[32m"sidebar-link screenshot-link"[39m
            [36m>[39m
              [0mScreenshot 3[0m
            [36m</div>[39m
          [36m</section>[39m
        [36m</aside>[39m
        [36m<footer[39m
          [33mclass[39m=[32m"toolbar-stack"[39m
          [33mid[39m=[32m"toolbarStack"[39m
        [36m>[39m
          [36m<div[39m
            [33mclass[39m=[32m"toolbar toolMenu flex justify-between"[39m
            [33mid[39m=[32m"toolMenu"[39m
          [36m>[39m
            [36m<section>[39m
              [36m<button[39m
                [33mclass[39m=[32m"btn btn-toolbar btn-primary btn-medium"[39m
              [36m>[39m
                [0m&[0m
              [36m</button>[39m
              [36m<button[39m
                [33mclass[39m=[32m"btn btn-toolbar btn-primary btn-medium"[39m
              [36m>[39m
                [0m&[0m
              [36m</button>[39m
              [36m<button[39m
                [33mclass[39m=[32m"btn btn-toolbar btn-primary btn-medium"[39m
              [36m>[39m
                [0m&[0m
              [36m</button>[39m
              [36m<button[39m
                [33mclass[39m=[32m"btn btn-toolbar btn-primary btn-medium"[39m
              [36m>[39m
                [0m&[0m
              [36m</button>[39m
            [36m</section>[39m
          [36m</div>[39m
          [36m<div[39m
            [33mclass[39m=[32m"toolbar navMenu flex justify-between"[39m
            [33mid[39m=[32m"navMenu"[39m
          [36m>[39m
            [36m<button[39m
              [33mclass[39m=[32m"btn btn-toolbar btn-primary btn-medium"[39m
            [36m>[39m
              [0mPrev[0m
            [36m</button>[39m
            [36m<span>[39m
              [0m1/100[0m
            [36m</span>[39m
            [36m<button[39m
              [33mclass[39m=[32m"btn btn-toolbar btn-primary btn-medium"[39m
            [36m>[39m
              [0mNext[0m
            [36m</button>[39m
          [36m</div>[39m
        [36m</footer>[39m
        [36m<div[39m
          [33mclass[39m=[32m"header"[39m
        [36m>[39m
          [36m<h1>[39m
            [0mprotobooth Development Interface[0m
          [36m</h1>[39m
          [36m<span[39m
            [33mclass[39m=[32m"badge status-submitted"[39m
          [36m>[39m
            [0mSubmitted For Development[0m
          [36m</span>[39m
        [36m</div>[39m
        [36m<div[39m
          [33mclass[39m=[32m"content"[39m
        [36m>[39m
          [36m<div[39m
            [33mclass[39m=[32m"workflow-state"[39m
            [33mdata-testid[39m=[32m"workflow-submitted-for-development"[39m
          [36m>[39m
            [36m<h2[39m
              [33mdata-testid[39m=[32m"workflow-state-title"[39m
            [36m>[39m
              [0mSubmitted For Development[0m
            [36m</h2>[39m
            [36m<p[39m
              [33mdata-testid[39m=[32m"annotations-count"[39m
            [36m>[39m
              [0m1[0m
              [0m annotations ready for resolution.[0m
            [36m</p>[39m
            [36m<div[39m
              [33mclass[39m=[32m"progress-bar progress-bar"[39m
            [36m>[39m
              [36m<div[39m
                [33mclass[39m=[32m"progress-label"[39m
              [36m>[39m
                [0m1 of 1 annotations resolved[0m
                [36m<span[39m
                  [33mclass[39m=[32m"progress-percentage"[39m
                [36m>[39m
                  [0m100[0m
                  [0m%[0m
                [36m</span>[39m
              [36m</div>[39m
              [36m<div[39m
                [33mclass[39m=[32m"progress-track"[39m
              [36m>[39m
                [36m<div[39m
                  [33mclass[39m=[32m"progress-fill"[39m
                  [33mstyle[39m=[32m"width: 100%;"[39m
                [36m/>[39m
              [36m</div>[39m
            [36m</div>[39m
            [36m<div[39m
              [33mclass[39m=[32m"annotation-list"[39m
              [33mdata-testid[39m=[32m"annotation-list"[39m
            [36m>[39m
              [36m<div[39m
                [33mclass[39m=[32m"annotation-group"[39m
              [36m>[39m
                [36m<h3>[39m
                  [0mResolved ([0m
                  [0m1[0m
                  [0m)[0m
                [36m</h3>[39m
                [36m<div[39m
                  [33mclass[39m=[32m"annotation-item priority-high"[39m
                [36m>[39m
                  [36m<div[39m
                    [33mclass[39m=[32m"item-header"[39m
                  [36m>[39m
                    [36m<div[39m
                      [33mclass[39m=[32m"meta-info"[39m
                    [36m>[39m
                      [36m<span[39m
                        [33mclass[39m=[32m"route-label"[39m
                      [36m>[39m
                        [0m/home[0m
                      [36m</span>[39m
                      [36m<span[39m
                        [33mclass[39m=[32m"viewport-label"[39m
                      [36m>[39m
                        [0mdesktop[0m
                      [36m</span>[39m
                      [36m<span[39m
                        [33mclass[39m=[32m"priority-badge priority-high"[39m
                      [36m>[39m
                        [0mhigh[0m
                        [0m priority[0m
                      [36m</span>[39m
                    [36m</div>[39m
                    [36m<span[39m
                      [33mclass[39m=[32m"badge status-resolved"[39m
                    [36m>[39m
                      [0mResolved[0m
                    [36m</span>[39m
                  [36m</div>[39m
                  [36m<div[39m
                    [33mclass[39m=[32m"item-content"[39m
                  [36m>[39m
                    [36m<p>[39m
                      [0mFix this button[0m
                    [36m</p>[39m
                  [36m</div>[39m
                  [36m<div[39m
                    [33mclass[39m=[32m"position-info"[39m
                  [36m>[39m
                    [0mPosition: x=[0m
                    [0m100[0m
                    [0m, y=[0m
                    [0m200[0m
                  [36m</div>[39m
                  [36m<div[39m
                    [33mclass[39m=[32m"actions"[39m
                  [36m/>[39m
                  [36m<div[39m
                    [33mclass[39m=[32m"timestamp"[39m
                  [36m>[39m
                    [0m2025-10-03T17:01:58.300Z[0m
                  [36m</div>[39m
                [36m</div>[39m
              [36m</div>[39m
            [36m</div>[39m
            [36m<div[39m
              [33mclass[39m=[32m"actions"[39m
            [36m>[39m
              [36m<button[39m
                [33mclass[39m=[32m"btn btn-primary btn-medium"[39m
                [33mdata-testid[39m=[32m"start-new-review-cycle-button"[39m
              [36m>[39m
                [0mStart New Review Cycle[0m
              [36m</button>[39m
            [36m</div>[39m
          [36m</div>[39m
        [36m</div>[39m
      [36m</div>[39m
    [36m</div>[39m
  [36m</body>[39m
[36m</html>[39m
[36m [2m❯[22m tests/integration/resolve-app-annotations.test.tsx:[2m149:37[22m[39m
    [90m147| [39m    [35mawait[39m user[33m.[39m[34mclick[39m(screen[33m.[39m[34mgetByTestId[39m([32m'resolve-annotation-ann-1'[39m))[33m;[39m
    [90m148| [39m    [35mawait[39m [34mwaitFor[39m(() [33m=>[39m {
    [90m149| [39m      [34mexpect[39m(mockFileOps[33m.[39mwriteFile)[33m.[39m[34mtoHaveBeenCalledWith[39m(
    [90m   | [39m                                    [31m^[39m
    [90m150| [39m        expect[33m.[39m[34mstringContaining[39m([32m'protobooth-annotations.json'[39m)[33m,[39m
    [90m151| [39m        expect[33m.[39m[34mstringContaining[39m([32m'resolved'[39m)
[90m [2m❯[22m runWithExpensiveErrorDiagnosticsDisabled node_modules/@testing-library/dom/dist/config.js:[2m47:12[22m[39m
[90m [2m❯[22m checkCallback node_modules/@testing-library/dom/dist/wait-for.js:[2m124:77[22m[39m
[90m [2m❯[22m Timeout.checkRealTimersCallback node_modules/@testing-library/dom/dist/wait-for.js:[2m118:16[22m[39m

[31m[2m⎯⎯⎯⎯⎯⎯⎯⎯⎯⎯⎯⎯⎯⎯⎯⎯⎯⎯⎯⎯⎯⎯⎯[9/14]⎯[22m[39m

[31m[1m[7m FAIL [27m[22m[39m tests/integration/resolve-app-errors.test.tsx[2m > [22mResolveApp - Error Handling[2m > [22mshould allow resetting workflow when errors occur
[31m[1mAssertionError[22m[39m: expected "spy" to be called with arguments: [ StringContaining{…}, …(1) ][90m

Received: 

[1m  1st spy call:

[22m[2m  Array [[22m
[32m-   StringContaining "protobooth-workflow-state.json",[90m
[32m-   StringContaining "in-development",[90m
[31m+   "workflow-state.json",[90m
[31m+   "{[90m
[31m+   \"state\": \"in-development\",[90m
[31m+   \"timestamp\": \"2025-10-03T17:02:03.700Z\"[90m
[31m+ }",[90m
[2m  ][22m
[39m[90m

Number of calls: [1m1[22m
[39m

Ignored nodes: comments, script, style
[36m<html>[39m
  [36m<head />[39m
  [36m<body>[39m
    [36m<div>[39m
      [36m<div[39m
        [33mclass[39m=[32m"layout resolve-app"[39m
        [33mdata-testid[39m=[32m"resolve-app"[39m
        [33mid[39m=[32m"protobooth-resolve"[39m
      [36m>[39m
        [36m<aside[39m
          [33mclass[39m=[32m"sidebar"[39m
          [33mid[39m=[32m"sidebar"[39m
        [36m>[39m
          [36m<section[39m
            [33mclass[39m=[32m"sidebar-section title"[39m
            [33mid[39m=[32m"title"[39m
          [36m>[39m
            [36m<h1>[39m
              [0mScreenshots[0m
            [36m</h1>[39m
          [36m</section>[39m
          [36m<section[39m
            [33mclass[39m=[32m"sidebar-section nav"[39m
            [33mid[39m=[32m"nav"[39m
          [36m>[39m
            [36m<div[39m
              [33mclass[39m=[32m"active sidebar-link screenshot-link"[39m
            [36m>[39m
              [0mScreenshot 1[0m
            [36m</div>[39m
            [36m<div[39m
              [33mclass[39m=[32m"sidebar-link screenshot-link"[39m
            [36m>[39m
              [0mScreenshot 2[0m
            [36m</div>[39m
            [36m<div[39m
              [33mclass[39m=[32m"sidebar-link screenshot-link"[39m
            [36m>[39m
              [0mScreenshot 3[0m
            [36m</div>[39m
          [36m</section>[39m
        [36m</aside>[39m
        [36m<footer[39m
          [33mclass[39m=[32m"toolbar-stack"[39m
          [33mid[39m=[32m"toolbarStack"[39m
        [36m>[39m
          [36m<div[39m
            [33mclass[39m=[32m"toolbar toolMenu flex justify-between"[39m
            [33mid[39m=[32m"toolMenu"[39m
          [36m>[39m
            [36m<section>[39m
              [36m<button[39m
                [33mclass[39m=[32m"btn btn-toolbar btn-primary btn-medium"[39m
              [36m>[39m
                [0m&[0m
              [36m</button>[39m
              [36m<button[39m
                [33mclass[39m=[32m"btn btn-toolbar btn-primary btn-medium"[39m
              [36m>[39m
                [0m&[0m
              [36m</button>[39m
              [36m<button[39m
                [33mclass[39m=[32m"btn btn-toolbar btn-primary btn-medium"[39m
              [36m>[39m
                [0m&[0m
              [36m</button>[39m
              [36m<button[39m
                [33mclass[39m=[32m"btn btn-toolbar btn-primary btn-medium"[39m
              [36m>[39m
                [0m&[0m
              [36m</button>[39m
            [36m</section>[39m
          [36m</div>[39m
          [36m<div[39m
            [33mclass[39m=[32m"toolbar navMenu flex justify-between"[39m
            [33mid[39m=[32m"navMenu"[39m
          [36m>[39m
            [36m<button[39m
              [33mclass[39m=[32m"btn btn-toolbar btn-primary btn-medium"[39m
            [36m>[39m
              [0mPrev[0m
            [36m</button>[39m
            [36m<span>[39m
              [0m1/100[0m
            [36m</span>[39m
            [36m<button[39m
              [33mclass[39m=[32m"btn btn-toolbar btn-primary btn-medium"[39m
            [36m>[39m
              [0mNext[0m
            [36m</button>[39m
          [36m</div>[39m
        [36m</footer>[39m
        [36m<div[39m
          [33mclass[39m=[32m"header"[39m
        [36m>[39m
          [36m<h1>[39m
            [0mprotobooth Development Interface[0m
          [36m</h1>[39m
          [36m<span[39m
            [33mclass[39m=[32m"badge status-development"[39m
          [36m>[39m
            [0mIn Development[0m
          [36m</span>[39m
        [36m</div>[39m
        [36m<div[39m
          [33mclass[39m=[32m"content"[39m
        [36m>[39m
          [36m<div[39m
            [33mclass[39m=[32m"workflow-state"[39m
            [33mdata-testid[39m=[32m"workflow-in-development"[39m
          [36m>[39m
            [36m<h2[39m
              [33mdata-testid[39m=[32m"workflow-state-title"[39m
            [36m>[39m
              [0mIn Development[0m
            [36m</h2>[39m
            [36m<p>[39m
              [0mReady to request client review of your prototype.[0m
            [36m</p>[39m
            [36m<div[39m
              [33mclass[39m=[32m"error-card"[39m
              [33mdata-testid[39m=[32m"configuration-error"[39m
            [36m>[39m
              [36m<div[39m
                [33mclass[39m=[32m"error-header"[39m
              [36m>[39m
                [36m<h4[39m
                  [33mclass[39m=[32m"error-title"[39m
                [36m>[39m
                  [0mConfiguration Required[0m
                [36m</h4>[39m
              [36m</div>[39m
              [36m<div[39m
                [33mclass[39m=[32m"error-body"[39m
              [36m>[39m
                [36m<p[39m
                  [33mclass[39m=[32m"error-text"[39m
                  [33mdata-testid[39m=[32m"configuration-error-message"[39m
                [36m>[39m
                  [0mPlease configure fixtures before requesting review[0m
                [36m</p>[39m
                [36m<div[39m
                  [33mclass[39m=[32m"error-details"[39m
                [36m>[39m
                  [36m<ul[39m
                    [33mclass[39m=[32m"list-unstyled"[39m
                  [36m>[39m
                    [36m<li[39m
                      [33mclass[39m=[32m"list-item"[39m
                    [36m>[39m
                      [0mConfiguration not found - please configure protobooth plugin[0m
                    [36m</li>[39m
                  [36m</ul>[39m
                [36m</div>[39m
              [36m</div>[39m
            [36m</div>[39m
            [36m<div[39m
              [33mclass[39m=[32m"actions"[39m
            [36m>[39m
              [36m<button[39m
                [33mclass[39m=[32m"btn btn-primary btn-medium btn-primary"[39m
                [33mdata-testid[39m=[32m"request-review-button"[39m
                [33mdisabled[39m=[32m""[39m
              [36m>[39m
                [0mRequest Review[0m
              [36m</button>[39m
            [36m</div>[39m
          [36m</div>[39m
        [36m</div>[39m
      [36m</div>[39m
    [36m</div>[39m
  [36m</body>[39m
[36m</html>[39m
[36m [2m❯[22m tests/integration/resolve-app-errors.test.tsx:[2m121:37[22m[39m
    [90m119| [39m
    [90m120| [39m    [35mawait[39m [34mwaitFor[39m(() [33m=>[39m {
    [90m121| [39m      [34mexpect[39m(mockFileOps[33m.[39mwriteFile)[33m.[39m[34mtoHaveBeenCalledWith[39m(
    [90m   | [39m                                    [31m^[39m
    [90m122| [39m        expect[33m.[39m[34mstringContaining[39m([32m'protobooth-workflow-state.json'[39m)[33m,[39m
    [90m123| [39m        expect[33m.[39m[34mstringContaining[39m([32m'in-development'[39m)
[90m [2m❯[22m runWithExpensiveErrorDiagnosticsDisabled node_modules/@testing-library/dom/dist/config.js:[2m47:12[22m[39m
[90m [2m❯[22m checkCallback node_modules/@testing-library/dom/dist/wait-for.js:[2m124:77[22m[39m
[90m [2m❯[22m Timeout.checkRealTimersCallback node_modules/@testing-library/dom/dist/wait-for.js:[2m118:16[22m[39m

[31m[2m⎯⎯⎯⎯⎯⎯⎯⎯⎯⎯⎯⎯⎯⎯⎯⎯⎯⎯⎯⎯⎯⎯[10/14]⎯[22m[39m

[31m[1m[7m FAIL [27m[22m[39m tests/integration/resolve-app-screenshot.test.tsx[2m > [22mResolveApp - Screenshot Capture Workflow[2m > [22mshould show progress during screenshot capture
[31m[1mTestingLibraryElementError[22m[39m: Unable to find an element by: [data-testid="capture-progress"]

Ignored nodes: comments, script, style
[36m<body>[39m
  [36m<div>[39m
    [36m<div[39m
      [33mclass[39m=[32m"layout resolve-app"[39m
      [33mdata-testid[39m=[32m"resolve-app"[39m
      [33mid[39m=[32m"protobooth-resolve"[39m
    [36m>[39m
      [36m<aside[39m
        [33mclass[39m=[32m"sidebar"[39m
        [33mid[39m=[32m"sidebar"[39m
      [36m>[39m
        [36m<section[39m
          [33mclass[39m=[32m"sidebar-section title"[39m
          [33mid[39m=[32m"title"[39m
        [36m>[39m
          [36m<h1>[39m
            [0mScreenshots[0m
          [36m</h1>[39m
        [36m</section>[39m
        [36m<section[39m
          [33mclass[39m=[32m"sidebar-section nav"[39m
          [33mid[39m=[32m"nav"[39m
        [36m>[39m
          [36m<div[39m
            [33mclass[39m=[32m"active sidebar-link screenshot-link"[39m
          [36m>[39m
            [0mScreenshot 1[0m
          [36m</div>[39m
          [36m<div[39m
            [33mclass[39m=[32m"sidebar-link screenshot-link"[39m
          [36m>[39m
            [0mScreenshot 2[0m
          [36m</div>[39m
          [36m<div[39m
            [33mclass[39m=[32m"sidebar-link screenshot-link"[39m
          [36m>[39m
            [0mScreenshot 3[0m
          [36m</div>[39m
        [36m</section>[39m
      [36m</aside>[39m
      [36m<footer[39m
        [33mclass[39m=[32m"toolbar-stack"[39m
        [33mid[39m=[32m"toolbarStack"[39m
      [36m>[39m
        [36m<div[39m
          [33mclass[39m=[32m"toolbar toolMenu flex justify-between"[39m
          [33mid[39m=[32m"toolMenu"[39m
        [36m>[39m
          [36m<section>[39m
            [36m<button[39m
              [33mclass[39m=[32m"btn btn-toolbar btn-primary btn-medium"[39m
            [36m>[39m
              [0m&[0m
            [36m</button>[39m
            [36m<button[39m
              [33mclass[39m=[32m"btn btn-toolbar btn-primary btn-medium"[39m
            [36m>[39m
              [0m&[0m
            [36m</button>[39m
            [36m<button[39m
              [33mclass[39m=[32m"btn btn-toolbar btn-primary btn-medium"[39m
            [36m>[39m
              [0m&[0m
            [36m</button>[39m
            [36m<button[39m
              [33mclass[39m=[32m"btn btn-toolbar btn-primary btn-medium"[39m
            [36m>[39m
              [0m&[0m
            [36m</button>[39m
          [36m</section>[39m
        [36m</div>[39m
        [36m<div[39m
          [33mclass[39m=[32m"toolbar navMenu flex justify-between"[39m
          [33mid[39m=[32m"navMenu"[39m
        [36m>[39m
          [36m<button[39m
            [33mclass[39m=[32m"btn btn-toolbar btn-primary btn-medium"[39m
          [36m>[39m
            [0mPrev[0m
          [36m</button>[39m
          [36m<span>[39m
            [0m1/100[0m
          [36m</span>[39m
          [36m<button[39m
            [33mclass[39m=[32m"btn btn-toolbar btn-primary btn-medium"[39m
          [36m>[39m
            [0mNext[0m
          [36m</button>[39m
        [36m</div>[39m
      [36m</footer>[39m
      [36m<div[39m
        [33mclass[39m=[32m"header"[39m
      [36m>[39m
        [36m<h1>[39m
          [0mprotobooth Development Interface[0m
        [36m</h1>[39m
        [36m<span[39m
          [33mclass[39m=[32m"badge status-development"[39m
        [36m>[39m
          [0mIn Development[0m
        [36m</span>[39m
      [36m</div>[39m
      [36m<div[39m
        [33mclass[39m=[32m"content"[39m
      [36m>[39m
        [36m<div[39m
          [33mclass[39m=[32m"error-card error-message"[39m
          [33mdata-testid[39m=[32m"general-error"[39m
        [36m>[39m
          [36m<div[39m
            [33mclass[39m=[32m"error-header"[39m
          [36m>[39m
            [36m<h4[39m
              [33mclass[39m=[32m"error-title"[39m
            [36m>[39m
              [0mError[0m
            [36m</h4>[39m
          [36m</div>[39m
          [36m<div[39m
            [33mclass[39m=[32m"error-body"[39m
          [36m>[39m
            [36m<p[39m
              [33mclass[39m=[32m"error-text"[39m
              [33mdata-testid[39m=[32m"general-error-message"[39m
            [36m>[39m
              [0mFailed to load workflow state[0m
            [36m</p>[39m
          [36m</div>[39m
        [36m</div>[39m
        [36m<div[39m
          [33mclass[39m=[32m"workflow-state"[39m
          [33mdata-testid[39m=[32m"workflow-in-development"[39m
        [36m>[39m
          [36m<h2[39m
            [33mdata-testid[39m=[32m"workflow-state-title"[39m
          [36m>[39m
            [0mIn Development[0m
          [36m</h2>[39m
          [36m<p>[39m
            [0mReady to request client review of your prototype.[0m
          [36m</p>[39m
          [36m<div[39m
            [33mclass[39m=[32m"error-card"[39m
            [33mdata-testid[39m=[32m"configuration-error"[39m
          [36m>[39m
            [36m<div[39m
              [33mclass[39m=[32m"error-header"[39m
            [36m>[39m
              [36m<h4[39m
                [33mclass[39m=[32m"error-title"[39m
              [36m>[39m
                [0mConfiguration Required[0m
              [36m</h4>[39m
            [36m</div>[39m
            [36m<div[39m
              [33mclass[39m=[32m"error-body"[39m
            [36m>[39m
              [36m<p[39m
                [33mclass[39m=[32m"error-text"[39m
                [33mdata-testid[39m=[32m"configuration-error-message"[39m
              [36m>[39m
                [0mPlease configure fixtures before requesting review[0m
              [36m</p>[39m
              [36m<div[39m
                [33mclass[39m=[32m"error-details"[39m
              [36m>[39m
                [36m<ul[39m
                  [33mclass[39m=[32m"list-unstyled"[39m
                [36m>[39m
                  [36m<li[39m
                    [33mclass[39m=[32m"list-item"[39m
                  [36m>[39m
                    [0mConfiguration not found - please configure protobooth plugin[0m
                  [36m</li>[39m
                [36m</ul>[39m
              [36m</div>[39m
            [36m</div>[39m
          [36m</div>[39m
          [36m<div[39m
            [33mclass[39m=[32m"actions"[39m
          [36m>[39m
            [36m<button[39m
              [33mclass[39m=[32m"btn btn-primary btn-medium btn-primary"[39m
              [33mdata-testid[39m=[32m"request-review-button"[39m
              [33mdisabled[39m=[32m""[39m
            [36m>[39m
              [0mRequest Review[0m
            [36m</button>[39m
          [36m</div>[39m
        [36m</div>[39m
      [36m</div>[39m
    [36m</div>[39m
  [36m</div>[39m
[36m</body>[39m

Ignored nodes: comments, script, style
[36m<html>[39m
  [36m<head />[39m
  [36m<body>[39m
    [36m<div>[39m
      [36m<div[39m
        [33mclass[39m=[32m"layout resolve-app"[39m
        [33mdata-testid[39m=[32m"resolve-app"[39m
        [33mid[39m=[32m"protobooth-resolve"[39m
      [36m>[39m
        [36m<aside[39m
          [33mclass[39m=[32m"sidebar"[39m
          [33mid[39m=[32m"sidebar"[39m
        [36m>[39m
          [36m<section[39m
            [33mclass[39m=[32m"sidebar-section title"[39m
            [33mid[39m=[32m"title"[39m
          [36m>[39m
            [36m<h1>[39m
              [0mScreenshots[0m
            [36m</h1>[39m
          [36m</section>[39m
          [36m<section[39m
            [33mclass[39m=[32m"sidebar-section nav"[39m
            [33mid[39m=[32m"nav"[39m
          [36m>[39m
            [36m<div[39m
              [33mclass[39m=[32m"active sidebar-link screenshot-link"[39m
            [36m>[39m
              [0mScreenshot 1[0m
            [36m</div>[39m
            [36m<div[39m
              [33mclass[39m=[32m"sidebar-link screenshot-link"[39m
            [36m>[39m
              [0mScreenshot 2[0m
            [36m</div>[39m
            [36m<div[39m
              [33mclass[39m=[32m"sidebar-link screenshot-link"[39m
            [36m>[39m
              [0mScreenshot 3[0m
            [36m</div>[39m
          [36m</section>[39m
        [36m</aside>[39m
        [36m<footer[39m
          [33mclass[39m=[32m"toolbar-stack"[39m
          [33mid[39m=[32m"toolbarStack"[39m
        [36m>[39m
          [36m<div[39m
            [33mclass[39m=[32m"toolbar toolMenu flex justify-between"[39m
            [33mid[39m=[32m"toolMenu"[39m
          [36m>[39m
            [36m<section>[39m
              [36m<button[39m
                [33mclass[39m=[32m"btn btn-toolbar btn-primary btn-medium"[39m
              [36m>[39m
                [0m&[0m
              [36m</button>[39m
              [36m<button[39m
                [33mclass[39m=[32m"btn btn-toolbar btn-primary btn-medium"[39m
              [36m>[39m
                [0m&[0m
              [36m</button>[39m
              [36m<button[39m
                [33mclass[39m=[32m"btn btn-toolbar btn-primary btn-medium"[39m
              [36m>[39m
                [0m&[0m
              [36m</button>[39m
              [36m<button[39m
                [33mclass[39m=[32m"btn btn-toolbar btn-primary btn-medium"[39m
              [36m>[39m
                [0m&[0m
              [36m</button>[39m
            [36m</section>[39m
          [36m</div>[39m
          [36m<div[39m
            [33mclass[39m=[32m"toolbar navMenu flex justify-between"[39m
            [33mid[39m=[32m"navMenu"[39m
          [36m>[39m
            [36m<button[39m
              [33mclass[39m=[32m"btn btn-toolbar btn-primary btn-medium"[39m
            [36m>[39m
              [0mPrev[0m
            [36m</button>[39m
            [36m<span>[39m
              [0m1/100[0m
            [36m</span>[39m
            [36m<button[39m
              [33mclass[39m=[32m"btn btn-toolbar btn-primary btn-medium"[39m
            [36m>[39m
              [0mNext[0m
            [36m</button>[39m
          [36m</div>[39m
        [36m</footer>[39m
        [36m<div[39m
          [33mclass[39m=[32m"header"[39m
        [36m>[39m
          [36m<h1>[39m
            [0mprotobooth Development Interface[0m
          [36m</h1>[39m
          [36m<span[39m
            [33mclass[39m=[32m"badge status-development"[39m
          [36m>[39m
            [0mIn Development[0m
          [36m</span>[39m
        [36m</div>[39m
        [36m<div[39m
          [33mclass[39m=[32m"content"[39m
        [36m>[39m
          [36m<div[39m
            [33mclass[39m=[32m"error-card error-message"[39m
            [33mdata-testid[39m=[32m"general-error"[39m
          [36m>[39m
            [36m<div[39m
              [33mclass[39m=[32m"error-header"[39m
            [36m>[39m
              [36m<h4[39m
                [33mclass[39m=[32m"error-title"[39m
              [36m>[39m
                [0mError[0m
              [36m</h4>[39m
            [36m</div>[39m
            [36m<div[39m
              [33mclass[39m=[32m"error-body"[39m
            [36m>[39m
              [36m<p[39m
                [33mclass[39m=[32m"error-text"[39m
                [33mdata-testid[39m=[32m"general-error-message"[39m
              [36m>[39m
                [0mFailed to load workflow state[0m
              [36m</p>[39m
            [36m</div>[39m
          [36m</div>[39m
          [36m<div[39m
            [33mclass[39m=[32m"workflow-state"[39m
            [33mdata-testid[39m=[32m"workflow-in-development"[39m
          [36m>[39m
            [36m<h2[39m
              [33mdata-testid[39m=[32m"workflow-state-title"[39m
            [36m>[39m
              [0mIn Development[0m
            [36m</h2>[39m
            [36m<p>[39m
              [0mReady to request client review of your prototype.[0m
            [36m</p>[39m
            [36m<div[39m
              [33mclass[39m=[32m"error-card"[39m
              [33mdata-testid[39m=[32m"configuration-error"[39m
            [36m>[39m
              [36m<div[39m
                [33mclass[39m=[32m"error-header"[39m
              [36m>[39m
                [36m<h4[39m
                  [33mclass[39m=[32m"error-title"[39m
                [36m>[39m
                  [0mConfiguration Required[0m
                [36m</h4>[39m
              [36m</div>[39m
              [36m<div[39m
                [33mclass[39m=[32m"error-body"[39m
              [36m>[39m
                [36m<p[39m
                  [33mclass[39m=[32m"error-text"[39m
                  [33mdata-testid[39m=[32m"configuration-error-message"[39m
                [36m>[39m
                  [0mPlease configure fixtures before requesting review[0m
                [36m</p>[39m
                [36m<div[39m
                  [33mclass[39m=[32m"error-details"[39m
                [36m>[39m
                  [36m<ul[39m
                    [33mclass[39m=[32m"list-unstyled"[39m
                  [36m>[39m
                    [36m<li[39m
                      [33mclass[39m=[32m"list-item"[39m
                    [36m>[39m
                      [0mConfiguration not found - please configure protobooth plugin[0m
                    [36m</li>[39m
                  [36m</ul>[39m
                [36m</div>[39m
              [36m</div>[39m
            [36m</div>[39m
            [36m<div[39m
              [33mclass[39m=[32m"actions"[39m
            [36m>[39m
              [36m<button[39m
                [33mclass[39m=[32m"btn btn-primary btn-medium btn-primary"[39m
                [33mdata-testid[39m=[32m"request-review-button"[39m
                [33mdisabled[39m=[32m""[39m
              [36m>[39m
                [0mRequest Review[0m
              [36m</button>[39m
            [36m</div>[39m
          [36m</div>[39m
        [36m</div>[39m
      [36m</div>[39m
    [36m</div>[39m
  [36m</body>[39m
[36m</html>[39m
[90m [2m❯[22m Proxy.waitForWrapper node_modules/@testing-library/dom/dist/wait-for.js:[2m163:27[22m[39m
[36m [2m❯[22m tests/integration/resolve-app-screenshot.test.tsx:[2m89:11[22m[39m
    [90m 87| [39m    [35mawait[39m user[33m.[39m[34mclick[39m(screen[33m.[39m[34mgetByTestId[39m([32m'request-review-button'[39m))[33m;[39m
    [90m 88| [39m
    [90m 89| [39m    [35mawait[39m [34mwaitFor[39m(() [33m=>[39m {
    [90m   | [39m          [31m^[39m
    [90m 90| [39m      [34mexpect[39m(screen[33m.[39m[34mgetByTestId[39m([32m'capture-progress'[39m))[33m.[39m[34mtoBeInTheDocument[39m…
    [90m 91| [39m    })[33m;[39m

[31m[2m⎯⎯⎯⎯⎯⎯⎯⎯⎯⎯⎯⎯⎯⎯⎯⎯⎯⎯⎯⎯⎯⎯[11/14]⎯[22m[39m

[31m[1m[7m FAIL [27m[22m[39m tests/integration/resolve-app-screenshot.test.tsx[2m > [22mResolveApp - Screenshot Capture Workflow[2m > [22mshould display capture results after successful capture
[31m[1mTestingLibraryElementError[22m[39m: Unable to find an element by: [data-testid="workflow-reviews-requested"]

Ignored nodes: comments, script, style
[36m<body>[39m
  [36m<div>[39m
    [36m<div[39m
      [33mclass[39m=[32m"layout resolve-app"[39m
      [33mdata-testid[39m=[32m"resolve-app"[39m
      [33mid[39m=[32m"protobooth-resolve"[39m
    [36m>[39m
      [36m<aside[39m
        [33mclass[39m=[32m"sidebar"[39m
        [33mid[39m=[32m"sidebar"[39m
      [36m>[39m
        [36m<section[39m
          [33mclass[39m=[32m"sidebar-section title"[39m
          [33mid[39m=[32m"title"[39m
        [36m>[39m
          [36m<h1>[39m
            [0mScreenshots[0m
          [36m</h1>[39m
        [36m</section>[39m
        [36m<section[39m
          [33mclass[39m=[32m"sidebar-section nav"[39m
          [33mid[39m=[32m"nav"[39m
        [36m>[39m
          [36m<div[39m
            [33mclass[39m=[32m"active sidebar-link screenshot-link"[39m
          [36m>[39m
            [0mScreenshot 1[0m
          [36m</div>[39m
          [36m<div[39m
            [33mclass[39m=[32m"sidebar-link screenshot-link"[39m
          [36m>[39m
            [0mScreenshot 2[0m
          [36m</div>[39m
          [36m<div[39m
            [33mclass[39m=[32m"sidebar-link screenshot-link"[39m
          [36m>[39m
            [0mScreenshot 3[0m
          [36m</div>[39m
        [36m</section>[39m
      [36m</aside>[39m
      [36m<footer[39m
        [33mclass[39m=[32m"toolbar-stack"[39m
        [33mid[39m=[32m"toolbarStack"[39m
      [36m>[39m
        [36m<div[39m
          [33mclass[39m=[32m"toolbar toolMenu flex justify-between"[39m
          [33mid[39m=[32m"toolMenu"[39m
        [36m>[39m
          [36m<section>[39m
            [36m<button[39m
              [33mclass[39m=[32m"btn btn-toolbar btn-primary btn-medium"[39m
            [36m>[39m
              [0m&[0m
            [36m</button>[39m
            [36m<button[39m
              [33mclass[39m=[32m"btn btn-toolbar btn-primary btn-medium"[39m
            [36m>[39m
              [0m&[0m
            [36m</button>[39m
            [36m<button[39m
              [33mclass[39m=[32m"btn btn-toolbar btn-primary btn-medium"[39m
            [36m>[39m
              [0m&[0m
            [36m</button>[39m
            [36m<button[39m
              [33mclass[39m=[32m"btn btn-toolbar btn-primary btn-medium"[39m
            [36m>[39m
              [0m&[0m
            [36m</button>[39m
          [36m</section>[39m
        [36m</div>[39m
        [36m<div[39m
          [33mclass[39m=[32m"toolbar navMenu flex justify-between"[39m
          [33mid[39m=[32m"navMenu"[39m
        [36m>[39m
          [36m<button[39m
            [33mclass[39m=[32m"btn btn-toolbar btn-primary btn-medium"[39m
          [36m>[39m
            [0mPrev[0m
          [36m</button>[39m
          [36m<span>[39m
            [0m1/100[0m
          [36m</span>[39m
          [36m<button[39m
            [33mclass[39m=[32m"btn btn-toolbar btn-primary btn-medium"[39m
          [36m>[39m
            [0mNext[0m
          [36m</button>[39m
        [36m</div>[39m
      [36m</footer>[39m
      [36m<div[39m
        [33mclass[39m=[32m"header"[39m
      [36m>[39m
        [36m<h1>[39m
          [0mprotobooth Development Interface[0m
        [36m</h1>[39m
        [36m<span[39m
          [33mclass[39m=[32m"badge status-development"[39m
        [36m>[39m
          [0mIn Development[0m
        [36m</span>[39m
      [36m</div>[39m
      [36m<div[39m
        [33mclass[39m=[32m"content"[39m
      [36m>[39m
        [36m<div[39m
          [33mclass[39m=[32m"error-card error-message"[39m
          [33mdata-testid[39m=[32m"general-error"[39m
        [36m>[39m
          [36m<div[39m
            [33mclass[39m=[32m"error-header"[39m
          [36m>[39m
            [36m<h4[39m
              [33mclass[39m=[32m"error-title"[39m
            [36m>[39m
              [0mError[0m
            [36m</h4>[39m
          [36m</div>[39m
          [36m<div[39m
            [33mclass[39m=[32m"error-body"[39m
          [36m>[39m
            [36m<p[39m
              [33mclass[39m=[32m"error-text"[39m
              [33mdata-testid[39m=[32m"general-error-message"[39m
            [36m>[39m
              [0mFailed to load workflow state[0m
            [36m</p>[39m
          [36m</div>[39m
        [36m</div>[39m
        [36m<div[39m
          [33mclass[39m=[32m"workflow-state"[39m
          [33mdata-testid[39m=[32m"workflow-in-development"[39m
        [36m>[39m
          [36m<h2[39m
            [33mdata-testid[39m=[32m"workflow-state-title"[39m
          [36m>[39m
            [0mIn Development[0m
          [36m</h2>[39m
          [36m<p>[39m
            [0mReady to request client review of your prototype.[0m
          [36m</p>[39m
          [36m<div[39m
            [33mclass[39m=[32m"error-card"[39m
            [33mdata-testid[39m=[32m"configuration-error"[39m
          [36m>[39m
            [36m<div[39m
              [33mclass[39m=[32m"error-header"[39m
            [36m>[39m
              [36m<h4[39m
                [33mclass[39m=[32m"error-title"[39m
              [36m>[39m
                [0mConfiguration Required[0m
              [36m</h4>[39m
            [36m</div>[39m
            [36m<div[39m
              [33mclass[39m=[32m"error-body"[39m
            [36m>[39m
              [36m<p[39m
                [33mclass[39m=[32m"error-text"[39m
                [33mdata-testid[39m=[32m"configuration-error-message"[39m
              [36m>[39m
                [0mPlease configure fixtures before requesting review[0m
              [36m</p>[39m
              [36m<div[39m
                [33mclass[39m=[32m"error-details"[39m
              [36m>[39m
                [36m<ul[39m
                  [33mclass[39m=[32m"list-unstyled"[39m
                [36m>[39m
                  [36m<li[39m
                    [33mclass[39m=[32m"list-item"[39m
                  [36m>[39m
                    [0mConfiguration not found - please configure protobooth plugin[0m
                  [36m</li>[39m
                [36m</ul>[39m
              [36m</div>[39m
            [36m</div>[39m
          [36m</div>[39m
          [36m<div[39m
            [33mclass[39m=[32m"actions"[39m
          [36m>[39m
            [36m<button[39m
              [33mclass[39m=[32m"btn btn-primary btn-medium btn-primary"[39m
              [33mdata-testid[39m=[32m"request-review-button"[39m
              [33mdisabled[39m=[32m""[39m
            [36m>[39m
              [0mRequest Review[0m
            [36m</button>[39m
          [36m</div>[39m
        [36m</div>[39m
      [36m</div>[39m
    [36m</div>[39m
  [36m</div>[39m
[36m</body>[39m

Ignored nodes: comments, script, style
[36m<html>[39m
  [36m<head />[39m
  [36m<body>[39m
    [36m<div>[39m
      [36m<div[39m
        [33mclass[39m=[32m"layout resolve-app"[39m
        [33mdata-testid[39m=[32m"resolve-app"[39m
        [33mid[39m=[32m"protobooth-resolve"[39m
      [36m>[39m
        [36m<aside[39m
          [33mclass[39m=[32m"sidebar"[39m
          [33mid[39m=[32m"sidebar"[39m
        [36m>[39m
          [36m<section[39m
            [33mclass[39m=[32m"sidebar-section title"[39m
            [33mid[39m=[32m"title"[39m
          [36m>[39m
            [36m<h1>[39m
              [0mScreenshots[0m
            [36m</h1>[39m
          [36m</section>[39m
          [36m<section[39m
            [33mclass[39m=[32m"sidebar-section nav"[39m
            [33mid[39m=[32m"nav"[39m
          [36m>[39m
            [36m<div[39m
              [33mclass[39m=[32m"active sidebar-link screenshot-link"[39m
            [36m>[39m
              [0mScreenshot 1[0m
            [36m</div>[39m
            [36m<div[39m
              [33mclass[39m=[32m"sidebar-link screenshot-link"[39m
            [36m>[39m
              [0mScreenshot 2[0m
            [36m</div>[39m
            [36m<div[39m
              [33mclass[39m=[32m"sidebar-link screenshot-link"[39m
            [36m>[39m
              [0mScreenshot 3[0m
            [36m</div>[39m
          [36m</section>[39m
        [36m</aside>[39m
        [36m<footer[39m
          [33mclass[39m=[32m"toolbar-stack"[39m
          [33mid[39m=[32m"toolbarStack"[39m
        [36m>[39m
          [36m<div[39m
            [33mclass[39m=[32m"toolbar toolMenu flex justify-between"[39m
            [33mid[39m=[32m"toolMenu"[39m
          [36m>[39m
            [36m<section>[39m
              [36m<button[39m
                [33mclass[39m=[32m"btn btn-toolbar btn-primary btn-medium"[39m
              [36m>[39m
                [0m&[0m
              [36m</button>[39m
              [36m<button[39m
                [33mclass[39m=[32m"btn btn-toolbar btn-primary btn-medium"[39m
              [36m>[39m
                [0m&[0m
              [36m</button>[39m
              [36m<button[39m
                [33mclass[39m=[32m"btn btn-toolbar btn-primary btn-medium"[39m
              [36m>[39m
                [0m&[0m
              [36m</button>[39m
              [36m<button[39m
                [33mclass[39m=[32m"btn btn-toolbar btn-primary btn-medium"[39m
              [36m>[39m
                [0m&[0m
              [36m</button>[39m
            [36m</section>[39m
          [36m</div>[39m
          [36m<div[39m
            [33mclass[39m=[32m"toolbar navMenu flex justify-between"[39m
            [33mid[39m=[32m"navMenu"[39m
          [36m>[39m
            [36m<button[39m
              [33mclass[39m=[32m"btn btn-toolbar btn-primary btn-medium"[39m
            [36m>[39m
              [0mPrev[0m
            [36m</button>[39m
            [36m<span>[39m
              [0m1/100[0m
            [36m</span>[39m
            [36m<button[39m
              [33mclass[39m=[32m"btn btn-toolbar btn-primary btn-medium"[39m
            [36m>[39m
              [0mNext[0m
            [36m</button>[39m
          [36m</div>[39m
        [36m</footer>[39m
        [36m<div[39m
          [33mclass[39m=[32m"header"[39m
        [36m>[39m
          [36m<h1>[39m
            [0mprotobooth Development Interface[0m
          [36m</h1>[39m
          [36m<span[39m
            [33mclass[39m=[32m"badge status-development"[39m
          [36m>[39m
            [0mIn Development[0m
          [36m</span>[39m
        [36m</div>[39m
        [36m<div[39m
          [33mclass[39m=[32m"content"[39m
        [36m>[39m
          [36m<div[39m
            [33mclass[39m=[32m"error-card error-message"[39m
            [33mdata-testid[39m=[32m"general-error"[39m
          [36m>[39m
            [36m<div[39m
              [33mclass[39m=[32m"error-header"[39m
            [36m>[39m
              [36m<h4[39m
                [33mclass[39m=[32m"error-title"[39m
              [36m>[39m
                [0mError[0m
              [36m</h4>[39m
            [36m</div>[39m
            [36m<div[39m
              [33mclass[39m=[32m"error-body"[39m
            [36m>[39m
              [36m<p[39m
                [33mclass[39m=[32m"error-text"[39m
                [33mdata-testid[39m=[32m"general-error-message"[39m
              [36m>[39m
                [0mFailed to load workflow state[0m
              [36m</p>[39m
            [36m</div>[39m
          [36m</div>[39m
          [36m<div[39m
            [33mclass[39m=[32m"workflow-state"[39m
            [33mdata-testid[39m=[32m"workflow-in-development"[39m
          [36m>[39m
            [36m<h2[39m
              [33mdata-testid[39m=[32m"workflow-state-title"[39m
            [36m>[39m
              [0mIn Development[0m
            [36m</h2>[39m
            [36m<p>[39m
              [0mReady to request client review of your prototype.[0m
            [36m</p>[39m
            [36m<div[39m
              [33mclass[39m=[32m"error-card"[39m
              [33mdata-testid[39m=[32m"configuration-error"[39m
            [36m>[39m
              [36m<div[39m
                [33mclass[39m=[32m"error-header"[39m
              [36m>[39m
                [36m<h4[39m
                  [33mclass[39m=[32m"error-title"[39m
                [36m>[39m
                  [0mConfiguration Required[0m
                [36m</h4>[39m
              [36m</div>[39m
              [36m<div[39m
                [33mclass[39m=[32m"error-body"[39m
              [36m>[39m
                [36m<p[39m
                  [33mclass[39m=[32m"error-text"[39m
                  [33mdata-testid[39m=[32m"configuration-error-message"[39m
                [36m>[39m
                  [0mPlease configure fixtures before requesting review[0m
                [36m</p>[39m
                [36m<div[39m
                  [33mclass[39m=[32m"error-details"[39m
                [36m>[39m
                  [36m<ul[39m
                    [33mclass[39m=[32m"list-unstyled"[39m
                  [36m>[39m
                    [36m<li[39m
                      [33mclass[39m=[32m"list-item"[39m
                    [36m>[39m
                      [0mConfiguration not found - please configure protobooth plugin[0m
                    [36m</li>[39m
                  [36m</ul>[39m
                [36m</div>[39m
              [36m</div>[39m
            [36m</div>[39m
            [36m<div[39m
              [33mclass[39m=[32m"actions"[39m
            [36m>[39m
              [36m<button[39m
                [33mclass[39m=[32m"btn btn-primary btn-medium btn-primary"[39m
                [33mdata-testid[39m=[32m"request-review-button"[39m
                [33mdisabled[39m=[32m""[39m
              [36m>[39m
                [0mRequest Review[0m
              [36m</button>[39m
            [36m</div>[39m
          [36m</div>[39m
        [36m</div>[39m
      [36m</div>[39m
    [36m</div>[39m
  [36m</body>[39m
[36m</html>[39m
[90m [2m❯[22m Proxy.waitForWrapper node_modules/@testing-library/dom/dist/wait-for.js:[2m163:27[22m[39m
[36m [2m❯[22m tests/integration/resolve-app-screenshot.test.tsx:[2m134:11[22m[39m
    [90m132| [39m    [35mawait[39m user[33m.[39m[34mclick[39m(screen[33m.[39m[34mgetByTestId[39m([32m'request-review-button'[39m))[33m;[39m
    [90m133| [39m
    [90m134| [39m    [35mawait[39m [34mwaitFor[39m(() [33m=>[39m {
    [90m   | [39m          [31m^[39m
    [90m135| [39m      [34mexpect[39m(screen[33m.[39m[34mgetByTestId[39m([32m'workflow-reviews-requested'[39m))[33m.[39m[34mtoBeInT[39m…
    [90m136| [39m    })[33m;[39m

[31m[2m⎯⎯⎯⎯⎯⎯⎯⎯⎯⎯⎯⎯⎯⎯⎯⎯⎯⎯⎯⎯⎯⎯[12/14]⎯[22m[39m

[31m[1m[7m FAIL [27m[22m[39m tests/integration/resolve-app-workflow.test.tsx[2m > [22mResolveApp - Workflow State Transitions[2m > [22mshould transition from "In Development" to "Reviews Requested" when clicked
[31m[1mTestingLibraryElementError[22m[39m: Unable to find an element by: [data-testid="workflow-reviews-requested"]

Ignored nodes: comments, script, style
[36m<body>[39m
  [36m<div>[39m
    [36m<div[39m
      [33mclass[39m=[32m"layout resolve-app"[39m
      [33mdata-testid[39m=[32m"resolve-app"[39m
      [33mid[39m=[32m"protobooth-resolve"[39m
    [36m>[39m
      [36m<aside[39m
        [33mclass[39m=[32m"sidebar"[39m
        [33mid[39m=[32m"sidebar"[39m
      [36m>[39m
        [36m<section[39m
          [33mclass[39m=[32m"sidebar-section title"[39m
          [33mid[39m=[32m"title"[39m
        [36m>[39m
          [36m<h1>[39m
            [0mScreenshots[0m
          [36m</h1>[39m
        [36m</section>[39m
        [36m<section[39m
          [33mclass[39m=[32m"sidebar-section nav"[39m
          [33mid[39m=[32m"nav"[39m
        [36m>[39m
          [36m<div[39m
            [33mclass[39m=[32m"active sidebar-link screenshot-link"[39m
          [36m>[39m
            [0mScreenshot 1[0m
          [36m</div>[39m
          [36m<div[39m
            [33mclass[39m=[32m"sidebar-link screenshot-link"[39m
          [36m>[39m
            [0mScreenshot 2[0m
          [36m</div>[39m
          [36m<div[39m
            [33mclass[39m=[32m"sidebar-link screenshot-link"[39m
          [36m>[39m
            [0mScreenshot 3[0m
          [36m</div>[39m
        [36m</section>[39m
      [36m</aside>[39m
      [36m<footer[39m
        [33mclass[39m=[32m"toolbar-stack"[39m
        [33mid[39m=[32m"toolbarStack"[39m
      [36m>[39m
        [36m<div[39m
          [33mclass[39m=[32m"toolbar toolMenu flex justify-between"[39m
          [33mid[39m=[32m"toolMenu"[39m
        [36m>[39m
          [36m<section>[39m
            [36m<button[39m
              [33mclass[39m=[32m"btn btn-toolbar btn-primary btn-medium"[39m
            [36m>[39m
              [0m&[0m
            [36m</button>[39m
            [36m<button[39m
              [33mclass[39m=[32m"btn btn-toolbar btn-primary btn-medium"[39m
            [36m>[39m
              [0m&[0m
            [36m</button>[39m
            [36m<button[39m
              [33mclass[39m=[32m"btn btn-toolbar btn-primary btn-medium"[39m
            [36m>[39m
              [0m&[0m
            [36m</button>[39m
            [36m<button[39m
              [33mclass[39m=[32m"btn btn-toolbar btn-primary btn-medium"[39m
            [36m>[39m
              [0m&[0m
            [36m</button>[39m
          [36m</section>[39m
        [36m</div>[39m
        [36m<div[39m
          [33mclass[39m=[32m"toolbar navMenu flex justify-between"[39m
          [33mid[39m=[32m"navMenu"[39m
        [36m>[39m
          [36m<button[39m
            [33mclass[39m=[32m"btn btn-toolbar btn-primary btn-medium"[39m
          [36m>[39m
            [0mPrev[0m
          [36m</button>[39m
          [36m<span>[39m
            [0m1/100[0m
          [36m</span>[39m
          [36m<button[39m
            [33mclass[39m=[32m"btn btn-toolbar btn-primary btn-medium"[39m
          [36m>[39m
            [0mNext[0m
          [36m</button>[39m
        [36m</div>[39m
      [36m</footer>[39m
      [36m<div[39m
        [33mclass[39m=[32m"header"[39m
      [36m>[39m
        [36m<h1>[39m
          [0mprotobooth Development Interface[0m
        [36m</h1>[39m
        [36m<span[39m
          [33mclass[39m=[32m"badge status-development"[39m
        [36m>[39m
          [0mIn Development[0m
        [36m</span>[39m
      [36m</div>[39m
      [36m<div[39m
        [33mclass[39m=[32m"content"[39m
      [36m>[39m
        [36m<div[39m
          [33mclass[39m=[32m"error-card error-message"[39m
          [33mdata-testid[39m=[32m"general-error"[39m
        [36m>[39m
          [36m<div[39m
            [33mclass[39m=[32m"error-header"[39m
          [36m>[39m
            [36m<h4[39m
              [33mclass[39m=[32m"error-title"[39m
            [36m>[39m
              [0mError[0m
            [36m</h4>[39m
          [36m</div>[39m
          [36m<div[39m
            [33mclass[39m=[32m"error-body"[39m
          [36m>[39m
            [36m<p[39m
              [33mclass[39m=[32m"error-text"[39m
              [33mdata-testid[39m=[32m"general-error-message"[39m
            [36m>[39m
              [0mFailed to load workflow state[0m
            [36m</p>[39m
          [36m</div>[39m
        [36m</div>[39m
        [36m<div[39m
          [33mclass[39m=[32m"workflow-state"[39m
          [33mdata-testid[39m=[32m"workflow-in-development"[39m
        [36m>[39m
          [36m<h2[39m
            [33mdata-testid[39m=[32m"workflow-state-title"[39m
          [36m>[39m
            [0mIn Development[0m
          [36m</h2>[39m
          [36m<p>[39m
            [0mReady to request client review of your prototype.[0m
          [36m</p>[39m
          [36m<div[39m
            [33mclass[39m=[32m"error-card"[39m
            [33mdata-testid[39m=[32m"configuration-error"[39m
          [36m>[39m
            [36m<div[39m
              [33mclass[39m=[32m"error-header"[39m
            [36m>[39m
              [36m<h4[39m
                [33mclass[39m=[32m"error-title"[39m
              [36m>[39m
                [0mConfiguration Required[0m
              [36m</h4>[39m
            [36m</div>[39m
            [36m<div[39m
              [33mclass[39m=[32m"error-body"[39m
            [36m>[39m
              [36m<p[39m
                [33mclass[39m=[32m"error-text"[39m
                [33mdata-testid[39m=[32m"configuration-error-message"[39m
              [36m>[39m
                [0mPlease configure fixtures before requesting review[0m
              [36m</p>[39m
              [36m<div[39m
                [33mclass[39m=[32m"error-details"[39m
              [36m>[39m
                [36m<ul[39m
                  [33mclass[39m=[32m"list-unstyled"[39m
                [36m>[39m
                  [36m<li[39m
                    [33mclass[39m=[32m"list-item"[39m
                  [36m>[39m
                    [0mConfiguration not found - please configure protobooth plugin[0m
                  [36m</li>[39m
                [36m</ul>[39m
              [36m</div>[39m
            [36m</div>[39m
          [36m</div>[39m
          [36m<div[39m
            [33mclass[39m=[32m"actions"[39m
          [36m>[39m
            [36m<button[39m
              [33mclass[39m=[32m"btn btn-primary btn-medium btn-primary"[39m
              [33mdata-testid[39m=[32m"request-review-button"[39m
              [33mdisabled[39m=[32m""[39m
            [36m>[39m
              [0mRequest Review[0m
            [36m</button>[39m
          [36m</div>[39m
        [36m</div>[39m
      [36m</div>[39m
    [36m</div>[39m
  [36m</div>[39m
[36m</body>[39m

Ignored nodes: comments, script, style
[36m<html>[39m
  [36m<head />[39m
  [36m<body>[39m
    [36m<div>[39m
      [36m<div[39m
        [33mclass[39m=[32m"layout resolve-app"[39m
        [33mdata-testid[39m=[32m"resolve-app"[39m
        [33mid[39m=[32m"protobooth-resolve"[39m
      [36m>[39m
        [36m<aside[39m
          [33mclass[39m=[32m"sidebar"[39m
          [33mid[39m=[32m"sidebar"[39m
        [36m>[39m
          [36m<section[39m
            [33mclass[39m=[32m"sidebar-section title"[39m
            [33mid[39m=[32m"title"[39m
          [36m>[39m
            [36m<h1>[39m
              [0mScreenshots[0m
            [36m</h1>[39m
          [36m</section>[39m
          [36m<section[39m
            [33mclass[39m=[32m"sidebar-section nav"[39m
            [33mid[39m=[32m"nav"[39m
          [36m>[39m
            [36m<div[39m
              [33mclass[39m=[32m"active sidebar-link screenshot-link"[39m
            [36m>[39m
              [0mScreenshot 1[0m
            [36m</div>[39m
            [36m<div[39m
              [33mclass[39m=[32m"sidebar-link screenshot-link"[39m
            [36m>[39m
              [0mScreenshot 2[0m
            [36m</div>[39m
            [36m<div[39m
              [33mclass[39m=[32m"sidebar-link screenshot-link"[39m
            [36m>[39m
              [0mScreenshot 3[0m
            [36m</div>[39m
          [36m</section>[39m
        [36m</aside>[39m
        [36m<footer[39m
          [33mclass[39m=[32m"toolbar-stack"[39m
          [33mid[39m=[32m"toolbarStack"[39m
        [36m>[39m
          [36m<div[39m
            [33mclass[39m=[32m"toolbar toolMenu flex justify-between"[39m
            [33mid[39m=[32m"toolMenu"[39m
          [36m>[39m
            [36m<section>[39m
              [36m<button[39m
                [33mclass[39m=[32m"btn btn-toolbar btn-primary btn-medium"[39m
              [36m>[39m
                [0m&[0m
              [36m</button>[39m
              [36m<button[39m
                [33mclass[39m=[32m"btn btn-toolbar btn-primary btn-medium"[39m
              [36m>[39m
                [0m&[0m
              [36m</button>[39m
              [36m<button[39m
                [33mclass[39m=[32m"btn btn-toolbar btn-primary btn-medium"[39m
              [36m>[39m
                [0m&[0m
              [36m</button>[39m
              [36m<button[39m
                [33mclass[39m=[32m"btn btn-toolbar btn-primary btn-medium"[39m
              [36m>[39m
                [0m&[0m
              [36m</button>[39m
            [36m</section>[39m
          [36m</div>[39m
          [36m<div[39m
            [33mclass[39m=[32m"toolbar navMenu flex justify-between"[39m
            [33mid[39m=[32m"navMenu"[39m
          [36m>[39m
            [36m<button[39m
              [33mclass[39m=[32m"btn btn-toolbar btn-primary btn-medium"[39m
            [36m>[39m
              [0mPrev[0m
            [36m</button>[39m
            [36m<span>[39m
              [0m1/100[0m
            [36m</span>[39m
            [36m<button[39m
              [33mclass[39m=[32m"btn btn-toolbar btn-primary btn-medium"[39m
            [36m>[39m
              [0mNext[0m
            [36m</button>[39m
          [36m</div>[39m
        [36m</footer>[39m
        [36m<div[39m
          [33mclass[39m=[32m"header"[39m
        [36m>[39m
          [36m<h1>[39m
            [0mprotobooth Development Interface[0m
          [36m</h1>[39m
          [36m<span[39m
            [33mclass[39m=[32m"badge status-development"[39m
          [36m>[39m
            [0mIn Development[0m
          [36m</span>[39m
        [36m</div>[39m
        [36m<div[39m
          [33mclass[39m=[32m"content"[39m
        [36m>[39m
          [36m<div[39m
            [33mclass[39m=[32m"error-card error-message"[39m
            [33mdata-testid[39m=[32m"general-error"[39m
          [36m>[39m
            [36m<div[39m
              [33mclass[39m=[32m"error-header"[39m
            [36m>[39m
              [36m<h4[39m
                [33mclass[39m=[32m"error-title"[39m
              [36m>[39m
                [0mError[0m
              [36m</h4>[39m
            [36m</div>[39m
            [36m<div[39m
              [33mclass[39m=[32m"error-body"[39m
            [36m>[39m
              [36m<p[39m
                [33mclass[39m=[32m"error-text"[39m
                [33mdata-testid[39m=[32m"general-error-message"[39m
              [36m>[39m
                [0mFailed to load workflow state[0m
              [36m</p>[39m
            [36m</div>[39m
          [36m</div>[39m
          [36m<div[39m
            [33mclass[39m=[32m"workflow-state"[39m
            [33mdata-testid[39m=[32m"workflow-in-development"[39m
          [36m>[39m
            [36m<h2[39m
              [33mdata-testid[39m=[32m"workflow-state-title"[39m
            [36m>[39m
              [0mIn Development[0m
            [36m</h2>[39m
            [36m<p>[39m
              [0mReady to request client review of your prototype.[0m
            [36m</p>[39m
            [36m<div[39m
              [33mclass[39m=[32m"error-card"[39m
              [33mdata-testid[39m=[32m"configuration-error"[39m
            [36m>[39m
              [36m<div[39m
                [33mclass[39m=[32m"error-header"[39m
              [36m>[39m
                [36m<h4[39m
                  [33mclass[39m=[32m"error-title"[39m
                [36m>[39m
                  [0mConfiguration Required[0m
                [36m</h4>[39m
              [36m</div>[39m
              [36m<div[39m
                [33mclass[39m=[32m"error-body"[39m
              [36m>[39m
                [36m<p[39m
                  [33mclass[39m=[32m"error-text"[39m
                  [33mdata-testid[39m=[32m"configuration-error-message"[39m
                [36m>[39m
                  [0mPlease configure fixtures before requesting review[0m
                [36m</p>[39m
                [36m<div[39m
                  [33mclass[39m=[32m"error-details"[39m
                [36m>[39m
                  [36m<ul[39m
                    [33mclass[39m=[32m"list-unstyled"[39m
                  [36m>[39m
                    [36m<li[39m
                      [33mclass[39m=[32m"list-item"[39m
                    [36m>[39m
                      [0mConfiguration not found - please configure protobooth plugin[0m
                    [36m</li>[39m
                  [36m</ul>[39m
                [36m</div>[39m
              [36m</div>[39m
            [36m</div>[39m
            [36m<div[39m
              [33mclass[39m=[32m"actions"[39m
            [36m>[39m
              [36m<button[39m
                [33mclass[39m=[32m"btn btn-primary btn-medium btn-primary"[39m
                [33mdata-testid[39m=[32m"request-review-button"[39m
                [33mdisabled[39m=[32m""[39m
              [36m>[39m
                [0mRequest Review[0m
              [36m</button>[39m
            [36m</div>[39m
          [36m</div>[39m
        [36m</div>[39m
      [36m</div>[39m
    [36m</div>[39m
  [36m</body>[39m
[36m</html>[39m
[90m [2m❯[22m Proxy.waitForWrapper node_modules/@testing-library/dom/dist/wait-for.js:[2m163:27[22m[39m
[36m [2m❯[22m tests/integration/resolve-app-workflow.test.tsx:[2m111:11[22m[39m
    [90m109| [39m    [35mawait[39m user[33m.[39m[34mclick[39m(requestReviewButton)[33m;[39m
    [90m110| [39m
    [90m111| [39m    [35mawait[39m [34mwaitFor[39m(() [33m=>[39m {
    [90m   | [39m          [31m^[39m
    [90m112| [39m      [34mexpect[39m(screen[33m.[39m[34mgetByTestId[39m([32m'workflow-reviews-requested'[39m))[33m.[39m[34mtoBeInT[39m…
    [90m113| [39m    })[33m;[39m

[31m[2m⎯⎯⎯⎯⎯⎯⎯⎯⎯⎯⎯⎯⎯⎯⎯⎯⎯⎯⎯⎯⎯⎯[13/14]⎯[22m[39m

[31m[1m[7m FAIL [27m[22m[39m tests/integration/resolve-app-workflow.test.tsx[2m > [22mResolveApp - Workflow State Transitions[2m > [22mshould persist workflow state to file when transitioning states
[31m[1mAssertionError[22m[39m: expected "spy" to be called at least once

Ignored nodes: comments, script, style
[36m<html>[39m
  [36m<head />[39m
  [36m<body>[39m
    [36m<div>[39m
      [36m<div[39m
        [33mclass[39m=[32m"layout resolve-app"[39m
        [33mdata-testid[39m=[32m"resolve-app"[39m
        [33mid[39m=[32m"protobooth-resolve"[39m
      [36m>[39m
        [36m<aside[39m
          [33mclass[39m=[32m"sidebar"[39m
          [33mid[39m=[32m"sidebar"[39m
        [36m>[39m
          [36m<section[39m
            [33mclass[39m=[32m"sidebar-section title"[39m
            [33mid[39m=[32m"title"[39m
          [36m>[39m
            [36m<h1>[39m
              [0mScreenshots[0m
            [36m</h1>[39m
          [36m</section>[39m
          [36m<section[39m
            [33mclass[39m=[32m"sidebar-section nav"[39m
            [33mid[39m=[32m"nav"[39m
          [36m>[39m
            [36m<div[39m
              [33mclass[39m=[32m"active sidebar-link screenshot-link"[39m
            [36m>[39m
              [0mScreenshot 1[0m
            [36m</div>[39m
            [36m<div[39m
              [33mclass[39m=[32m"sidebar-link screenshot-link"[39m
            [36m>[39m
              [0mScreenshot 2[0m
            [36m</div>[39m
            [36m<div[39m
              [33mclass[39m=[32m"sidebar-link screenshot-link"[39m
            [36m>[39m
              [0mScreenshot 3[0m
            [36m</div>[39m
          [36m</section>[39m
        [36m</aside>[39m
        [36m<footer[39m
          [33mclass[39m=[32m"toolbar-stack"[39m
          [33mid[39m=[32m"toolbarStack"[39m
        [36m>[39m
          [36m<div[39m
            [33mclass[39m=[32m"toolbar toolMenu flex justify-between"[39m
            [33mid[39m=[32m"toolMenu"[39m
          [36m>[39m
            [36m<section>[39m
              [36m<button[39m
                [33mclass[39m=[32m"btn btn-toolbar btn-primary btn-medium"[39m
              [36m>[39m
                [0m&[0m
              [36m</button>[39m
              [36m<button[39m
                [33mclass[39m=[32m"btn btn-toolbar btn-primary btn-medium"[39m
              [36m>[39m
                [0m&[0m
              [36m</button>[39m
              [36m<button[39m
                [33mclass[39m=[32m"btn btn-toolbar btn-primary btn-medium"[39m
              [36m>[39m
                [0m&[0m
              [36m</button>[39m
              [36m<button[39m
                [33mclass[39m=[32m"btn btn-toolbar btn-primary btn-medium"[39m
              [36m>[39m
                [0m&[0m
              [36m</button>[39m
            [36m</section>[39m
          [36m</div>[39m
          [36m<div[39m
            [33mclass[39m=[32m"toolbar navMenu flex justify-between"[39m
            [33mid[39m=[32m"navMenu"[39m
          [36m>[39m
            [36m<button[39m
              [33mclass[39m=[32m"btn btn-toolbar btn-primary btn-medium"[39m
            [36m>[39m
              [0mPrev[0m
            [36m</button>[39m
            [36m<span>[39m
              [0m1/100[0m
            [36m</span>[39m
            [36m<button[39m
              [33mclass[39m=[32m"btn btn-toolbar btn-primary btn-medium"[39m
            [36m>[39m
              [0mNext[0m
            [36m</button>[39m
          [36m</div>[39m
        [36m</footer>[39m
        [36m<div[39m
          [33mclass[39m=[32m"header"[39m
        [36m>[39m
          [36m<h1>[39m
            [0mprotobooth Development Interface[0m
          [36m</h1>[39m
          [36m<span[39m
            [33mclass[39m=[32m"badge status-development"[39m
          [36m>[39m
            [0mIn Development[0m
          [36m</span>[39m
        [36m</div>[39m
        [36m<div[39m
          [33mclass[39m=[32m"content"[39m
        [36m>[39m
          [36m<div[39m
            [33mclass[39m=[32m"error-card error-message"[39m
            [33mdata-testid[39m=[32m"general-error"[39m
          [36m>[39m
            [36m<div[39m
              [33mclass[39m=[32m"error-header"[39m
            [36m>[39m
              [36m<h4[39m
                [33mclass[39m=[32m"error-title"[39m
              [36m>[39m
                [0mError[0m
              [36m</h4>[39m
            [36m</div>[39m
            [36m<div[39m
              [33mclass[39m=[32m"error-body"[39m
            [36m>[39m
              [36m<p[39m
                [33mclass[39m=[32m"error-text"[39m
                [33mdata-testid[39m=[32m"general-error-message"[39m
              [36m>[39m
                [0mFailed to load workflow state[0m
              [36m</p>[39m
            [36m</div>[39m
          [36m</div>[39m
          [36m<div[39m
            [33mclass[39m=[32m"workflow-state"[39m
            [33mdata-testid[39m=[32m"workflow-in-development"[39m
          [36m>[39m
            [36m<h2[39m
              [33mdata-testid[39m=[32m"workflow-state-title"[39m
            [36m>[39m
              [0mIn Development[0m
            [36m</h2>[39m
            [36m<p>[39m
              [0mReady to request client review of your prototype.[0m
            [36m</p>[39m
            [36m<div[39m
              [33mclass[39m=[32m"error-card"[39m
              [33mdata-testid[39m=[32m"configuration-error"[39m
            [36m>[39m
              [36m<div[39m
                [33mclass[39m=[32m"error-header"[39m
              [36m>[39m
                [36m<h4[39m
                  [33mclass[39m=[32m"error-title"[39m
                [36m>[39m
                  [0mConfiguration Required[0m
                [36m</h4>[39m
              [36m</div>[39m
              [36m<div[39m
                [33mclass[39m=[32m"error-body"[39m
              [36m>[39m
                [36m<p[39m
                  [33mclass[39m=[32m"error-text"[39m
                  [33mdata-testid[39m=[32m"configuration-error-message"[39m
                [36m>[39m
                  [0mPlease configure fixtures before requesting review[0m
                [36m</p>[39m
                [36m<div[39m
                  [33mclass[39m=[32m"error-details"[39m
                [36m>[39m
                  [36m<ul[39m
                    [33mclass[39m=[32m"list-unstyled"[39m
                  [36m>[39m
                    [36m<li[39m
                      [33mclass[39m=[32m"list-item"[39m
                    [36m>[39m
                      [0mConfiguration not found - please configure protobooth plugin[0m
                    [36m</li>[39m
                  [36m</ul>[39m
                [36m</div>[39m
              [36m</div>[39m
            [36m</div>[39m
            [36m<div[39m
              [33mclass[39m=[32m"actions"[39m
            [36m>[39m
              [36m<button[39m
                [33mclass[39m=[32m"btn btn-primary btn-medium btn-primary"[39m
                [33mdata-testid[39m=[32m"request-review-button"[39m
                [33mdisabled[39m=[32m""[39m
              [36m>[39m
                [0mRequest Review[0m
              [36m</button>[39m
            [36m</div>[39m
          [36m</div>[39m
        [36m</div>[39m
      [36m</div>[39m
    [36m</div>[39m
  [36m</body>[39m
[36m</html>[39m
[36m [2m❯[22m tests/integration/resolve-app-workflow.test.tsx:[2m151:37[22m[39m
    [90m149| [39m
    [90m150| [39m    [35mawait[39m [34mwaitFor[39m(() [33m=>[39m {
    [90m151| [39m      [34mexpect[39m(mockFileOps[33m.[39mwriteFile)[33m.[39m[34mtoHaveBeenCalled[39m()[33m;[39m
    [90m   | [39m                                    [31m^[39m
    [90m152| [39m    })[33m;[39m
    [90m153| [39m
[90m [2m❯[22m runWithExpensiveErrorDiagnosticsDisabled node_modules/@testing-library/dom/dist/config.js:[2m47:12[22m[39m
[90m [2m❯[22m checkCallback node_modules/@testing-library/dom/dist/wait-for.js:[2m124:77[22m[39m
[90m [2m❯[22m Timeout.checkRealTimersCallback node_modules/@testing-library/dom/dist/wait-for.js:[2m118:16[22m[39m

[31m[2m⎯⎯⎯⎯⎯⎯⎯⎯⎯⎯⎯⎯⎯⎯⎯⎯⎯⎯⎯⎯⎯⎯[14/14]⎯[22m[39m

[2m Test Files [22m [1m[31m5 failed[39m[22m[2m | [22m[1m[32m21 passed[39m[22m[90m (26)[39m
[2m      Tests [22m [1m[31m14 failed[39m[22m[2m | [22m[1m[32m217 passed[39m[22m[90m (231)[39m
[2m   Start at [22m 13:01:43
[2m   Duration [22m 28.42s[2m (transform 11.12s, setup 15.88s, collect 36.04s, tests 55.26s, environment 88.57s, prepare 18.88s)[22m

